<?xml version="1.0"?>
<link_info>
   <banner>TMS320C55x Linker PC v4.4.1</banner>
   <copyright>Copyright (c) 1996-2012 Texas Instruments Incorporated</copyright>
   <link_time>0x6250253a</link_time>
   <output_file>P6_Bsc_guitar.out</output_file>
   <entry_point>
      <name>_c_int00</name>
      <address>0x3b7bb</address>
   </entry_point>
   <input_file_list>
      <input_file id="fl-2">
         <path>.\</path>
         <kind>object</kind>
         <file>main.obj</file>
         <name>main.obj</name>
      </input_file>
      <input_file id="fl-3">
         <path>.\src\</path>
         <kind>object</kind>
         <file>csl_audioClass.obj</file>
         <name>csl_audioClass.obj</name>
      </input_file>
      <input_file id="fl-4">
         <path>.\src\</path>
         <kind>object</kind>
         <file>csl_cdc.obj</file>
         <name>csl_cdc.obj</name>
      </input_file>
      <input_file id="fl-5">
         <path>.\src\</path>
         <kind>object</kind>
         <file>csl_dat.obj</file>
         <name>csl_dat.obj</name>
      </input_file>
      <input_file id="fl-6">
         <path>.\src\</path>
         <kind>object</kind>
         <file>csl_dma.obj</file>
         <name>csl_dma.obj</name>
      </input_file>
      <input_file id="fl-7">
         <path>.\src\</path>
         <kind>object</kind>
         <file>csl_gpio.obj</file>
         <name>csl_gpio.obj</name>
      </input_file>
      <input_file id="fl-8">
         <path>.\src\</path>
         <kind>object</kind>
         <file>csl_gpt.obj</file>
         <name>csl_gpt.obj</name>
      </input_file>
      <input_file id="fl-9">
         <path>.\src\</path>
         <kind>object</kind>
         <file>csl_i2c.obj</file>
         <name>csl_i2c.obj</name>
      </input_file>
      <input_file id="fl-a">
         <path>.\src\</path>
         <kind>object</kind>
         <file>csl_i2s.obj</file>
         <name>csl_i2s.obj</name>
      </input_file>
      <input_file id="fl-b">
         <path>.\src\</path>
         <kind>object</kind>
         <file>csl_intc.obj</file>
         <name>csl_intc.obj</name>
      </input_file>
      <input_file id="fl-c">
         <path>.\src\</path>
         <kind>object</kind>
         <file>csl_irqplug.obj</file>
         <name>csl_irqplug.obj</name>
      </input_file>
      <input_file id="fl-d">
         <path>.\src\</path>
         <kind>object</kind>
         <file>csl_lcdc.obj</file>
         <name>csl_lcdc.obj</name>
      </input_file>
      <input_file id="fl-e">
         <path>.\src\</path>
         <kind>object</kind>
         <file>csl_mem.obj</file>
         <name>csl_mem.obj</name>
      </input_file>
      <input_file id="fl-f">
         <path>.\src\</path>
         <kind>object</kind>
         <file>csl_mmcsd.obj</file>
         <name>csl_mmcsd.obj</name>
      </input_file>
      <input_file id="fl-10">
         <path>.\src\</path>
         <kind>object</kind>
         <file>csl_mmcsd_ataIf.obj</file>
         <name>csl_mmcsd_ataIf.obj</name>
      </input_file>
      <input_file id="fl-11">
         <path>.\src\</path>
         <kind>object</kind>
         <file>csl_msc.obj</file>
         <name>csl_msc.obj</name>
      </input_file>
      <input_file id="fl-12">
         <path>.\src\</path>
         <kind>object</kind>
         <file>csl_nand.obj</file>
         <name>csl_nand.obj</name>
      </input_file>
      <input_file id="fl-13">
         <path>.\src\</path>
         <kind>object</kind>
         <file>csl_pll.obj</file>
         <name>csl_pll.obj</name>
      </input_file>
      <input_file id="fl-14">
         <path>.\src\</path>
         <kind>object</kind>
         <file>csl_rtc.obj</file>
         <name>csl_rtc.obj</name>
      </input_file>
      <input_file id="fl-15">
         <path>.\src\</path>
         <kind>object</kind>
         <file>csl_sar.obj</file>
         <name>csl_sar.obj</name>
      </input_file>
      <input_file id="fl-16">
         <path>.\src\</path>
         <kind>object</kind>
         <file>csl_sdio.obj</file>
         <name>csl_sdio.obj</name>
      </input_file>
      <input_file id="fl-17">
         <path>.\src\</path>
         <kind>object</kind>
         <file>csl_spi.obj</file>
         <name>csl_spi.obj</name>
      </input_file>
      <input_file id="fl-18">
         <path>.\src\</path>
         <kind>object</kind>
         <file>csl_uart.obj</file>
         <name>csl_uart.obj</name>
      </input_file>
      <input_file id="fl-19">
         <path>.\src\</path>
         <kind>object</kind>
         <file>csl_usb.obj</file>
         <name>csl_usb.obj</name>
      </input_file>
      <input_file id="fl-1a">
         <path>.\src\</path>
         <kind>object</kind>
         <file>csl_wdt.obj</file>
         <name>csl_wdt.obj</name>
      </input_file>
      <input_file id="fl-1b">
         <path>.\src\</path>
         <kind>object</kind>
         <file>vectors.obj</file>
         <name>vectors.obj</name>
      </input_file>
      <input_file id="fl-20">
         <path>..\lib\</path>
         <kind>archive</kind>
         <file>ezdsp5535bsl.lib</file>
         <name>ezdsp5535.obj</name>
      </input_file>
      <input_file id="fl-21">
         <path>C:\ti\ccs1110\ccs\tools\compiler\c5500_4.4.1\lib\</path>
         <kind>archive</kind>
         <file>rts55x.lib</file>
         <name>boot.obj</name>
      </input_file>
      <input_file id="fl-22">
         <path>C:\ti\ccs1110\ccs\tools\compiler\c5500_4.4.1\lib\</path>
         <kind>archive</kind>
         <file>rts55x.lib</file>
         <name>divul.obj</name>
      </input_file>
      <input_file id="fl-23">
         <path>C:\ti\ccs1110\ccs\tools\compiler\c5500_4.4.1\lib\</path>
         <kind>archive</kind>
         <file>rts55x.lib</file>
         <name>exit.obj</name>
      </input_file>
      <input_file id="fl-24">
         <path>C:\ti\ccs1110\ccs\tools\compiler\c5500_4.4.1\lib\</path>
         <kind>archive</kind>
         <file>rts55x.lib</file>
         <name>lmpy.obj</name>
      </input_file>
      <input_file id="fl-25">
         <path>C:\ti\ccs1110\ccs\tools\compiler\c5500_4.4.1\lib\</path>
         <kind>archive</kind>
         <file>rts55x.lib</file>
         <name>printf.obj</name>
      </input_file>
      <input_file id="fl-26">
         <path>C:\ti\ccs1110\ccs\tools\compiler\c5500_4.4.1\lib\</path>
         <kind>archive</kind>
         <file>rts55x.lib</file>
         <name>remul.obj</name>
      </input_file>
      <input_file id="fl-27">
         <path>C:\ti\ccs1110\ccs\tools\compiler\c5500_4.4.1\lib\</path>
         <kind>archive</kind>
         <file>rts55x.lib</file>
         <name>strlen.obj</name>
      </input_file>
      <input_file id="fl-28">
         <path>C:\ti\ccs1110\ccs\tools\compiler\c5500_4.4.1\lib\</path>
         <kind>archive</kind>
         <file>rts55x.lib</file>
         <name>udiv.obj</name>
      </input_file>
      <input_file id="fl-29">
         <path>C:\ti\ccs1110\ccs\tools\compiler\c5500_4.4.1\lib\</path>
         <kind>archive</kind>
         <file>rts55x.lib</file>
         <name>vectors.obj</name>
      </input_file>
      <input_file id="fl-2a">
         <path>C:\ti\ccs1110\ccs\tools\compiler\c5500_4.4.1\lib\</path>
         <kind>archive</kind>
         <file>rts55x.lib</file>
         <name>_lock.obj</name>
      </input_file>
      <input_file id="fl-2b">
         <path>C:\ti\ccs1110\ccs\tools\compiler\c5500_4.4.1\lib\</path>
         <kind>archive</kind>
         <file>rts55x.lib</file>
         <name>_printfi.obj</name>
      </input_file>
      <input_file id="fl-2c">
         <path>C:\ti\ccs1110\ccs\tools\compiler\c5500_4.4.1\lib\</path>
         <kind>archive</kind>
         <file>rts55x.lib</file>
         <name>args_main.obj</name>
      </input_file>
      <input_file id="fl-2d">
         <path>C:\ti\ccs1110\ccs\tools\compiler\c5500_4.4.1\lib\</path>
         <kind>archive</kind>
         <file>rts55x.lib</file>
         <name>atoi.obj</name>
      </input_file>
      <input_file id="fl-2e">
         <path>C:\ti\ccs1110\ccs\tools\compiler\c5500_4.4.1\lib\</path>
         <kind>archive</kind>
         <file>rts55x.lib</file>
         <name>autoinit.obj</name>
      </input_file>
      <input_file id="fl-2f">
         <path>C:\ti\ccs1110\ccs\tools\compiler\c5500_4.4.1\lib\</path>
         <kind>archive</kind>
         <file>rts55x.lib</file>
         <name>cmpd.obj</name>
      </input_file>
      <input_file id="fl-30">
         <path>C:\ti\ccs1110\ccs\tools\compiler\c5500_4.4.1\lib\</path>
         <kind>archive</kind>
         <file>rts55x.lib</file>
         <name>ctype.obj</name>
      </input_file>
      <input_file id="fl-31">
         <path>C:\ti\ccs1110\ccs\tools\compiler\c5500_4.4.1\lib\</path>
         <kind>archive</kind>
         <file>rts55x.lib</file>
         <name>defs.obj</name>
      </input_file>
      <input_file id="fl-32">
         <path>C:\ti\ccs1110\ccs\tools\compiler\c5500_4.4.1\lib\</path>
         <kind>archive</kind>
         <file>rts55x.lib</file>
         <name>divd.obj</name>
      </input_file>
      <input_file id="fl-33">
         <path>C:\ti\ccs1110\ccs\tools\compiler\c5500_4.4.1\lib\</path>
         <kind>archive</kind>
         <file>rts55x.lib</file>
         <name>fixdi.obj</name>
      </input_file>
      <input_file id="fl-34">
         <path>C:\ti\ccs1110\ccs\tools\compiler\c5500_4.4.1\lib\</path>
         <kind>archive</kind>
         <file>rts55x.lib</file>
         <name>fixdli.obj</name>
      </input_file>
      <input_file id="fl-35">
         <path>C:\ti\ccs1110\ccs\tools\compiler\c5500_4.4.1\lib\</path>
         <kind>archive</kind>
         <file>rts55x.lib</file>
         <name>fltlid.obj</name>
      </input_file>
      <input_file id="fl-36">
         <path>C:\ti\ccs1110\ccs\tools\compiler\c5500_4.4.1\lib\</path>
         <kind>archive</kind>
         <file>rts55x.lib</file>
         <name>fputc.obj</name>
      </input_file>
      <input_file id="fl-37">
         <path>C:\ti\ccs1110\ccs\tools\compiler\c5500_4.4.1\lib\</path>
         <kind>archive</kind>
         <file>rts55x.lib</file>
         <name>fputs.obj</name>
      </input_file>
      <input_file id="fl-38">
         <path>C:\ti\ccs1110\ccs\tools\compiler\c5500_4.4.1\lib\</path>
         <kind>archive</kind>
         <file>rts55x.lib</file>
         <name>frcmpyd_div.obj</name>
      </input_file>
      <input_file id="fl-39">
         <path>C:\ti\ccs1110\ccs\tools\compiler\c5500_4.4.1\lib\</path>
         <kind>archive</kind>
         <file>rts55x.lib</file>
         <name>isinf.obj</name>
      </input_file>
      <input_file id="fl-3a">
         <path>C:\ti\ccs1110\ccs\tools\compiler\c5500_4.4.1\lib\</path>
         <kind>archive</kind>
         <file>rts55x.lib</file>
         <name>llmpy.obj</name>
      </input_file>
      <input_file id="fl-3b">
         <path>C:\ti\ccs1110\ccs\tools\compiler\c5500_4.4.1\lib\</path>
         <kind>archive</kind>
         <file>rts55x.lib</file>
         <name>lowlev.obj</name>
      </input_file>
      <input_file id="fl-3c">
         <path>C:\ti\ccs1110\ccs\tools\compiler\c5500_4.4.1\lib\</path>
         <kind>archive</kind>
         <file>rts55x.lib</file>
         <name>ltoa.obj</name>
      </input_file>
      <input_file id="fl-3d">
         <path>C:\ti\ccs1110\ccs\tools\compiler\c5500_4.4.1\lib\</path>
         <kind>archive</kind>
         <file>rts55x.lib</file>
         <name>memccpy.obj</name>
      </input_file>
      <input_file id="fl-3e">
         <path>C:\ti\ccs1110\ccs\tools\compiler\c5500_4.4.1\lib\</path>
         <kind>archive</kind>
         <file>rts55x.lib</file>
         <name>memcpy.obj</name>
      </input_file>
      <input_file id="fl-3f">
         <path>C:\ti\ccs1110\ccs\tools\compiler\c5500_4.4.1\lib\</path>
         <kind>archive</kind>
         <file>rts55x.lib</file>
         <name>mpyd.obj</name>
      </input_file>
      <input_file id="fl-40">
         <path>C:\ti\ccs1110\ccs\tools\compiler\c5500_4.4.1\lib\</path>
         <kind>archive</kind>
         <file>rts55x.lib</file>
         <name>negd.obj</name>
      </input_file>
      <input_file id="fl-41">
         <path>C:\ti\ccs1110\ccs\tools\compiler\c5500_4.4.1\lib\</path>
         <kind>archive</kind>
         <file>rts55x.lib</file>
         <name>remli.obj</name>
      </input_file>
      <input_file id="fl-42">
         <path>C:\ti\ccs1110\ccs\tools\compiler\c5500_4.4.1\lib\</path>
         <kind>archive</kind>
         <file>rts55x.lib</file>
         <name>subd.obj</name>
      </input_file>
      <input_file id="fl-43">
         <path>C:\ti\ccs1110\ccs\tools\compiler\c5500_4.4.1\lib\</path>
         <kind>archive</kind>
         <file>rts55x.lib</file>
         <name>trgdrv.obj</name>
      </input_file>
      <input_file id="fl-44">
         <path>C:\ti\ccs1110\ccs\tools\compiler\c5500_4.4.1\lib\</path>
         <kind>archive</kind>
         <file>rts55x.lib</file>
         <name>trgmsg.obj</name>
      </input_file>
      <input_file id="fl-45">
         <path>C:\ti\ccs1110\ccs\tools\compiler\c5500_4.4.1\lib\</path>
         <kind>archive</kind>
         <file>rts55x.lib</file>
         <name>_io_perm.obj</name>
      </input_file>
      <input_file id="fl-46">
         <path>C:\ti\ccs1110\ccs\tools\compiler\c5500_4.4.1\lib\</path>
         <kind>archive</kind>
         <file>rts55x.lib</file>
         <name>addd.obj</name>
      </input_file>
      <input_file id="fl-47">
         <path>C:\ti\ccs1110\ccs\tools\compiler\c5500_4.4.1\lib\</path>
         <kind>archive</kind>
         <file>rts55x.lib</file>
         <name>divli.obj</name>
      </input_file>
      <input_file id="fl-48">
         <path>C:\ti\ccs1110\ccs\tools\compiler\c5500_4.4.1\lib\</path>
         <kind>archive</kind>
         <file>rts55x.lib</file>
         <name>fflush.obj</name>
      </input_file>
      <input_file id="fl-49">
         <path>C:\ti\ccs1110\ccs\tools\compiler\c5500_4.4.1\lib\</path>
         <kind>archive</kind>
         <file>rts55x.lib</file>
         <name>frcmpyd.obj</name>
      </input_file>
      <input_file id="fl-4a">
         <path>C:\ti\ccs1110\ccs\tools\compiler\c5500_4.4.1\lib\</path>
         <kind>archive</kind>
         <file>rts55x.lib</file>
         <name>fseek.obj</name>
      </input_file>
      <input_file id="fl-4b">
         <path>C:\ti\ccs1110\ccs\tools\compiler\c5500_4.4.1\lib\</path>
         <kind>archive</kind>
         <file>rts55x.lib</file>
         <name>setvbuf.obj</name>
      </input_file>
      <input_file id="fl-4c">
         <path>C:\ti\ccs1110\ccs\tools\compiler\c5500_4.4.1\lib\</path>
         <kind>archive</kind>
         <file>rts55x.lib</file>
         <name>fopen.obj</name>
      </input_file>
      <input_file id="fl-4d">
         <path>C:\ti\ccs1110\ccs\tools\compiler\c5500_4.4.1\lib\</path>
         <kind>archive</kind>
         <file>rts55x.lib</file>
         <name>memory.obj</name>
      </input_file>
      <input_file id="fl-4e">
         <path>C:\ti\ccs1110\ccs\tools\compiler\c5500_4.4.1\lib\</path>
         <kind>archive</kind>
         <file>rts55x.lib</file>
         <name>fclose.obj</name>
      </input_file>
      <input_file id="fl-4f">
         <path>C:\ti\ccs1110\ccs\tools\compiler\c5500_4.4.1\lib\</path>
         <kind>archive</kind>
         <file>rts55x.lib</file>
         <name>remove.obj</name>
      </input_file>
   </input_file_list>
   <object_component_list>
      <object_component id="oc-58">
         <name>.text</name>
         <load_address>0x20000</load_address>
         <run_address>0x20000</run_address>
         <size>0x4408</size>
         <input_file_ref idref="fl-f"/>
      </object_component>
      <object_component id="oc-64">
         <name>.text</name>
         <load_address>0x24408</load_address>
         <run_address>0x24408</run_address>
         <size>0x2b24</size>
         <input_file_ref idref="fl-11"/>
      </object_component>
      <object_component id="oc-7d">
         <name>.text</name>
         <load_address>0x26f2c</load_address>
         <run_address>0x26f2c</run_address>
         <size>0x29ff</size>
         <input_file_ref idref="fl-16"/>
      </object_component>
      <object_component id="oc-8d">
         <name>.text</name>
         <load_address>0x2992b</load_address>
         <run_address>0x2992b</run_address>
         <size>0x2198</size>
         <input_file_ref idref="fl-19"/>
      </object_component>
      <object_component id="oc-28">
         <name>.text</name>
         <load_address>0x2bac3</load_address>
         <run_address>0x2bac3</run_address>
         <size>0x18a0</size>
         <input_file_ref idref="fl-6"/>
      </object_component>
      <object_component id="oc-cf">
         <name>.text</name>
         <load_address>0x2d363</load_address>
         <run_address>0x2d363</run_address>
         <size>0x15a4</size>
         <input_file_ref idref="fl-2b"/>
      </object_component>
      <object_component id="oc-69">
         <name>.text</name>
         <load_address>0x2e907</load_address>
         <run_address>0x2e907</run_address>
         <size>0x11ce</size>
         <input_file_ref idref="fl-12"/>
      </object_component>
      <object_component id="oc-88">
         <name>.text</name>
         <load_address>0x2fad5</load_address>
         <run_address>0x2fad5</run_address>
         <size>0x10e1</size>
         <input_file_ref idref="fl-18"/>
      </object_component>
      <object_component id="oc-23">
         <name>.text</name>
         <load_address>0x30bb6</load_address>
         <run_address>0x30bb6</run_address>
         <size>0xdbe</size>
         <input_file_ref idref="fl-5"/>
      </object_component>
      <object_component id="oc-18">
         <name>.text</name>
         <load_address>0x31974</load_address>
         <run_address>0x31974</run_address>
         <size>0xd62</size>
         <input_file_ref idref="fl-3"/>
      </object_component>
      <object_component id="oc-1d">
         <name>.text</name>
         <load_address>0x326d6</load_address>
         <run_address>0x326d6</run_address>
         <size>0xc59</size>
         <input_file_ref idref="fl-4"/>
      </object_component>
      <object_component id="oc-37">
         <name>.text</name>
         <load_address>0x3332f</load_address>
         <run_address>0x3332f</run_address>
         <size>0xc3c</size>
         <input_file_ref idref="fl-9"/>
      </object_component>
      <object_component id="oc-5d">
         <name>.text</name>
         <load_address>0x33f6b</load_address>
         <run_address>0x33f6b</run_address>
         <size>0xb26</size>
         <input_file_ref idref="fl-10"/>
      </object_component>
      <object_component id="oc-78">
         <name>.text</name>
         <load_address>0x34a91</load_address>
         <run_address>0x34a91</run_address>
         <size>0xb18</size>
         <input_file_ref idref="fl-15"/>
      </object_component>
      <object_component id="oc-3d">
         <name>.text</name>
         <load_address>0x355a9</load_address>
         <run_address>0x355a9</run_address>
         <size>0x9db</size>
         <input_file_ref idref="fl-a"/>
      </object_component>
      <object_component id="oc-73">
         <name>.text</name>
         <load_address>0x35f84</load_address>
         <run_address>0x35f84</run_address>
         <size>0x895</size>
         <input_file_ref idref="fl-14"/>
      </object_component>
      <object_component id="oc-4e">
         <name>.text</name>
         <load_address>0x36819</load_address>
         <run_address>0x36819</run_address>
         <size>0x831</size>
         <input_file_ref idref="fl-d"/>
      </object_component>
      <object_component id="oc-2d">
         <name>.text</name>
         <load_address>0x3704a</load_address>
         <run_address>0x3704a</run_address>
         <size>0x68d</size>
         <input_file_ref idref="fl-7"/>
      </object_component>
      <object_component id="oc-82">
         <name>.text</name>
         <load_address>0x376d7</load_address>
         <run_address>0x376d7</run_address>
         <size>0x5b4</size>
         <input_file_ref idref="fl-17"/>
      </object_component>
      <object_component id="oc-111">
         <name>.text</name>
         <load_address>0x37c8b</load_address>
         <run_address>0x37c8b</run_address>
         <size>0x543</size>
         <input_file_ref idref="fl-3b"/>
      </object_component>
      <object_component id="oc-133">
         <name>.text</name>
         <load_address>0x381ce</load_address>
         <run_address>0x381ce</run_address>
         <size>0x528</size>
         <input_file_ref idref="fl-43"/>
      </object_component>
      <object_component id="oc-44">
         <name>.text</name>
         <load_address>0x386f6</load_address>
         <run_address>0x386f6</run_address>
         <size>0x51f</size>
         <input_file_ref idref="fl-b"/>
      </object_component>
      <object_component id="oc-160">
         <name>.text</name>
         <load_address>0x38c15</load_address>
         <run_address>0x38c15</run_address>
         <size>0x4b5</size>
         <input_file_ref idref="fl-4d"/>
      </object_component>
      <object_component id="oc-eb">
         <name>.text</name>
         <load_address>0x390ca</load_address>
         <run_address>0x390ca</run_address>
         <size>0x3cc</size>
         <input_file_ref idref="fl-32"/>
      </object_component>
      <object_component id="oc-53">
         <name>.text</name>
         <load_address>0x39496</load_address>
         <run_address>0x39496</run_address>
         <size>0x33e</size>
         <input_file_ref idref="fl-e"/>
      </object_component>
      <object_component id="oc-32">
         <name>.text</name>
         <load_address>0x397d4</load_address>
         <run_address>0x397d4</run_address>
         <size>0x2eb</size>
         <input_file_ref idref="fl-8"/>
      </object_component>
      <object_component id="oc-6e">
         <name>.text</name>
         <load_address>0x39abf</load_address>
         <run_address>0x39abf</run_address>
         <size>0x2a8</size>
         <input_file_ref idref="fl-13"/>
      </object_component>
      <object_component id="oc-15a">
         <name>.text</name>
         <load_address>0x39d67</load_address>
         <run_address>0x39d67</run_address>
         <size>0x27f</size>
         <input_file_ref idref="fl-4c"/>
      </object_component>
      <object_component id="oc-10d">
         <name>.text</name>
         <load_address>0x39fe6</load_address>
         <run_address>0x39fe6</run_address>
         <size>0x25e</size>
         <input_file_ref idref="fl-3a"/>
      </object_component>
      <object_component id="oc-93">
         <name>.text</name>
         <load_address>0x3a244</load_address>
         <run_address>0x3a244</run_address>
         <size>0x25c</size>
         <input_file_ref idref="fl-1a"/>
      </object_component>
      <object_component id="oc-142">
         <name>.text</name>
         <load_address>0x3a4a0</load_address>
         <run_address>0x3a4a0</run_address>
         <size>0x25a</size>
         <input_file_ref idref="fl-46"/>
      </object_component>
      <object_component id="oc-e1">
         <name>.text</name>
         <load_address>0x3a6fa</load_address>
         <run_address>0x3a6fa</run_address>
         <size>0x1ea</size>
         <input_file_ref idref="fl-2f"/>
      </object_component>
      <object_component id="oc-100">
         <name>.text</name>
         <load_address>0x3a8e4</load_address>
         <run_address>0x3a8e4</run_address>
         <size>0x163</size>
         <input_file_ref idref="fl-37"/>
      </object_component>
      <object_component id="oc-123">
         <name>.text</name>
         <load_address>0x3aa47</load_address>
         <run_address>0x3aa47</run_address>
         <size>0x14c</size>
         <input_file_ref idref="fl-3f"/>
      </object_component>
      <object_component id="oc-156">
         <name>.text</name>
         <load_address>0x3ab93</load_address>
         <run_address>0x3ab93</run_address>
         <size>0xe6</size>
         <input_file_ref idref="fl-4b"/>
      </object_component>
      <object_component id="oc-13e">
         <name>.text</name>
         <load_address>0x3ac79</load_address>
         <run_address>0x3ac79</run_address>
         <size>0xdd</size>
         <input_file_ref idref="fl-45"/>
      </object_component>
      <object_component id="oc-14a">
         <name>.text</name>
         <load_address>0x3ad56</load_address>
         <run_address>0x3ad56</run_address>
         <size>0xc2</size>
         <input_file_ref idref="fl-48"/>
      </object_component>
      <object_component id="oc-13b">
         <name>.text:CIO_breakpoint</name>
         <load_address>0x3ae18</load_address>
         <run_address>0x3ae18</run_address>
         <size>0xba</size>
         <input_file_ref idref="fl-44"/>
      </object_component>
      <object_component id="oc-fc">
         <name>.text</name>
         <load_address>0x3aed2</load_address>
         <run_address>0x3aed2</run_address>
         <size>0xa6</size>
         <input_file_ref idref="fl-36"/>
      </object_component>
      <object_component id="oc-a6">
         <name>.text</name>
         <load_address>0x3af78</load_address>
         <run_address>0x3af78</run_address>
         <size>0xa1</size>
         <input_file_ref idref="fl-22"/>
      </object_component>
      <object_component id="oc-4a">
         <name>.text</name>
         <load_address>0x3b019</load_address>
         <run_address>0x3b019</run_address>
         <size>0x8c</size>
         <input_file_ref idref="fl-c"/>
      </object_component>
      <object_component id="oc-117">
         <name>.text</name>
         <load_address>0x3b0a5</load_address>
         <run_address>0x3b0a5</run_address>
         <size>0x7d</size>
         <input_file_ref idref="fl-3c"/>
      </object_component>
      <object_component id="oc-167">
         <name>.text</name>
         <load_address>0x3b122</load_address>
         <run_address>0x3b122</run_address>
         <size>0x7b</size>
         <input_file_ref idref="fl-4e"/>
      </object_component>
      <object_component id="oc-14e">
         <name>.text</name>
         <load_address>0x3b19d</load_address>
         <run_address>0x3b19d</run_address>
         <size>0x76</size>
         <input_file_ref idref="fl-49"/>
      </object_component>
      <object_component id="oc-105">
         <name>.text</name>
         <load_address>0x3b213</load_address>
         <run_address>0x3b213</run_address>
         <size>0x73</size>
         <input_file_ref idref="fl-38"/>
      </object_component>
      <object_component id="oc-b9">
         <name>.text</name>
         <load_address>0x3b286</load_address>
         <run_address>0x3b286</run_address>
         <size>0x72</size>
         <input_file_ref idref="fl-26"/>
      </object_component>
      <object_component id="oc-f3">
         <name>.text</name>
         <load_address>0x3b2f8</load_address>
         <run_address>0x3b2f8</run_address>
         <size>0x6f</size>
         <input_file_ref idref="fl-34"/>
      </object_component>
      <object_component id="oc-138">
         <name>.text</name>
         <load_address>0x3b367</load_address>
         <run_address>0x3b367</run_address>
         <size>0x6d</size>
         <input_file_ref idref="fl-44"/>
      </object_component>
      <object_component id="oc-98">
         <name>.text</name>
         <load_address>0x3b3d4</load_address>
         <run_address>0x3b3d4</run_address>
         <size>0x6d</size>
         <input_file_ref idref="fl-1b"/>
      </object_component>
      <object_component id="oc-152">
         <name>.text</name>
         <load_address>0x3b441</load_address>
         <run_address>0x3b441</run_address>
         <size>0x6b</size>
         <input_file_ref idref="fl-4a"/>
      </object_component>
      <object_component id="oc-f7">
         <name>.text</name>
         <load_address>0x3b4ac</load_address>
         <run_address>0x3b4ac</run_address>
         <size>0x67</size>
         <input_file_ref idref="fl-35"/>
      </object_component>
      <object_component id="oc-d9">
         <name>.text</name>
         <load_address>0x3b513</load_address>
         <run_address>0x3b513</run_address>
         <size>0x5c</size>
         <input_file_ref idref="fl-2d"/>
      </object_component>
      <object_component id="oc-9d">
         <name>.text</name>
         <load_address>0x3b56f</load_address>
         <run_address>0x3b56f</run_address>
         <size>0x54</size>
         <input_file_ref idref="fl-20"/>
      </object_component>
      <object_component id="oc-b5">
         <name>.text</name>
         <load_address>0x3b5c3</load_address>
         <run_address>0x3b5c3</run_address>
         <size>0x50</size>
         <input_file_ref idref="fl-25"/>
      </object_component>
      <object_component id="oc-dd">
         <name>.text</name>
         <load_address>0x3b613</load_address>
         <run_address>0x3b613</run_address>
         <size>0x4d</size>
         <input_file_ref idref="fl-2e"/>
      </object_component>
      <object_component id="oc-d5">
         <name>.text</name>
         <load_address>0x3b660</load_address>
         <run_address>0x3b660</run_address>
         <size>0x4b</size>
         <input_file_ref idref="fl-2c"/>
      </object_component>
      <object_component id="oc-12b">
         <name>.text</name>
         <load_address>0x3b6ab</load_address>
         <run_address>0x3b6ab</run_address>
         <size>0x4b</size>
         <input_file_ref idref="fl-41"/>
      </object_component>
      <object_component id="oc-146">
         <name>.text</name>
         <load_address>0x3b6f6</load_address>
         <run_address>0x3b6f6</run_address>
         <size>0x48</size>
         <input_file_ref idref="fl-47"/>
      </object_component>
      <object_component id="oc-11f">
         <name>.text</name>
         <load_address>0x3b73e</load_address>
         <run_address>0x3b73e</run_address>
         <size>0x3f</size>
         <input_file_ref idref="fl-3e"/>
      </object_component>
      <object_component id="oc-aa">
         <name>.text</name>
         <load_address>0x3b77d</load_address>
         <run_address>0x3b77d</run_address>
         <size>0x3e</size>
         <input_file_ref idref="fl-23"/>
      </object_component>
      <object_component id="oc-10">
         <name>.text</name>
         <load_address>0x3b7bb</load_address>
         <run_address>0x3b7bb</run_address>
         <size>0x34</size>
         <input_file_ref idref="fl-21"/>
      </object_component>
      <object_component id="oc-ef">
         <name>.text</name>
         <load_address>0x3b7ef</load_address>
         <run_address>0x3b7ef</run_address>
         <size>0x2a</size>
         <input_file_ref idref="fl-33"/>
      </object_component>
      <object_component id="oc-c1">
         <name>.text</name>
         <load_address>0x3b819</load_address>
         <run_address>0x3b819</run_address>
         <size>0x2a</size>
         <input_file_ref idref="fl-28"/>
      </object_component>
      <object_component id="oc-11b">
         <name>.text</name>
         <load_address>0x3b843</load_address>
         <run_address>0x3b843</run_address>
         <size>0x23</size>
         <input_file_ref idref="fl-3d"/>
      </object_component>
      <object_component id="oc-109">
         <name>.text</name>
         <load_address>0x3b866</load_address>
         <run_address>0x3b866</run_address>
         <size>0x1a</size>
         <input_file_ref idref="fl-39"/>
      </object_component>
      <object_component id="oc-12">
         <name>.text</name>
         <load_address>0x3b880</load_address>
         <run_address>0x3b880</run_address>
         <size>0x19</size>
         <input_file_ref idref="fl-2"/>
      </object_component>
      <object_component id="oc-12f">
         <name>.text</name>
         <load_address>0x3b899</load_address>
         <run_address>0x3b899</run_address>
         <size>0x14</size>
         <input_file_ref idref="fl-42"/>
      </object_component>
      <object_component id="oc-b1">
         <name>.text</name>
         <load_address>0x3b8ad</load_address>
         <run_address>0x3b8ad</run_address>
         <size>0x13</size>
         <input_file_ref idref="fl-24"/>
      </object_component>
      <object_component id="oc-c9">
         <name>.text</name>
         <load_address>0x3b8c0</load_address>
         <run_address>0x3b8c0</run_address>
         <size>0x12</size>
         <input_file_ref idref="fl-2a"/>
      </object_component>
      <object_component id="oc-bd">
         <name>.text</name>
         <load_address>0x3b8d2</load_address>
         <run_address>0x3b8d2</run_address>
         <size>0x11</size>
         <input_file_ref idref="fl-27"/>
      </object_component>
      <object_component id="oc-127">
         <name>.text</name>
         <load_address>0x3b8e3</load_address>
         <run_address>0x3b8e3</run_address>
         <size>0x10</size>
         <input_file_ref idref="fl-40"/>
      </object_component>
      <object_component id="oc-16b">
         <name>.text</name>
         <load_address>0x3b8f3</load_address>
         <run_address>0x3b8f3</run_address>
         <size>0xa</size>
         <input_file_ref idref="fl-4f"/>
      </object_component>
      <object_component id="oc-ae">
         <name>.text:CIO_breakpoint</name>
         <load_address>0x3b8fd</load_address>
         <run_address>0x3b8fd</run_address>
         <size>0x7</size>
         <input_file_ref idref="fl-23"/>
      </object_component>
      <object_component id="oc-c5">
         <name>.text</name>
         <load_address>0x3b904</load_address>
         <run_address>0x3b904</run_address>
         <size>0x2</size>
         <input_file_ref idref="fl-29"/>
      </object_component>
      <object_component id="oc-a2">
         <name>.stack</name>
         <uninitialized>true</uninitialized>
         <run_address>0xc0</run_address>
         <size>0x0</size>
         <input_file_ref idref="fl-21"/>
      </object_component>
      <object_component id="oc-190">
         <name>.stack</name>
         <uninitialized>true</uninitialized>
         <run_address>0xc0</run_address>
         <size>0x0</size>
      </object_component>
      <object_component id="oc-16f">
         <name>.sysstack</name>
         <uninitialized>true</uninitialized>
         <run_address>0x20c0</run_address>
         <size>0x0</size>
         <input_file_ref idref="fl-21"/>
      </object_component>
      <object_component id="oc-192">
         <name>.sysstack</name>
         <uninitialized>true</uninitialized>
         <run_address>0x20c0</run_address>
         <size>0x0</size>
      </object_component>
      <object_component id="oc-5e">
         <name>.bss</name>
         <uninitialized>true</uninitialized>
         <run_address>0x50c0</run_address>
         <size>0xa1a</size>
         <input_file_ref idref="fl-10"/>
      </object_component>
      <object_component id="oc-15b">
         <name>.bss</name>
         <uninitialized>true</uninitialized>
         <run_address>0x5ada</run_address>
         <size>0x2</size>
         <input_file_ref idref="fl-4c"/>
      </object_component>
      <object_component id="oc-8e">
         <name>.bss</name>
         <uninitialized>true</uninitialized>
         <run_address>0x5adc</run_address>
         <size>0x37c</size>
         <input_file_ref idref="fl-19"/>
      </object_component>
      <object_component id="oc-e7">
         <name>.bss</name>
         <uninitialized>true</uninitialized>
         <run_address>0x5e58</run_address>
         <size>0x232</size>
         <input_file_ref idref="fl-31"/>
      </object_component>
      <object_component id="oc-134">
         <name>.bss</name>
         <uninitialized>true</uninitialized>
         <run_address>0x608a</run_address>
         <size>0x1a0</size>
         <input_file_ref idref="fl-43"/>
      </object_component>
      <object_component id="oc-45">
         <name>.bss</name>
         <uninitialized>true</uninitialized>
         <run_address>0x622c</run_address>
         <size>0x108</size>
         <input_file_ref idref="fl-b"/>
      </object_component>
      <object_component id="oc-112">
         <name>.bss</name>
         <uninitialized>true</uninitialized>
         <run_address>0x6334</run_address>
         <size>0xe2</size>
         <input_file_ref idref="fl-3b"/>
      </object_component>
      <object_component id="oc-3e">
         <name>.bss</name>
         <uninitialized>true</uninitialized>
         <run_address>0x6416</run_address>
         <size>0x54</size>
         <input_file_ref idref="fl-a"/>
      </object_component>
      <object_component id="oc-38">
         <name>.bss</name>
         <uninitialized>true</uninitialized>
         <run_address>0x646c</run_address>
         <size>0x24</size>
         <input_file_ref idref="fl-9"/>
      </object_component>
      <object_component id="oc-161">
         <name>.bss</name>
         <uninitialized>true</uninitialized>
         <run_address>0x6490</run_address>
         <size>0xc</size>
         <input_file_ref idref="fl-4d"/>
      </object_component>
      <object_component id="oc-ca">
         <name>.bss</name>
         <uninitialized>true</uninitialized>
         <run_address>0x649c</run_address>
         <size>0x8</size>
         <input_file_ref idref="fl-2a"/>
      </object_component>
      <object_component id="oc-ab">
         <name>.bss</name>
         <uninitialized>true</uninitialized>
         <run_address>0x64a4</run_address>
         <size>0x8</size>
         <input_file_ref idref="fl-23"/>
      </object_component>
      <object_component id="oc-83">
         <name>.bss</name>
         <uninitialized>true</uninitialized>
         <run_address>0x64ac</run_address>
         <size>0x6</size>
         <input_file_ref idref="fl-17"/>
      </object_component>
      <object_component id="oc-177">
         <name>.const:__ctypes_</name>
         <load_address>0x64b4</load_address>
         <run_address>0x64b4</run_address>
         <size>0x202</size>
         <input_file_ref idref="fl-30"/>
      </object_component>
      <object_component id="oc-1f">
         <name>.const:.string</name>
         <load_address>0x66b8</load_address>
         <run_address>0x66b8</run_address>
         <size>0x102</size>
         <input_file_ref idref="fl-4"/>
      </object_component>
      <object_component id="oc-d2">
         <name>.const:.string</name>
         <load_address>0x67bc</load_address>
         <run_address>0x67bc</run_address>
         <size>0x48</size>
         <input_file_ref idref="fl-2b"/>
      </object_component>
      <object_component id="oc-14">
         <name>.const:.string</name>
         <load_address>0x6804</load_address>
         <run_address>0x6804</run_address>
         <size>0x24</size>
         <input_file_ref idref="fl-2"/>
      </object_component>
      <object_component id="oc-d1">
         <name>.const</name>
         <load_address>0x6828</load_address>
         <run_address>0x6828</run_address>
         <size>0x18</size>
         <input_file_ref idref="fl-2b"/>
      </object_component>
      <object_component id="oc-178">
         <name>.const:_initial_approx$1</name>
         <load_address>0x6840</load_address>
         <run_address>0x6840</run_address>
         <size>0x10</size>
         <input_file_ref idref="fl-32"/>
      </object_component>
      <object_component id="oc-102">
         <name>.const:.string</name>
         <load_address>0x6850</load_address>
         <run_address>0x6850</run_address>
         <size>0x4</size>
         <input_file_ref idref="fl-37"/>
      </object_component>
      <object_component id="oc-f9">
         <name>.const</name>
         <load_address>0x6854</load_address>
         <run_address>0x6854</run_address>
         <size>0x4</size>
         <input_file_ref idref="fl-35"/>
      </object_component>
      <object_component id="oc-164">
         <name>.sysmem</name>
         <uninitialized>true</uninitialized>
         <run_address>0x30c0</run_address>
         <size>0x0</size>
         <input_file_ref idref="fl-4d"/>
      </object_component>
      <object_component id="oc-191">
         <name>.sysmem</name>
         <uninitialized>true</uninitialized>
         <run_address>0x30c0</run_address>
         <size>0x0</size>
      </object_component>
      <object_component id="oc-175">
         <name>.switch:_SDIO_eventDisable</name>
         <load_address>0x40240</load_address>
         <run_address>0x40240</run_address>
         <size>0x44</size>
         <input_file_ref idref="fl-16"/>
      </object_component>
      <object_component id="oc-174">
         <name>.switch:_SDIO_eventEnable</name>
         <load_address>0x40284</load_address>
         <run_address>0x40284</run_address>
         <size>0x44</size>
         <input_file_ref idref="fl-16"/>
      </object_component>
      <object_component id="oc-170">
         <name>.switch:_DMA_config</name>
         <load_address>0x402c8</load_address>
         <run_address>0x402c8</run_address>
         <size>0x40</size>
         <input_file_ref idref="fl-6"/>
      </object_component>
      <object_component id="oc-171">
         <name>.switch:_DMA_getConfig</name>
         <load_address>0x40308</load_address>
         <run_address>0x40308</run_address>
         <size>0x40</size>
         <input_file_ref idref="fl-6"/>
      </object_component>
      <object_component id="oc-172">
         <name>.switch:_DMA_reset</name>
         <load_address>0x40348</load_address>
         <run_address>0x40348</run_address>
         <size>0x40</size>
         <input_file_ref idref="fl-6"/>
      </object_component>
      <object_component id="oc-176">
         <name>.switch:_USB_coreEventProcessEp0</name>
         <load_address>0x40388</load_address>
         <run_address>0x40388</run_address>
         <size>0x30</size>
         <input_file_ref idref="fl-19"/>
      </object_component>
      <object_component id="oc-173">
         <name>.switch:_MSC_Bulk</name>
         <load_address>0x403b8</load_address>
         <run_address>0x403b8</run_address>
         <size>0x20</size>
         <input_file_ref idref="fl-11"/>
      </object_component>
      <object_component id="oc-114">
         <name>.cinit</name>
         <load_address>0x403d8</load_address>
         <run_address>0x403d8</run_address>
         <size>0x5a</size>
         <input_file_ref idref="fl-3b"/>
      </object_component>
      <object_component id="oc-e9">
         <name>.cinit</name>
         <load_address>0x40432</load_address>
         <run_address>0x40432</run_address>
         <size>0x54</size>
         <input_file_ref idref="fl-31"/>
      </object_component>
      <object_component id="oc-60">
         <name>.cinit</name>
         <load_address>0x40486</load_address>
         <run_address>0x40486</run_address>
         <size>0x2a</size>
         <input_file_ref idref="fl-10"/>
      </object_component>
      <object_component id="oc-cc">
         <name>.cinit</name>
         <load_address>0x404b0</load_address>
         <run_address>0x404b0</run_address>
         <size>0x14</size>
         <input_file_ref idref="fl-2a"/>
      </object_component>
      <object_component id="oc-ad">
         <name>.cinit</name>
         <load_address>0x404c4</load_address>
         <run_address>0x404c4</run_address>
         <size>0x14</size>
         <input_file_ref idref="fl-23"/>
      </object_component>
      <object_component id="oc-40">
         <name>.cinit</name>
         <load_address>0x404d8</load_address>
         <run_address>0x404d8</run_address>
         <size>0x10</size>
         <input_file_ref idref="fl-a"/>
      </object_component>
      <object_component id="oc-15d">
         <name>.cinit</name>
         <load_address>0x404e8</load_address>
         <run_address>0x404e8</run_address>
         <size>0x8</size>
         <input_file_ref idref="fl-4c"/>
      </object_component>
      <object_component id="oc-163">
         <name>.cinit</name>
         <load_address>0x404f0</load_address>
         <run_address>0x404f0</run_address>
         <size>0x8</size>
         <input_file_ref idref="fl-4d"/>
      </object_component>
      <object_component id="oc-13a">
         <name>.cio</name>
         <uninitialized>true</uninitialized>
         <run_address>0x40000</run_address>
         <size>0x240</size>
         <input_file_ref idref="fl-44"/>
      </object_component>
      <object_component id="oc-11">
         <name>vectors</name>
         <load_address>0x4fe00</load_address>
         <run_address>0x4fe00</run_address>
         <size>0x100</size>
         <input_file_ref idref="fl-29"/>
      </object_component>
      <object_component id="oc-99">
         <name>vectors</name>
         <load_address>0x4ff00</load_address>
         <run_address>0x4ff00</run_address>
         <size>0x100</size>
         <input_file_ref idref="fl-1b"/>
      </object_component>
      <object_component id="oc-13">
         <name>.debug_info</name>
         <load_address>0x0</load_address>
         <run_address>0x0</run_address>
         <size>0x54b</size>
         <input_file_ref idref="fl-2"/>
      </object_component>
      <object_component id="oc-19">
         <name>.debug_info</name>
         <load_address>0x54b</load_address>
         <run_address>0x54b</run_address>
         <size>0x3f58</size>
         <input_file_ref idref="fl-3"/>
      </object_component>
      <object_component id="oc-1e">
         <name>.debug_info</name>
         <load_address>0x44a3</load_address>
         <run_address>0x44a3</run_address>
         <size>0x5030</size>
         <input_file_ref idref="fl-4"/>
      </object_component>
      <object_component id="oc-24">
         <name>.debug_info</name>
         <load_address>0x94d3</load_address>
         <run_address>0x94d3</run_address>
         <size>0x1456</size>
         <input_file_ref idref="fl-5"/>
      </object_component>
      <object_component id="oc-29">
         <name>.debug_info</name>
         <load_address>0xa929</load_address>
         <run_address>0xa929</run_address>
         <size>0x2293</size>
         <input_file_ref idref="fl-6"/>
      </object_component>
      <object_component id="oc-2e">
         <name>.debug_info</name>
         <load_address>0xcbbc</load_address>
         <run_address>0xcbbc</run_address>
         <size>0x1473</size>
         <input_file_ref idref="fl-7"/>
      </object_component>
      <object_component id="oc-33">
         <name>.debug_info</name>
         <load_address>0xe02f</load_address>
         <run_address>0xe02f</run_address>
         <size>0x1384</size>
         <input_file_ref idref="fl-8"/>
      </object_component>
      <object_component id="oc-39">
         <name>.debug_info</name>
         <load_address>0xf3b3</load_address>
         <run_address>0xf3b3</run_address>
         <size>0x21cc</size>
         <input_file_ref idref="fl-9"/>
      </object_component>
      <object_component id="oc-3f">
         <name>.debug_info</name>
         <load_address>0x1157f</load_address>
         <run_address>0x1157f</run_address>
         <size>0x1ecf</size>
         <input_file_ref idref="fl-a"/>
      </object_component>
      <object_component id="oc-46">
         <name>.debug_info</name>
         <load_address>0x1344e</load_address>
         <run_address>0x1344e</run_address>
         <size>0x1573</size>
         <input_file_ref idref="fl-b"/>
      </object_component>
      <object_component id="oc-4b">
         <name>.debug_info</name>
         <load_address>0x149c1</load_address>
         <run_address>0x149c1</run_address>
         <size>0x116</size>
         <input_file_ref idref="fl-c"/>
      </object_component>
      <object_component id="oc-4f">
         <name>.debug_info</name>
         <load_address>0x14ad7</load_address>
         <run_address>0x14ad7</run_address>
         <size>0x1a42</size>
         <input_file_ref idref="fl-d"/>
      </object_component>
      <object_component id="oc-54">
         <name>.debug_info</name>
         <load_address>0x16519</load_address>
         <run_address>0x16519</run_address>
         <size>0x1304</size>
         <input_file_ref idref="fl-e"/>
      </object_component>
      <object_component id="oc-59">
         <name>.debug_info</name>
         <load_address>0x1781d</load_address>
         <run_address>0x1781d</run_address>
         <size>0x87e5</size>
         <input_file_ref idref="fl-f"/>
      </object_component>
      <object_component id="oc-5f">
         <name>.debug_info</name>
         <load_address>0x20002</load_address>
         <run_address>0x20002</run_address>
         <size>0x4f97</size>
         <input_file_ref idref="fl-10"/>
      </object_component>
      <object_component id="oc-65">
         <name>.debug_info</name>
         <load_address>0x24f99</load_address>
         <run_address>0x24f99</run_address>
         <size>0x67c7</size>
         <input_file_ref idref="fl-11"/>
      </object_component>
      <object_component id="oc-6a">
         <name>.debug_info</name>
         <load_address>0x2b760</load_address>
         <run_address>0x2b760</run_address>
         <size>0x384c</size>
         <input_file_ref idref="fl-12"/>
      </object_component>
      <object_component id="oc-6f">
         <name>.debug_info</name>
         <load_address>0x2efac</load_address>
         <run_address>0x2efac</run_address>
         <size>0x1164</size>
         <input_file_ref idref="fl-13"/>
      </object_component>
      <object_component id="oc-74">
         <name>.debug_info</name>
         <load_address>0x30110</load_address>
         <run_address>0x30110</run_address>
         <size>0x26db</size>
         <input_file_ref idref="fl-14"/>
      </object_component>
      <object_component id="oc-79">
         <name>.debug_info</name>
         <load_address>0x327eb</load_address>
         <run_address>0x327eb</run_address>
         <size>0x1b31</size>
         <input_file_ref idref="fl-15"/>
      </object_component>
      <object_component id="oc-7e">
         <name>.debug_info</name>
         <load_address>0x3431c</load_address>
         <run_address>0x3431c</run_address>
         <size>0x4fe7</size>
         <input_file_ref idref="fl-16"/>
      </object_component>
      <object_component id="oc-84">
         <name>.debug_info</name>
         <load_address>0x39303</load_address>
         <run_address>0x39303</run_address>
         <size>0x1e68</size>
         <input_file_ref idref="fl-17"/>
      </object_component>
      <object_component id="oc-89">
         <name>.debug_info</name>
         <load_address>0x3b16b</load_address>
         <run_address>0x3b16b</run_address>
         <size>0x2ee9</size>
         <input_file_ref idref="fl-18"/>
      </object_component>
      <object_component id="oc-8f">
         <name>.debug_info</name>
         <load_address>0x3e054</load_address>
         <run_address>0x3e054</run_address>
         <size>0x673e</size>
         <input_file_ref idref="fl-19"/>
      </object_component>
      <object_component id="oc-94">
         <name>.debug_info</name>
         <load_address>0x44792</load_address>
         <run_address>0x44792</run_address>
         <size>0x12be</size>
         <input_file_ref idref="fl-1a"/>
      </object_component>
      <object_component id="oc-9a">
         <name>.debug_info</name>
         <load_address>0x45a50</load_address>
         <run_address>0x45a50</run_address>
         <size>0x100</size>
         <input_file_ref idref="fl-1b"/>
      </object_component>
      <object_component id="oc-9e">
         <name>.debug_info</name>
         <load_address>0x45b50</load_address>
         <run_address>0x45b50</run_address>
         <size>0x5896</size>
         <input_file_ref idref="fl-20"/>
      </object_component>
      <object_component id="oc-a3">
         <name>.debug_info</name>
         <load_address>0x4b3e6</load_address>
         <run_address>0x4b3e6</run_address>
         <size>0xe8</size>
         <input_file_ref idref="fl-21"/>
      </object_component>
      <object_component id="oc-a7">
         <name>.debug_info</name>
         <load_address>0x4b4ce</load_address>
         <run_address>0x4b4ce</run_address>
         <size>0x534</size>
         <input_file_ref idref="fl-22"/>
      </object_component>
      <object_component id="oc-ac">
         <name>.debug_info</name>
         <load_address>0x4ba02</load_address>
         <run_address>0x4ba02</run_address>
         <size>0x5fb</size>
         <input_file_ref idref="fl-23"/>
      </object_component>
      <object_component id="oc-b2">
         <name>.debug_info</name>
         <load_address>0x4bffd</load_address>
         <run_address>0x4bffd</run_address>
         <size>0xbd</size>
         <input_file_ref idref="fl-24"/>
      </object_component>
      <object_component id="oc-b6">
         <name>.debug_info</name>
         <load_address>0x4c0ba</load_address>
         <run_address>0x4c0ba</run_address>
         <size>0x76c</size>
         <input_file_ref idref="fl-25"/>
      </object_component>
      <object_component id="oc-ba">
         <name>.debug_info</name>
         <load_address>0x4c826</load_address>
         <run_address>0x4c826</run_address>
         <size>0x534</size>
         <input_file_ref idref="fl-26"/>
      </object_component>
      <object_component id="oc-be">
         <name>.debug_info</name>
         <load_address>0x4cd5a</load_address>
         <run_address>0x4cd5a</run_address>
         <size>0x589</size>
         <input_file_ref idref="fl-27"/>
      </object_component>
      <object_component id="oc-c2">
         <name>.debug_info</name>
         <load_address>0x4d2e3</load_address>
         <run_address>0x4d2e3</run_address>
         <size>0xef</size>
         <input_file_ref idref="fl-28"/>
      </object_component>
      <object_component id="oc-c6">
         <name>.debug_info</name>
         <load_address>0x4d3d2</load_address>
         <run_address>0x4d3d2</run_address>
         <size>0xbc</size>
         <input_file_ref idref="fl-29"/>
      </object_component>
      <object_component id="oc-cb">
         <name>.debug_info</name>
         <load_address>0x4d48e</load_address>
         <run_address>0x4d48e</run_address>
         <size>0x5bc</size>
         <input_file_ref idref="fl-2a"/>
      </object_component>
      <object_component id="oc-d0">
         <name>.debug_info</name>
         <load_address>0x4da4a</load_address>
         <run_address>0x4da4a</run_address>
         <size>0x27bd</size>
         <input_file_ref idref="fl-2b"/>
      </object_component>
      <object_component id="oc-d6">
         <name>.debug_info</name>
         <load_address>0x50207</load_address>
         <run_address>0x50207</run_address>
         <size>0x586</size>
         <input_file_ref idref="fl-2c"/>
      </object_component>
      <object_component id="oc-da">
         <name>.debug_info</name>
         <load_address>0x5078d</load_address>
         <run_address>0x5078d</run_address>
         <size>0x5a4</size>
         <input_file_ref idref="fl-2d"/>
      </object_component>
      <object_component id="oc-de">
         <name>.debug_info</name>
         <load_address>0x50d31</load_address>
         <run_address>0x50d31</run_address>
         <size>0xcd</size>
         <input_file_ref idref="fl-2e"/>
      </object_component>
      <object_component id="oc-e2">
         <name>.debug_info</name>
         <load_address>0x50dfe</load_address>
         <run_address>0x50dfe</run_address>
         <size>0x81f</size>
         <input_file_ref idref="fl-2f"/>
      </object_component>
      <object_component id="oc-e5">
         <name>.debug_info</name>
         <load_address>0x5161d</load_address>
         <run_address>0x5161d</run_address>
         <size>0x498</size>
         <input_file_ref idref="fl-30"/>
      </object_component>
      <object_component id="oc-e8">
         <name>.debug_info</name>
         <load_address>0x51ab5</load_address>
         <run_address>0x51ab5</run_address>
         <size>0x57e</size>
         <input_file_ref idref="fl-31"/>
      </object_component>
      <object_component id="oc-ec">
         <name>.debug_info</name>
         <load_address>0x52033</load_address>
         <run_address>0x52033</run_address>
         <size>0x7e8</size>
         <input_file_ref idref="fl-32"/>
      </object_component>
      <object_component id="oc-f0">
         <name>.debug_info</name>
         <load_address>0x5281b</load_address>
         <run_address>0x5281b</run_address>
         <size>0x4cf</size>
         <input_file_ref idref="fl-33"/>
      </object_component>
      <object_component id="oc-f4">
         <name>.debug_info</name>
         <load_address>0x52cea</load_address>
         <run_address>0x52cea</run_address>
         <size>0x534</size>
         <input_file_ref idref="fl-34"/>
      </object_component>
      <object_component id="oc-f8">
         <name>.debug_info</name>
         <load_address>0x5321e</load_address>
         <run_address>0x5321e</run_address>
         <size>0x549</size>
         <input_file_ref idref="fl-35"/>
      </object_component>
      <object_component id="oc-fd">
         <name>.debug_info</name>
         <load_address>0x53767</load_address>
         <run_address>0x53767</run_address>
         <size>0x6aa</size>
         <input_file_ref idref="fl-36"/>
      </object_component>
      <object_component id="oc-101">
         <name>.debug_info</name>
         <load_address>0x53e11</load_address>
         <run_address>0x53e11</run_address>
         <size>0x942</size>
         <input_file_ref idref="fl-37"/>
      </object_component>
      <object_component id="oc-106">
         <name>.debug_info</name>
         <load_address>0x54753</load_address>
         <run_address>0x54753</run_address>
         <size>0x53e</size>
         <input_file_ref idref="fl-38"/>
      </object_component>
      <object_component id="oc-10a">
         <name>.debug_info</name>
         <load_address>0x54c91</load_address>
         <run_address>0x54c91</run_address>
         <size>0x680</size>
         <input_file_ref idref="fl-39"/>
      </object_component>
      <object_component id="oc-10e">
         <name>.debug_info</name>
         <load_address>0x55311</load_address>
         <run_address>0x55311</run_address>
         <size>0x7d4</size>
         <input_file_ref idref="fl-3a"/>
      </object_component>
      <object_component id="oc-113">
         <name>.debug_info</name>
         <load_address>0x55ae5</load_address>
         <run_address>0x55ae5</run_address>
         <size>0x144b</size>
         <input_file_ref idref="fl-3b"/>
      </object_component>
      <object_component id="oc-118">
         <name>.debug_info</name>
         <load_address>0x56f30</load_address>
         <run_address>0x56f30</run_address>
         <size>0x5ad</size>
         <input_file_ref idref="fl-3c"/>
      </object_component>
      <object_component id="oc-11c">
         <name>.debug_info</name>
         <load_address>0x574dd</load_address>
         <run_address>0x574dd</run_address>
         <size>0x574</size>
         <input_file_ref idref="fl-3d"/>
      </object_component>
      <object_component id="oc-120">
         <name>.debug_info</name>
         <load_address>0x57a51</load_address>
         <run_address>0x57a51</run_address>
         <size>0xd1</size>
         <input_file_ref idref="fl-3e"/>
      </object_component>
      <object_component id="oc-124">
         <name>.debug_info</name>
         <load_address>0x57b22</load_address>
         <run_address>0x57b22</run_address>
         <size>0x55b</size>
         <input_file_ref idref="fl-3f"/>
      </object_component>
      <object_component id="oc-128">
         <name>.debug_info</name>
         <load_address>0x5807d</load_address>
         <run_address>0x5807d</run_address>
         <size>0x4b7</size>
         <input_file_ref idref="fl-40"/>
      </object_component>
      <object_component id="oc-12c">
         <name>.debug_info</name>
         <load_address>0x58534</load_address>
         <run_address>0x58534</run_address>
         <size>0x4f2</size>
         <input_file_ref idref="fl-41"/>
      </object_component>
      <object_component id="oc-130">
         <name>.debug_info</name>
         <load_address>0x58a26</load_address>
         <run_address>0x58a26</run_address>
         <size>0x4de</size>
         <input_file_ref idref="fl-42"/>
      </object_component>
      <object_component id="oc-135">
         <name>.debug_info</name>
         <load_address>0x58f04</load_address>
         <run_address>0x58f04</run_address>
         <size>0xed4</size>
         <input_file_ref idref="fl-43"/>
      </object_component>
      <object_component id="oc-139">
         <name>.debug_info</name>
         <load_address>0x59dd8</load_address>
         <run_address>0x59dd8</run_address>
         <size>0x744</size>
         <input_file_ref idref="fl-44"/>
      </object_component>
      <object_component id="oc-13f">
         <name>.debug_info</name>
         <load_address>0x5a51c</load_address>
         <run_address>0x5a51c</run_address>
         <size>0x662</size>
         <input_file_ref idref="fl-45"/>
      </object_component>
      <object_component id="oc-143">
         <name>.debug_info</name>
         <load_address>0x5ab7e</load_address>
         <run_address>0x5ab7e</run_address>
         <size>0x5ab</size>
         <input_file_ref idref="fl-46"/>
      </object_component>
      <object_component id="oc-147">
         <name>.debug_info</name>
         <load_address>0x5b129</load_address>
         <run_address>0x5b129</run_address>
         <size>0x4f2</size>
         <input_file_ref idref="fl-47"/>
      </object_component>
      <object_component id="oc-14b">
         <name>.debug_info</name>
         <load_address>0x5b61b</load_address>
         <run_address>0x5b61b</run_address>
         <size>0x706</size>
         <input_file_ref idref="fl-48"/>
      </object_component>
      <object_component id="oc-14f">
         <name>.debug_info</name>
         <load_address>0x5bd21</load_address>
         <run_address>0x5bd21</run_address>
         <size>0x4d2</size>
         <input_file_ref idref="fl-49"/>
      </object_component>
      <object_component id="oc-153">
         <name>.debug_info</name>
         <load_address>0x5c1f3</load_address>
         <run_address>0x5c1f3</run_address>
         <size>0x5f7</size>
         <input_file_ref idref="fl-4a"/>
      </object_component>
      <object_component id="oc-157">
         <name>.debug_info</name>
         <load_address>0x5c7ea</load_address>
         <run_address>0x5c7ea</run_address>
         <size>0x64a</size>
         <input_file_ref idref="fl-4b"/>
      </object_component>
      <object_component id="oc-15c">
         <name>.debug_info</name>
         <load_address>0x5ce34</load_address>
         <run_address>0x5ce34</run_address>
         <size>0xa1c</size>
         <input_file_ref idref="fl-4c"/>
      </object_component>
      <object_component id="oc-162">
         <name>.debug_info</name>
         <load_address>0x5d850</load_address>
         <run_address>0x5d850</run_address>
         <size>0xb97</size>
         <input_file_ref idref="fl-4d"/>
      </object_component>
      <object_component id="oc-168">
         <name>.debug_info</name>
         <load_address>0x5e3e7</load_address>
         <run_address>0x5e3e7</run_address>
         <size>0x64f</size>
         <input_file_ref idref="fl-4e"/>
      </object_component>
      <object_component id="oc-16c">
         <name>.debug_info</name>
         <load_address>0x5ea36</load_address>
         <run_address>0x5ea36</run_address>
         <size>0x510</size>
         <input_file_ref idref="fl-4f"/>
      </object_component>
      <object_component id="oc-19b">
         <name>.debug_info</name>
         <load_address>0x5ef46</load_address>
         <run_address>0x5ef46</run_address>
         <size>0x6e</size>
      </object_component>
      <object_component id="oc-15">
         <name>.debug_frame</name>
         <load_address>0x0</load_address>
         <run_address>0x0</run_address>
         <size>0xe4</size>
         <input_file_ref idref="fl-2"/>
      </object_component>
      <object_component id="oc-1a">
         <name>.debug_frame</name>
         <load_address>0xe4</load_address>
         <run_address>0xe4</run_address>
         <size>0x2be</size>
         <input_file_ref idref="fl-3"/>
      </object_component>
      <object_component id="oc-20">
         <name>.debug_frame</name>
         <load_address>0x3a2</load_address>
         <run_address>0x3a2</run_address>
         <size>0x223</size>
         <input_file_ref idref="fl-4"/>
      </object_component>
      <object_component id="oc-25">
         <name>.debug_frame</name>
         <load_address>0x5c5</load_address>
         <run_address>0x5c5</run_address>
         <size>0x15d</size>
         <input_file_ref idref="fl-5"/>
      </object_component>
      <object_component id="oc-2a">
         <name>.debug_frame</name>
         <load_address>0x722</load_address>
         <run_address>0x722</run_address>
         <size>0x1e6</size>
         <input_file_ref idref="fl-6"/>
      </object_component>
      <object_component id="oc-2f">
         <name>.debug_frame</name>
         <load_address>0x908</load_address>
         <run_address>0x908</run_address>
         <size>0x224</size>
         <input_file_ref idref="fl-7"/>
      </object_component>
      <object_component id="oc-34">
         <name>.debug_frame</name>
         <load_address>0xb2c</load_address>
         <run_address>0xb2c</run_address>
         <size>0x190</size>
         <input_file_ref idref="fl-8"/>
      </object_component>
      <object_component id="oc-3a">
         <name>.debug_frame</name>
         <load_address>0xcbc</load_address>
         <run_address>0xcbc</run_address>
         <size>0x1ef</size>
         <input_file_ref idref="fl-9"/>
      </object_component>
      <object_component id="oc-41">
         <name>.debug_frame</name>
         <load_address>0xeab</load_address>
         <run_address>0xeab</run_address>
         <size>0x197</size>
         <input_file_ref idref="fl-a"/>
      </object_component>
      <object_component id="oc-47">
         <name>.debug_frame</name>
         <load_address>0x1042</load_address>
         <run_address>0x1042</run_address>
         <size>0x2a1</size>
         <input_file_ref idref="fl-b"/>
      </object_component>
      <object_component id="oc-50">
         <name>.debug_frame</name>
         <load_address>0x12e3</load_address>
         <run_address>0x12e3</run_address>
         <size>0x152</size>
         <input_file_ref idref="fl-d"/>
      </object_component>
      <object_component id="oc-55">
         <name>.debug_frame</name>
         <load_address>0x1435</load_address>
         <run_address>0x1435</run_address>
         <size>0x18a</size>
         <input_file_ref idref="fl-e"/>
      </object_component>
      <object_component id="oc-5a">
         <name>.debug_frame</name>
         <load_address>0x15bf</load_address>
         <run_address>0x15bf</run_address>
         <size>0x5d4</size>
         <input_file_ref idref="fl-f"/>
      </object_component>
      <object_component id="oc-61">
         <name>.debug_frame</name>
         <load_address>0x1b93</load_address>
         <run_address>0x1b93</run_address>
         <size>0x35e</size>
         <input_file_ref idref="fl-10"/>
      </object_component>
      <object_component id="oc-66">
         <name>.debug_frame</name>
         <load_address>0x1ef1</load_address>
         <run_address>0x1ef1</run_address>
         <size>0x502</size>
         <input_file_ref idref="fl-11"/>
      </object_component>
      <object_component id="oc-6b">
         <name>.debug_frame</name>
         <load_address>0x23f3</load_address>
         <run_address>0x23f3</run_address>
         <size>0x37b</size>
         <input_file_ref idref="fl-12"/>
      </object_component>
      <object_component id="oc-70">
         <name>.debug_frame</name>
         <load_address>0x276e</load_address>
         <run_address>0x276e</run_address>
         <size>0x175</size>
         <input_file_ref idref="fl-13"/>
      </object_component>
      <object_component id="oc-75">
         <name>.debug_frame</name>
         <load_address>0x28e3</load_address>
         <run_address>0x28e3</run_address>
         <size>0x308</size>
         <input_file_ref idref="fl-14"/>
      </object_component>
      <object_component id="oc-7a">
         <name>.debug_frame</name>
         <load_address>0x2beb</load_address>
         <run_address>0x2beb</run_address>
         <size>0x272</size>
         <input_file_ref idref="fl-15"/>
      </object_component>
      <object_component id="oc-7f">
         <name>.debug_frame</name>
         <load_address>0x2e5d</load_address>
         <run_address>0x2e5d</run_address>
         <size>0x3dd</size>
         <input_file_ref idref="fl-16"/>
      </object_component>
      <object_component id="oc-85">
         <name>.debug_frame</name>
         <load_address>0x323a</load_address>
         <run_address>0x323a</run_address>
         <size>0x1ae</size>
         <input_file_ref idref="fl-17"/>
      </object_component>
      <object_component id="oc-8a">
         <name>.debug_frame</name>
         <load_address>0x33e8</load_address>
         <run_address>0x33e8</run_address>
         <size>0x30e</size>
         <input_file_ref idref="fl-18"/>
      </object_component>
      <object_component id="oc-90">
         <name>.debug_frame</name>
         <load_address>0x36f6</load_address>
         <run_address>0x36f6</run_address>
         <size>0x4c2</size>
         <input_file_ref idref="fl-19"/>
      </object_component>
      <object_component id="oc-95">
         <name>.debug_frame</name>
         <load_address>0x3bb8</load_address>
         <run_address>0x3bb8</run_address>
         <size>0x1ae</size>
         <input_file_ref idref="fl-1a"/>
      </object_component>
      <object_component id="oc-9f">
         <name>.debug_frame</name>
         <load_address>0x3d66</load_address>
         <run_address>0x3d66</run_address>
         <size>0x116</size>
         <input_file_ref idref="fl-20"/>
      </object_component>
      <object_component id="oc-16">
         <name>.debug_line</name>
         <load_address>0x0</load_address>
         <run_address>0x0</run_address>
         <size>0x41</size>
         <input_file_ref idref="fl-2"/>
      </object_component>
      <object_component id="oc-1b">
         <name>.debug_line</name>
         <load_address>0x41</load_address>
         <run_address>0x41</run_address>
         <size>0x7f6</size>
         <input_file_ref idref="fl-3"/>
      </object_component>
      <object_component id="oc-21">
         <name>.debug_line</name>
         <load_address>0x837</load_address>
         <run_address>0x837</run_address>
         <size>0x636</size>
         <input_file_ref idref="fl-4"/>
      </object_component>
      <object_component id="oc-26">
         <name>.debug_line</name>
         <load_address>0xe6d</load_address>
         <run_address>0xe6d</run_address>
         <size>0x485</size>
         <input_file_ref idref="fl-5"/>
      </object_component>
      <object_component id="oc-2b">
         <name>.debug_line</name>
         <load_address>0x12f2</load_address>
         <run_address>0x12f2</run_address>
         <size>0xa8d</size>
         <input_file_ref idref="fl-6"/>
      </object_component>
      <object_component id="oc-30">
         <name>.debug_line</name>
         <load_address>0x1d7f</load_address>
         <run_address>0x1d7f</run_address>
         <size>0x27e</size>
         <input_file_ref idref="fl-7"/>
      </object_component>
      <object_component id="oc-35">
         <name>.debug_line</name>
         <load_address>0x1ffd</load_address>
         <run_address>0x1ffd</run_address>
         <size>0x1c0</size>
         <input_file_ref idref="fl-8"/>
      </object_component>
      <object_component id="oc-3b">
         <name>.debug_line</name>
         <load_address>0x21bd</load_address>
         <run_address>0x21bd</run_address>
         <size>0x424</size>
         <input_file_ref idref="fl-9"/>
      </object_component>
      <object_component id="oc-42">
         <name>.debug_line</name>
         <load_address>0x25e1</load_address>
         <run_address>0x25e1</run_address>
         <size>0x3f5</size>
         <input_file_ref idref="fl-a"/>
      </object_component>
      <object_component id="oc-48">
         <name>.debug_line</name>
         <load_address>0x29d6</load_address>
         <run_address>0x29d6</run_address>
         <size>0x2cd</size>
         <input_file_ref idref="fl-b"/>
      </object_component>
      <object_component id="oc-4c">
         <name>.debug_line</name>
         <load_address>0x2ca3</load_address>
         <run_address>0x2ca3</run_address>
         <size>0x7f</size>
         <input_file_ref idref="fl-c"/>
      </object_component>
      <object_component id="oc-51">
         <name>.debug_line</name>
         <load_address>0x2d22</load_address>
         <run_address>0x2d22</run_address>
         <size>0x1c1</size>
         <input_file_ref idref="fl-d"/>
      </object_component>
      <object_component id="oc-56">
         <name>.debug_line</name>
         <load_address>0x2ee3</load_address>
         <run_address>0x2ee3</run_address>
         <size>0x239</size>
         <input_file_ref idref="fl-e"/>
      </object_component>
      <object_component id="oc-5b">
         <name>.debug_line</name>
         <load_address>0x311c</load_address>
         <run_address>0x311c</run_address>
         <size>0x1a66</size>
         <input_file_ref idref="fl-f"/>
      </object_component>
      <object_component id="oc-62">
         <name>.debug_line</name>
         <load_address>0x4b82</load_address>
         <run_address>0x4b82</run_address>
         <size>0x57e</size>
         <input_file_ref idref="fl-10"/>
      </object_component>
      <object_component id="oc-67">
         <name>.debug_line</name>
         <load_address>0x5100</load_address>
         <run_address>0x5100</run_address>
         <size>0x1292</size>
         <input_file_ref idref="fl-11"/>
      </object_component>
      <object_component id="oc-6c">
         <name>.debug_line</name>
         <load_address>0x6392</load_address>
         <run_address>0x6392</run_address>
         <size>0x8c2</size>
         <input_file_ref idref="fl-12"/>
      </object_component>
      <object_component id="oc-71">
         <name>.debug_line</name>
         <load_address>0x6c54</load_address>
         <run_address>0x6c54</run_address>
         <size>0x1b6</size>
         <input_file_ref idref="fl-13"/>
      </object_component>
      <object_component id="oc-76">
         <name>.debug_line</name>
         <load_address>0x6e0a</load_address>
         <run_address>0x6e0a</run_address>
         <size>0x5b6</size>
         <input_file_ref idref="fl-14"/>
      </object_component>
      <object_component id="oc-7b">
         <name>.debug_line</name>
         <load_address>0x73c0</load_address>
         <run_address>0x73c0</run_address>
         <size>0x402</size>
         <input_file_ref idref="fl-15"/>
      </object_component>
      <object_component id="oc-80">
         <name>.debug_line</name>
         <load_address>0x77c2</load_address>
         <run_address>0x77c2</run_address>
         <size>0x1070</size>
         <input_file_ref idref="fl-16"/>
      </object_component>
      <object_component id="oc-86">
         <name>.debug_line</name>
         <load_address>0x8832</load_address>
         <run_address>0x8832</run_address>
         <size>0x2f5</size>
         <input_file_ref idref="fl-17"/>
      </object_component>
      <object_component id="oc-8b">
         <name>.debug_line</name>
         <load_address>0x8b27</load_address>
         <run_address>0x8b27</run_address>
         <size>0x7d3</size>
         <input_file_ref idref="fl-18"/>
      </object_component>
      <object_component id="oc-91">
         <name>.debug_line</name>
         <load_address>0x92fa</load_address>
         <run_address>0x92fa</run_address>
         <size>0x111e</size>
         <input_file_ref idref="fl-19"/>
      </object_component>
      <object_component id="oc-96">
         <name>.debug_line</name>
         <load_address>0xa418</load_address>
         <run_address>0xa418</run_address>
         <size>0x182</size>
         <input_file_ref idref="fl-1a"/>
      </object_component>
      <object_component id="oc-9b">
         <name>.debug_line</name>
         <load_address>0xa59a</load_address>
         <run_address>0xa59a</run_address>
         <size>0x7c</size>
         <input_file_ref idref="fl-1b"/>
      </object_component>
      <object_component id="oc-a0">
         <name>.debug_line</name>
         <load_address>0xa616</load_address>
         <run_address>0xa616</run_address>
         <size>0x59c</size>
         <input_file_ref idref="fl-20"/>
      </object_component>
      <object_component id="oc-a4">
         <name>.debug_line</name>
         <load_address>0xabb2</load_address>
         <run_address>0xabb2</run_address>
         <size>0x54</size>
         <input_file_ref idref="fl-21"/>
      </object_component>
      <object_component id="oc-a8">
         <name>.debug_line</name>
         <load_address>0xac06</load_address>
         <run_address>0xac06</run_address>
         <size>0x44</size>
         <input_file_ref idref="fl-22"/>
      </object_component>
      <object_component id="oc-af">
         <name>.debug_line</name>
         <load_address>0xac4a</load_address>
         <run_address>0xac4a</run_address>
         <size>0x51</size>
         <input_file_ref idref="fl-23"/>
      </object_component>
      <object_component id="oc-b3">
         <name>.debug_line</name>
         <load_address>0xac9b</load_address>
         <run_address>0xac9b</run_address>
         <size>0x3c</size>
         <input_file_ref idref="fl-24"/>
      </object_component>
      <object_component id="oc-b7">
         <name>.debug_line</name>
         <load_address>0xacd7</load_address>
         <run_address>0xacd7</run_address>
         <size>0x69</size>
         <input_file_ref idref="fl-25"/>
      </object_component>
      <object_component id="oc-bb">
         <name>.debug_line</name>
         <load_address>0xad40</load_address>
         <run_address>0xad40</run_address>
         <size>0x44</size>
         <input_file_ref idref="fl-26"/>
      </object_component>
      <object_component id="oc-bf">
         <name>.debug_line</name>
         <load_address>0xad84</load_address>
         <run_address>0xad84</run_address>
         <size>0x57</size>
         <input_file_ref idref="fl-27"/>
      </object_component>
      <object_component id="oc-c3">
         <name>.debug_line</name>
         <load_address>0xaddb</load_address>
         <run_address>0xaddb</run_address>
         <size>0x58</size>
         <input_file_ref idref="fl-28"/>
      </object_component>
      <object_component id="oc-c7">
         <name>.debug_line</name>
         <load_address>0xae33</load_address>
         <run_address>0xae33</run_address>
         <size>0x37</size>
         <input_file_ref idref="fl-29"/>
      </object_component>
      <object_component id="oc-cd">
         <name>.debug_line</name>
         <load_address>0xae6a</load_address>
         <run_address>0xae6a</run_address>
         <size>0x57</size>
         <input_file_ref idref="fl-2a"/>
      </object_component>
      <object_component id="oc-d3">
         <name>.debug_line</name>
         <load_address>0xaec1</load_address>
         <run_address>0xaec1</run_address>
         <size>0x328</size>
[...]
         <name>_USB_stallEndpt</name>
         <value>0x2aa4e</value>
         <object_component_ref idref="oc-8d"/>
      </symbol>
      <symbol id="sm-11da">
         <name>_USB_getDataCountReadFromFifo</name>
         <value>0x2b430</value>
         <object_component_ref idref="oc-8d"/>
      </symbol>
      <symbol id="sm-11db">
         <name>_USB_connectDev</name>
         <value>0x2b103</value>
         <object_component_ref idref="oc-8d"/>
      </symbol>
      <symbol id="sm-11dc">
         <name>_gCtrlTransfer</name>
         <value>0x5c70</value>
         <object_component_ref idref="oc-8e"/>
      </symbol>
      <symbol id="sm-11dd">
         <name>_USB_issueRemoteWakeup</name>
         <value>0x2b1a7</value>
         <object_component_ref idref="oc-8d"/>
      </symbol>
      <symbol id="sm-11de">
         <name>_USB_getSetupPacket</name>
         <value>0x2a6d4</value>
         <object_component_ref idref="oc-8d"/>
      </symbol>
      <symbol id="sm-1203">
         <name>_WDTIM_start</name>
         <value>0x3a2ba</value>
         <object_component_ref idref="oc-93"/>
      </symbol>
      <symbol id="sm-1204">
         <name>_WDTIM_getConfig</name>
         <value>0x3a456</value>
         <object_component_ref idref="oc-93"/>
      </symbol>
      <symbol id="sm-1205">
         <name>_WDTIM_open</name>
         <value>0x3a244</value>
         <object_component_ref idref="oc-93"/>
      </symbol>
      <symbol id="sm-1206">
         <name>_WDTIM_service</name>
         <value>0x3a3b9</value>
         <object_component_ref idref="oc-93"/>
      </symbol>
      <symbol id="sm-1207">
         <name>_WDTIM_getCnt</name>
         <value>0x3a347</value>
         <object_component_ref idref="oc-93"/>
      </symbol>
      <symbol id="sm-1208">
         <name>_WDTIM_config</name>
         <value>0x3a3ec</value>
         <object_component_ref idref="oc-93"/>
      </symbol>
      <symbol id="sm-1209">
         <name>_WDTIM_close</name>
         <value>0x3a375</value>
         <object_component_ref idref="oc-93"/>
      </symbol>
      <symbol id="sm-120a">
         <name>_WDTIM_stop</name>
         <value>0x3a302</value>
         <object_component_ref idref="oc-93"/>
      </symbol>
      <symbol id="sm-1254">
         <name>_VECSTART</name>
         <value>0x4ff00</value>
         <object_component_ref idref="oc-99"/>
      </symbol>
      <symbol id="sm-1255">
         <name>RST</name>
         <value>0x4ff00</value>
         <object_component_ref idref="oc-99"/>
      </symbol>
      <symbol id="sm-1263">
         <name>_EZDSP5535_waitusec</name>
         <value>0x3b5a3</value>
         <object_component_ref idref="oc-9d"/>
      </symbol>
      <symbol id="sm-1264">
         <name>_EZDSP5535_init</name>
         <value>0x3b5b5</value>
         <object_component_ref idref="oc-9d"/>
      </symbol>
      <symbol id="sm-1265">
         <name>_EZDSP5535_wait</name>
         <value>0x3b56f</value>
         <object_component_ref idref="oc-9d"/>
      </symbol>
      <symbol id="sm-1271">
         <name>__sysstack</name>
         <value>0x20c0</value>
         <object_component_ref idref="oc-16f"/>
      </symbol>
      <symbol id="sm-1272">
         <name>_c_int00</name>
         <value>0x3b7bb</value>
         <object_component_ref idref="oc-10"/>
      </symbol>
      <symbol id="sm-1273">
         <name>__stack</name>
         <value>0xc0</value>
         <object_component_ref idref="oc-a2"/>
      </symbol>
      <symbol id="sm-127e">
         <name>__divul</name>
         <value>0x3af78</value>
         <object_component_ref idref="oc-a6"/>
      </symbol>
      <symbol id="sm-128e">
         <name>C$$EXIT</name>
         <value>0x3b8fe</value>
         <object_component_ref idref="oc-ae"/>
      </symbol>
      <symbol id="sm-128f">
         <name>_exit</name>
         <value>0x3b77d</value>
         <object_component_ref idref="oc-aa"/>
      </symbol>
      <symbol id="sm-1290">
         <name>_abort</name>
         <value>0x3b8fd</value>
         <object_component_ref idref="oc-ae"/>
      </symbol>
      <symbol id="sm-1291">
         <name>__cleanup_ptr</name>
         <value>0x64a4</value>
         <object_component_ref idref="oc-ab"/>
      </symbol>
      <symbol id="sm-1292">
         <name>__dtors_ptr</name>
         <value>0x64a8</value>
         <object_component_ref idref="oc-ab"/>
      </symbol>
      <symbol id="sm-129a">
         <name>__mpyli</name>
         <value>0x3b8ad</value>
         <object_component_ref idref="oc-b1"/>
      </symbol>
      <symbol id="sm-129b">
         <name>I$$LMPY</name>
         <value>0x3b8ad</value>
         <object_component_ref idref="oc-b1"/>
      </symbol>
      <symbol id="sm-12a5">
         <name>_printf</name>
         <value>0x3b5c3</value>
         <object_component_ref idref="oc-b5"/>
      </symbol>
      <symbol id="sm-12b0">
         <name>__remul</name>
         <value>0x3b286</value>
         <object_component_ref idref="oc-b9"/>
      </symbol>
      <symbol id="sm-12ba">
         <name>_strlen</name>
         <value>0x3b8d2</value>
         <object_component_ref idref="oc-bd"/>
      </symbol>
      <symbol id="sm-12c2">
         <name>__remu</name>
         <value>0x3b82e</value>
         <object_component_ref idref="oc-c1"/>
      </symbol>
      <symbol id="sm-12c3">
         <name>__divu</name>
         <value>0x3b819</value>
         <object_component_ref idref="oc-c1"/>
      </symbol>
      <symbol id="sm-12c4">
         <name>I$$UMOD</name>
         <value>0x3b82e</value>
         <object_component_ref idref="oc-c1"/>
      </symbol>
      <symbol id="sm-12c5">
         <name>I$$UDIV</name>
         <value>0x3b819</value>
         <object_component_ref idref="oc-c1"/>
      </symbol>
      <symbol id="sm-12cf">
         <name>_Reset</name>
         <value>0x4fe00</value>
         <object_component_ref idref="oc-11"/>
      </symbol>
      <symbol id="sm-12dd">
         <name>__unlock</name>
         <value>0x64a0</value>
         <object_component_ref idref="oc-ca"/>
      </symbol>
      <symbol id="sm-12de">
         <name>__lock</name>
         <value>0x649c</value>
         <object_component_ref idref="oc-ca"/>
      </symbol>
      <symbol id="sm-12df">
         <name>__register_lock</name>
         <value>0x3b8c8</value>
         <object_component_ref idref="oc-c9"/>
      </symbol>
      <symbol id="sm-12e0">
         <name>__nop</name>
         <value>0x3b8d0</value>
         <object_component_ref idref="oc-c9"/>
      </symbol>
      <symbol id="sm-12e1">
         <name>__register_unlock</name>
         <value>0x3b8c0</value>
         <object_component_ref idref="oc-c9"/>
      </symbol>
      <symbol id="sm-12f3">
         <name>__printfi</name>
         <value>0x2e6c5</value>
         <object_component_ref idref="oc-cf"/>
      </symbol>
      <symbol id="sm-12fd">
         <name>__args_main</name>
         <value>0x3b660</value>
         <object_component_ref idref="oc-d5"/>
      </symbol>
      <symbol id="sm-12fe">
         <name>__TI_args_main</name>
         <value>0x1</value>
      </symbol>
      <symbol id="sm-1308">
         <name>_atoi</name>
         <value>0x3b513</value>
         <object_component_ref idref="oc-d9"/>
      </symbol>
      <symbol id="sm-1310">
         <name>_auto_init</name>
         <value>0x3b613</value>
         <object_component_ref idref="oc-dd"/>
      </symbol>
      <symbol id="sm-131a">
         <name>__eqld</name>
         <value>0x3a858</value>
         <object_component_ref idref="oc-e1"/>
      </symbol>
      <symbol id="sm-131b">
         <name>__cmpd</name>
         <value>0x3a88c</value>
         <object_component_ref idref="oc-e1"/>
      </symbol>
      <symbol id="sm-131c">
         <name>__neqd</name>
         <value>0x3a6fa</value>
         <object_component_ref idref="oc-e1"/>
      </symbol>
      <symbol id="sm-131d">
         <name>__gtrd</name>
         <value>0x3a7c3</value>
         <object_component_ref idref="oc-e1"/>
      </symbol>
      <symbol id="sm-131e">
         <name>__geqd</name>
         <value>0x3a80e</value>
         <object_component_ref idref="oc-e1"/>
      </symbol>
      <symbol id="sm-131f">
         <name>__leqd</name>
         <value>0x3a776</value>
         <object_component_ref idref="oc-e1"/>
      </symbol>
      <symbol id="sm-1320">
         <name>__lssd</name>
         <value>0x3a72e</value>
         <object_component_ref idref="oc-e1"/>
      </symbol>
      <symbol id="sm-1328">
         <name>__ctypes_</name>
         <value>0x64b4</value>
         <object_component_ref idref="oc-177"/>
      </symbol>
      <symbol id="sm-1332">
         <name>__tmpnams</name>
         <value>0x5f48</value>
         <object_component_ref idref="oc-e7"/>
      </symbol>
      <symbol id="sm-1333">
         <name>__ft_end</name>
         <value>0x6088</value>
         <object_component_ref idref="oc-e7"/>
      </symbol>
      <symbol id="sm-1334">
         <name>__ftable</name>
         <value>0x5e58</value>
         <object_component_ref idref="oc-e7"/>
      </symbol>
      <symbol id="sm-1340">
         <name>__divd</name>
         <value>0x390ca</value>
         <object_component_ref idref="oc-eb"/>
      </symbol>
      <symbol id="sm-134a">
         <name>__fixdi</name>
         <value>0x3b7ef</value>
         <object_component_ref idref="oc-ef"/>
      </symbol>
      <symbol id="sm-1354">
         <name>__fixdli</name>
         <value>0x3b2f8</value>
         <object_component_ref idref="oc-f3"/>
      </symbol>
      <symbol id="sm-1360">
         <name>__fltlid</name>
         <value>0x3b4ac</value>
         <object_component_ref idref="oc-f7"/>
      </symbol>
      <symbol id="sm-136a">
         <name>_putchar</name>
         <value>0x3af69</value>
         <object_component_ref idref="oc-fc"/>
      </symbol>
      <symbol id="sm-136b">
         <name>_putc</name>
         <value>0x3aed2</value>
         <object_component_ref idref="oc-fc"/>
      </symbol>
      <symbol id="sm-136c">
         <name>_fputc</name>
         <value>0x3aed2</value>
         <object_component_ref idref="oc-fc"/>
      </symbol>
      <symbol id="sm-137a">
         <name>_puts</name>
         <value>0x3aa19</value>
         <object_component_ref idref="oc-100"/>
      </symbol>
      <symbol id="sm-137b">
         <name>_fputs</name>
         <value>0x3a8e4</value>
         <object_component_ref idref="oc-100"/>
      </symbol>
      <symbol id="sm-1385">
         <name>__frcmpyd_div</name>
         <value>0x3b213</value>
         <object_component_ref idref="oc-105"/>
      </symbol>
      <symbol id="sm-138f">
         <name>___isinf</name>
         <value>0x3b866</value>
         <object_component_ref idref="oc-109"/>
      </symbol>
      <symbol id="sm-1399">
         <name>__divull</name>
         <value>0x3a11b</value>
         <object_component_ref idref="oc-10d"/>
      </symbol>
      <symbol id="sm-139a">
         <name>__mpylli</name>
         <value>0x3a063</value>
         <object_component_ref idref="oc-10d"/>
      </symbol>
      <symbol id="sm-139b">
         <name>__remlli</name>
         <value>0x3a034</value>
         <object_component_ref idref="oc-10d"/>
      </symbol>
      <symbol id="sm-139c">
         <name>__divlli</name>
         <value>0x3a20f</value>
         <object_component_ref idref="oc-10d"/>
      </symbol>
      <symbol id="sm-139d">
         <name>__remull</name>
         <value>0x39fe6</value>
         <object_component_ref idref="oc-10d"/>
      </symbol>
      <symbol id="sm-13af">
         <name>_add_device</name>
         <value>0x380de</value>
         <object_component_ref idref="oc-111"/>
      </symbol>
      <symbol id="sm-13b0">
         <name>_rename</name>
         <value>0x37e00</value>
         <object_component_ref idref="oc-111"/>
      </symbol>
      <symbol id="sm-13b1">
         <name>_read</name>
         <value>0x37e8f</value>
         <object_component_ref idref="oc-111"/>
      </symbol>
      <symbol id="sm-13b2">
         <name>_unlink</name>
         <value>0x37dcd</value>
         <object_component_ref idref="oc-111"/>
      </symbol>
      <symbol id="sm-13b3">
         <name>_remove_device</name>
         <value>0x37e59</value>
         <object_component_ref idref="oc-111"/>
      </symbol>
      <symbol id="sm-13b4">
         <name>_open</name>
         <value>0x37f3d</value>
         <object_component_ref idref="oc-111"/>
      </symbol>
      <symbol id="sm-13b5">
         <name>_find_registered_device</name>
         <value>0x38062</value>
         <object_component_ref idref="oc-111"/>
      </symbol>
      <symbol id="sm-13b6">
         <name>_lseek</name>
         <value>0x37ffc</value>
         <object_component_ref idref="oc-111"/>
      </symbol>
      <symbol id="sm-13b7">
         <name>_close</name>
         <value>0x3806b</value>
         <object_component_ref idref="oc-111"/>
      </symbol>
      <symbol id="sm-13b8">
         <name>_write</name>
         <value>0x37c8b</value>
         <object_component_ref idref="oc-111"/>
      </symbol>
      <symbol id="sm-13c2">
         <name>_ltoa</name>
         <value>0x3b0a5</value>
         <object_component_ref idref="oc-117"/>
      </symbol>
      <symbol id="sm-13cd">
         <name>_memccpy</name>
         <value>0x3b843</value>
         <object_component_ref idref="oc-11b"/>
      </symbol>
      <symbol id="sm-13d5">
         <name>_memcpy</name>
         <value>0x3b73e</value>
         <object_component_ref idref="oc-11f"/>
      </symbol>
      <symbol id="sm-13df">
         <name>__mpyd</name>
         <value>0x3aa47</value>
         <object_component_ref idref="oc-123"/>
      </symbol>
      <symbol id="sm-13e9">
         <name>__negd</name>
         <value>0x3b8e3</value>
         <object_component_ref idref="oc-127"/>
      </symbol>
      <symbol id="sm-13f3">
         <name>__remli</name>
         <value>0x3b6ab</value>
         <object_component_ref idref="oc-12b"/>
      </symbol>
      <symbol id="sm-13fd">
         <name>__subd</name>
         <value>0x3b899</value>
         <object_component_ref idref="oc-12f"/>
      </symbol>
      <symbol id="sm-1409">
         <name>_HOSTopen</name>
         <value>0x384d9</value>
         <object_component_ref idref="oc-133"/>
      </symbol>
      <symbol id="sm-140a">
         <name>_HOSTread</name>
         <value>0x3844c</value>
         <object_component_ref idref="oc-133"/>
      </symbol>
      <symbol id="sm-140b">
         <name>_HOSTtime</name>
         <value>0x38340</value>
         <object_component_ref idref="oc-133"/>
      </symbol>
      <symbol id="sm-140c">
         <name>_getenv</name>
         <value>0x381ce</value>
         <object_component_ref idref="oc-133"/>
      </symbol>
      <symbol id="sm-140d">
         <name>_HOSTrename</name>
         <value>0x3839e</value>
         <object_component_ref idref="oc-133"/>
      </symbol>
      <symbol id="sm-140e">
         <name>_HOSTclock</name>
         <value>0x38698</value>
         <object_component_ref idref="oc-133"/>
      </symbol>
      <symbol id="sm-140f">
         <name>_HOSTwrite</name>
         <value>0x38249</value>
         <object_component_ref idref="oc-133"/>
      </symbol>
      <symbol id="sm-1410">
         <name>_HOSTlseek</name>
         <value>0x38578</value>
         <object_component_ref idref="oc-133"/>
      </symbol>
      <symbol id="sm-1411">
         <name>_HOSTunlink</name>
         <value>0x382d6</value>
         <object_component_ref idref="oc-133"/>
      </symbol>
      <symbol id="sm-1412">
         <name>_HOSTclose</name>
         <value>0x3862d</value>
         <object_component_ref idref="oc-133"/>
      </symbol>
      <symbol id="sm-1424">
         <name>C$$IO$$</name>
         <value>0x3aecd</value>
         <object_component_ref idref="oc-13b"/>
      </symbol>
      <symbol id="sm-1425">
         <name>__CIOBUF_</name>
         <value>0x40000</value>
         <object_component_ref idref="oc-13a"/>
      </symbol>
      <symbol id="sm-1426">
         <name>_readmsg</name>
         <value>0x3b367</value>
         <object_component_ref idref="oc-138"/>
      </symbol>
      <symbol id="sm-1427">
         <name>_writemsg</name>
         <value>0x3ae18</value>
         <object_component_ref idref="oc-13b"/>
      </symbol>
      <symbol id="sm-1431">
         <name>__rd_ok</name>
         <value>0x3acf9</value>
         <object_component_ref idref="oc-13e"/>
      </symbol>
      <symbol id="sm-1432">
         <name>__wrt_ok</name>
         <value>0x3ac79</value>
         <object_component_ref idref="oc-13e"/>
      </symbol>
      <symbol id="sm-143c">
         <name>__addd</name>
         <value>0x3a4a0</value>
         <object_component_ref idref="oc-142"/>
      </symbol>
      <symbol id="sm-1446">
         <name>__divli</name>
         <value>0x3b6f6</value>
         <object_component_ref idref="oc-146"/>
      </symbol>
      <symbol id="sm-1450">
         <name>__doflush</name>
         <value>0x3ad56</value>
         <object_component_ref idref="oc-14a"/>
      </symbol>
      <symbol id="sm-1451">
         <name>_fflush</name>
         <value>0x3adbf</value>
         <object_component_ref idref="oc-14a"/>
      </symbol>
      <symbol id="sm-145b">
         <name>__frcmpyd</name>
         <value>0x3b19d</value>
         <object_component_ref idref="oc-14e"/>
      </symbol>
      <symbol id="sm-1465">
         <name>_fseek</name>
         <value>0x3b441</value>
         <object_component_ref idref="oc-152"/>
      </symbol>
      <symbol id="sm-146f">
         <name>_setvbuf</name>
         <value>0x3ab93</value>
         <object_component_ref idref="oc-156"/>
      </symbol>
      <symbol id="sm-147e">
         <name>__cleanup</name>
         <value>0x39e88</value>
         <object_component_ref idref="oc-15a"/>
      </symbol>
      <symbol id="sm-147f">
         <name>_fopen</name>
         <value>0x39fab</value>
         <object_component_ref idref="oc-15a"/>
      </symbol>
      <symbol id="sm-1480">
         <name>_freopen</name>
         <value>0x39ee2</value>
         <object_component_ref idref="oc-15a"/>
      </symbol>
      <symbol id="sm-1490">
         <name>__sys_memory</name>
         <value>0x30c0</value>
         <object_component_ref idref="oc-164"/>
      </symbol>
      <symbol id="sm-1491">
         <name>_chkheap</name>
         <value>0x3909c</value>
         <object_component_ref idref="oc-160"/>
      </symbol>
      <symbol id="sm-1492">
         <name>_realloc</name>
         <value>0x38e3b</value>
         <object_component_ref idref="oc-160"/>
      </symbol>
      <symbol id="sm-1493">
         <name>_free_memory</name>
         <value>0x39046</value>
         <object_component_ref idref="oc-160"/>
      </symbol>
      <symbol id="sm-1494">
         <name>_max_free</name>
         <value>0x38fec</value>
         <object_component_ref idref="oc-160"/>
      </symbol>
      <symbol id="sm-1495">
         <name>_free</name>
         <value>0x38c15</value>
         <object_component_ref idref="oc-160"/>
      </symbol>
      <symbol id="sm-1496">
         <name>_calloc</name>
         <value>0x390a4</value>
         <object_component_ref idref="oc-160"/>
      </symbol>
      <symbol id="sm-1497">
         <name>_malloc</name>
         <value>0x38d46</value>
         <object_component_ref idref="oc-160"/>
      </symbol>
      <symbol id="sm-1498">
         <name>_minit</name>
         <value>0x38ce1</value>
         <object_component_ref idref="oc-160"/>
      </symbol>
      <symbol id="sm-14a2">
         <name>_fclose</name>
         <value>0x3b122</value>
         <object_component_ref idref="oc-167"/>
      </symbol>
      <symbol id="sm-14ac">
         <name>_remove</name>
         <value>0x3b8f3</value>
         <object_component_ref idref="oc-16b"/>
      </symbol>
   </symbol_table>
</link_info>
