******************************************************************************
              TMS320C55x Linker PC v4.4.1                      
******************************************************************************
>> Linked Tue Apr 19 15:41:52 2022

OUTPUT FILE NAME:   <P6_Bsc_guitar_aic3204_included.out>
ENTRY POINT SYMBOL: "_c_int00"  address: 0003c8bf


MEMORY CONFIGURATION

         name            origin    length      used     unused   attr    fill
                        (bytes)   (bytes)    (bytes)   (bytes)
----------------------  --------  ---------  --------  --------  ----  --------
PAGE 0:
  MMR                   00000000   000000c0  00000000  000000c0  RWIX
  DARAM0                000000c0   0000ff40  00006f62  00008fde  RWIX
  SARAM0                00010000   00010000  00000000  00010000  RWIX
  SARAM1                00020000   00020000  0001c9f2  0000360e  RWIX
  SARAM2                00040000   0000fe00  000005c6  0000f83a  RWIX
  VECS                  0004fe00   00000200  00000200  00000000  RWIX
  PDROM                 00ff8000   00008000  00000000  00008000  R IX

PAGE 2:
  IOPORT                00000000   00020000  00000000  00020000  RWI 


SECTION ALLOCATION MAP
(Addresses surrounded by []'s are displayed for convenience only!)

output                                                          attributes/
section   page  orgn(bytes) orgn(words) len(bytes) len(words)   input sections
--------  ----  ----------- ----------- ---------- ----------   --------------
.pinit       0   [ 00040000 ]  00020000          *   00000000   UNINITIALIZED

.stack       0   [ 000000c0 ]  00000060          *   00001000   UNINITIALIZED
                 [ 000000c0 ]  00000060          *   00001000   --HOLE--

.data        0   [ 000000c0 ]  00000060          *   00000000   UNINITIALIZED

.sysstack 
*            0   [ 000020c0 ]  00001060          *   00000800   UNINITIALIZED
                 [ 000020c0 ]  00001060          *   00000800   --HOLE--

.sysmem      0   [ 000030c0 ]  00001860          *   00001000   UNINITIALIZED
                 [ 000030c0 ]  00001860          *   00001000   --HOLE--

.bss.1       0   [ 000050c0 ]  00002860          *   00000a29   UNINITIALIZED
                 [ 000050c0 ]  00002860          *   0000050d   csl_mmcsd_ataIf.obj (.bss)
                 [ 00005ada ]  00002d6d          *   00000001   ezdsp5535_i2c.obj (.bss)
                 [ 00005adc ]  00002d6e          *   000001be   csl_usb.obj (.bss)
                 [ 00005e58 ]  00002f2c          *   00000119   rts55x.lib : defs.obj (.bss)
                 [ 0000608a ]  00003045          *   000000d0              : trgdrv.obj (.bss)
                 [ 0000622a ]  00003115          *   00000001   rtc_routines.obj (.bss)
                 [ 0000622c ]  00003116          *   00000084   csl_intc.obj (.bss)
                 [ 00006334 ]  0000319a          *   00000071   rts55x.lib : lowlev.obj (.bss)
                 [ 00006416 ]  0000320b          *   00000001              : fopen.obj (.bss)
                 [ 00006418 ]  0000320c          *   00000036   pll.obj (.bss)
                 [ 00006484 ]  00003242          *   0000002a   csl_i2s.obj (.bss)
                 [ 000064d8 ]  0000326c          *   00000012   csl_i2c.obj (.bss)
                 [ 000064fc ]  0000327e          *   0000000b   main.obj (.bss)

.bss.2       0   [ 00006514 ]  0000328a          *   00000014   UNINITIALIZED
                 [ 00006514 ]  0000328a          *   00000006   rts55x.lib : memory.obj (.bss)
                 [ 00006520 ]  00003290          *   00000004              : _lock.obj (.bss)
                 [ 00006528 ]  00003294          *   00000004              : exit.obj (.bss)
                 [ 00006530 ]  00003298          *   00000003   aic3204.obj (.bss)
                 [ 00006536 ]  0000329b          *   00000003   csl_spi.obj (.bss)

.const.1     0   [ 0000653c ]  0000329e          *   000004ab   
                 [ 0000653c ]  0000329e          *   00000236   pll.obj (.const:.string)
                 [ 000069a8 ]  000034d4          *   00000174   aic3204_init.obj (.const:.string)
                 [ 00006c90 ]  00003648          *   00000101   rts55x.lib : ctype.obj (.const:__ctypes_)

.const.2     0   [ 00006e94 ]  0000374a          *   00000081   
                 [ 00006e94 ]  0000374a          *   00000081   csl_cdc.obj (.const:.string)

.const.3     0   [ 00006f98 ]  000037cc          *   00000048   
                 [ 00006f98 ]  000037cc          *   00000024   rts55x.lib : _printfi.obj (.const:.string)
                 [ 00006fe0 ]  000037f0          *   0000000c   main.obj (.const:.string)
                 [ 00006ff8 ]  000037fc          *   0000000c   rts55x.lib : _printfi.obj (.const)
                 [ 00007010 ]  00003808          *   00000008              : divd.obj (.const:_initial_approx$1)
                 [ 00007020 ]  00003810          *   00000002              : fputs.obj (.const:.string)
                 [ 00007024 ]  00003812          *   00000002              : fltlid.obj (.const)

.text        0     00020000  [ 00010000 ] 0001c9f2          *   
                   00020000  [ 00010000 ] 00004408          *   csl_mmcsd.obj (.text)
                   00024408  [ 00012204 ] 00002b24          *   csl_msc.obj (.text)
                   00026f2c  [ 00013796 ] 000029ff          *   csl_sdio.obj (.text)
                   0002992b  [ 00014c95+] 00002198          *   csl_usb.obj (.text)
                   0002bac3  [ 00015d61+] 000018a0          *   csl_dma.obj (.text)
                   0002d363  [ 000169b1+] 000015a4          *   rts55x.lib : _printfi.obj (.text)
                   0002e907  [ 00017483+] 000011ce          *   csl_nand.obj (.text)
                   0002fad5  [ 00017d6a+] 000010e1          *   csl_uart.obj (.text)
                   00030bb6  [ 000185db ] 00000dbe          *   csl_dat.obj (.text)
                   00031974  [ 00018cba ] 00000d62          *   csl_audioClass.obj (.text)
                   000326d6  [ 0001936b ] 00000c59          *   csl_cdc.obj (.text)
                   0003332f  [ 00019997+] 00000c3c          *   csl_i2c.obj (.text)
                   00033f6b  [ 00019fb5+] 00000b26          *   csl_mmcsd_ataIf.obj (.text)
                   00034a91  [ 0001a548+] 00000b18          *   csl_sar.obj (.text)
                   000355a9  [ 0001aad4+] 000009db          *   csl_i2s.obj (.text)
                   00035f84  [ 0001afc2 ] 00000895          *   csl_rtc.obj (.text)
                   00036819  [ 0001b40c+] 00000831          *   csl_lcdc.obj (.text)
                   0003704a  [ 0001b825 ] 0000072e          *   aic3204_init.obj (.text)
                   00037778  [ 0001bbbc ] 0000068d          *   csl_gpio.obj (.text)
                   00037e05  [ 0001bf02+] 000005b4          *   csl_spi.obj (.text)
                   000383b9  [ 0001c1dc+] 00000543          *   rts55x.lib : lowlev.obj (.text)
                   000388fc  [ 0001c47e ] 00000528          *              : trgdrv.obj (.text)
                   00038e24  [ 0001c712 ] 0000051f          *   csl_intc.obj (.text)
                   00039343  [ 0001c9a1+] 000004b5          *   rts55x.lib : memory.obj (.text)
                   000397f8  [ 0001cbfc ] 000003cc          *              : divd.obj (.text)
                   00039bc4  [ 0001cde2 ] 00000340          *   pll.obj (.text)
                   00039f04  [ 0001cf82 ] 0000033e          *   csl_mem.obj (.text)
                   0003a242  [ 0001d121 ] 000002eb          *   csl_gpt.obj (.text)
                   0003a52d  [ 0001d296+] 000002a8          *   csl_pll.obj (.text)
                   0003a7d5  [ 0001d3ea+] 0000027f          *   rts55x.lib : fopen.obj (.text)
                   0003aa54  [ 0001d52a ] 0000025e          *              : llmpy.obj (.text)
                   0003acb2  [ 0001d659 ] 0000025c          *   csl_wdt.obj (.text)
                   0003af0e  [ 0001d787 ] 0000025a          *   rts55x.lib : addd.obj (.text)
                   0003b168  [ 0001d8b4 ] 000001ea          *              : cmpd.obj (.text)
                   0003b352  [ 0001d9a9 ] 0000019f          *   ezdsp5535_i2c.obj (.text)
                   0003b4f1  [ 0001da78+] 00000187          *   aic3204.obj (.text)
                   0003b678  [ 0001db3c ] 00000163          *   rts55x.lib : fputs.obj (.text)
                   0003b7db  [ 0001dbed+] 0000015d          *   ezdsp5535_gpio.obj (.text)
                   0003b938  [ 0001dc9c ] 0000014c          *   rts55x.lib : mpyd.obj (.text)
                   0003ba84  [ 0001dd42 ] 00000137          *   main.obj (.text)
                   0003bbbb  [ 0001dddd+] 000000e6          *   rts55x.lib : setvbuf.obj (.text)
                   0003bca1  [ 0001de50+] 000000dd          *              : _io_perm.obj (.text)
                   0003bd7e  [ 0001debf ] 000000c2          *              : fflush.obj (.text)
                   0003be40  [ 0001df20 ] 000000ba          *              : trgmsg.obj (.text:CIO_breakpoint)
                   0003befa  [ 0001df7d ] 000000a6          *              : fputc.obj (.text)
                   0003bfa0  [ 0001dfd0 ] 000000a1          *              : divul.obj (.text)
                   0003c041  [ 0001e020+] 0000008c          *   csl_irqplug.obj (.text)
                   0003c0cd  [ 0001e066+] 00000082          *   rtc_routines.obj (.text:retain)
                   0003c14f  [ 0001e0a7+] 0000007d          *   rts55x.lib : ltoa.obj (.text)
                   0003c1cc  [ 0001e0e6 ] 0000007b          *              : fclose.obj (.text)
                   0003c247  [ 0001e123+] 00000076          *              : frcmpyd.obj (.text)
                   0003c2bd  [ 0001e15e+] 00000073          *              : frcmpyd_div.obj (.text)
                   0003c330  [ 0001e198 ] 00000072          *              : remul.obj (.text)
                   0003c3a2  [ 0001e1d1 ] 0000006f          *              : fixdli.obj (.text)
                   0003c411  [ 0001e208+] 0000006d          *              : trgmsg.obj (.text)
                   0003c47e  [ 0001e23f ] 0000006d          *   vectors.obj (.text)
                   0003c4eb  [ 0001e275+] 0000006b          *   rts55x.lib : fseek.obj (.text)
                   0003c556  [ 0001e2ab ] 00000067          *              : fltlid.obj (.text)
                   0003c5bd  [ 0001e2de+] 0000005c          *              : atoi.obj (.text)
                   0003c619  [ 0001e30c+] 0000005a          *   rtc_routines.obj (.text)
                   0003c673  [ 0001e339+] 00000054          *   ezdsp5535.obj (.text)
                   0003c6c7  [ 0001e363+] 00000050          *   rts55x.lib : printf.obj (.text)
                   0003c717  [ 0001e38b+] 0000004d          *              : autoinit.obj (.text)
                   0003c764  [ 0001e3b2 ] 0000004b          *              : args_main.obj (.text)
                   0003c7af  [ 0001e3d7+] 0000004b          *              : remli.obj (.text)
                   0003c7fa  [ 0001e3fd ] 00000048          *              : divli.obj (.text)
                   0003c842  [ 0001e421 ] 0000003f          *              : memcpy.obj (.text)
                   0003c881  [ 0001e440+] 0000003e          *              : exit.obj (.text)
                   0003c8bf  [ 0001e45f+] 00000034          *              : boot.obj (.text)
                   0003c8f3  [ 0001e479+] 0000002a          *              : fixdi.obj (.text)
                   0003c91d  [ 0001e48e+] 0000002a          *              : udiv.obj (.text)
                   0003c947  [ 0001e4a3+] 00000023          *              : memccpy.obj (.text)
                   0003c96a  [ 0001e4b5 ] 0000001a          *              : isinf.obj (.text)
                   0003c984  [ 0001e4c2 ] 00000014          *              : subd.obj (.text)
                   0003c998  [ 0001e4cc ] 00000013          *              : lmpy.obj (.text)
                   0003c9ab  [ 0001e4d5+] 00000012          *              : _lock.obj (.text)
                   0003c9bd  [ 0001e4de+] 00000011          *              : strlen.obj (.text)
                   0003c9ce  [ 0001e4e7 ] 00000010          *              : negd.obj (.text)
                   0003c9de  [ 0001e4ef ] 0000000a          *              : remove.obj (.text)
                   0003c9e8  [ 0001e4f4 ] 00000007          *              : exit.obj (.text:CIO_breakpoint)
                   0003c9ef  [ 0001e4f7+] 00000002          *              : vectors.obj (.text)
                   0003c9f1  [ 0001e4f8 ] 00000001          *   --HOLE-- [fill = 20]

.cio         0   [ 00040000 ]  00020000          *   00000120   UNINITIALIZED
                 [ 00040000 ]  00020000          *   00000120   rts55x.lib : trgmsg.obj (.cio)

.cinit       0   [ 00040240 ]  00020120          *   000000f7   
                 [ 00040240 ]  00020120          *   00000046   pll.obj (.cinit)
                 [ 000402cc ]  00020166          *   0000002d   rts55x.lib : lowlev.obj (.cinit)
                 [ 00040326 ]  00020193          *   0000002a              : defs.obj (.cinit)
                 [ 0004037a ]  000201bd          *   00000018   main.obj (.cinit)
                 [ 000403aa ]  000201d5          *   00000015   csl_mmcsd_ataIf.obj (.cinit)
                 [ 000403d4 ]  000201ea          *   0000000a   rts55x.lib : _lock.obj (.cinit)
                 [ 000403e8 ]  000201f4          *   0000000a              : exit.obj (.cinit)
                 [ 000403fc ]  000201fe          *   00000008   csl_i2s.obj (.cinit)
                 [ 0004040c ]  00020206          *   00000004   ezdsp5535_i2c.obj (.cinit)
                 [ 00040414 ]  0002020a          *   00000004   rtc_routines.obj (.cinit)
                 [ 0004041c ]  0002020e          *   00000004   rts55x.lib : fopen.obj (.cinit)
                 [ 00040424 ]  00020212          *   00000004              : memory.obj (.cinit)
                 [ 0004042c ]  00020216          *   00000001   --HOLE-- [fill = 0]

.switch      0   [ 00040430 ]  00020218          *   000000cc   
                 [ 00040430 ]  00020218          *   00000022   csl_sdio.obj (.switch:_SDIO_eventDisable)
                 [ 00040474 ]  0002023a          *   00000022   csl_sdio.obj (.switch:_SDIO_eventEnable)
                 [ 000404b8 ]  0002025c          *   00000020   csl_dma.obj (.switch:_DMA_config)
                 [ 000404f8 ]  0002027c          *   00000020   csl_dma.obj (.switch:_DMA_getConfig)
                 [ 00040538 ]  0002029c          *   00000020   csl_dma.obj (.switch:_DMA_reset)
                 [ 00040578 ]  000202bc          *   00000018   csl_usb.obj (.switch:_USB_coreEventProcessEp0)
                 [ 000405a8 ]  000202d4          *   00000010   csl_msc.obj (.switch:_MSC_Bulk)

vectors      0     0004fe00  [ 00027f00 ] 00000200          *   
                   0004fe00  [ 00027f00 ] 00000100          *   rts55x.lib : vectors.obj (vectors)
                   0004ff00  [ 00027f80 ] 00000100          *   vectors.obj (vectors)


GLOBAL SYMBOLS: SORTED ALPHABETICALLY BY Name 

abs. value/
byte addr   word addr   name
---------   ---------   ----
00000002                $TI_capability$C5500$CallingConvention
00000002                $TI_capability$C5500$MemoryModel
00000001                $TI_capability_requires_rev3
ffffffff                .bss
ffffffff                .data
ffffffff                .text
0003c9e9                C$$EXIT
0003bef5                C$$IO$$
0003c998                I$$LMPY
0003c91d                I$$UDIV
0003c932                I$$UMOD
0004ff00                RST
00031c33                _AC_Close
00031c6f                _AC_Ctrl
00031f02                _AC_GetactivityFlagStatus
00031f1c                _AC_GetsuspendFlagStatus
00031e66                _AC_Iso
000319eb                _AC_Open
00031f32                _AC_initDescriptors
00032491                _AC_reqGetCurrent
000321e0                _AC_reqGetDescriptor
00032596                _AC_reqGetMaximum
00032552                _AC_reqGetMinimum
000325da                _AC_reqGetResolution
000323b8                _AC_reqSetCurrent
0003261e                _AC_reqSetInterface
0003b4f1                _AIC3204_rget
0003b53c                _AIC3204_rset
            00002d6c    _ATA_No_Swap
0003295d                _CDC_Close
00032999                _CDC_GetactivityFlagStatus
000329b0                _CDC_GetsuspendFlagStatus
00032768                _CDC_Open
0003278c                _CDC_OpenFullspeed
00032dc1                _CDC_bulkInHandler
00032cc2                _CDC_bulkOutHandler
000329c6                _CDC_eventHandler
000330b0                _CDC_getData
0003313e                _CDC_putData
            00003115    _Count_RTC
00030c8d                _DAT_close
00030e21                _DAT_copy
0003131b                _DAT_fill
00030bb6                _DAT_open
0003182b                _DAT_wait
0002bbe6                _DMA_close
0002bc05                _DMA_config
0002c7d9                _DMA_getConfig
0002d2b7                _DMA_getLastTransferType
0002bac3                _DMA_init
0002bafa                _DMA_open
0002cf56                _DMA_reset
0002cd48                _DMA_start
0002ce55                _DMA_stop
0002d242                _DMA_swapWords
00037c63                _GPIO_clearInt
000377bc                _GPIO_close
000377e0                _GPIO_config
00037a13                _GPIO_configBit
00037b5b                _GPIO_disableInt
00037bd9                _GPIO_enableInt
00037865                _GPIO_getConfig
00037778                _GPIO_open
000378ed                _GPIO_read
00037d76                _GPIO_reset
00037cef                _GPIO_statusBit
0003bae6                _GPIO_test_init
00037970                _GPIO_write
0003a37f                _GPT_close
0003a486                _GPT_config
0003a44b                _GPT_getCnt
0003a242                _GPT_open
0003a305                _GPT_reset
0003a3f4                _GPT_start
0003a421                _GPT_stop
00038dc6                _HOSTclock
00038d5b                _HOSTclose
00038ca6                _HOSTlseek
00038c07                _HOSTopen
00038b7a                _HOSTread
00038acc                _HOSTrename
00038a6e                _HOSTtime
00038a04                _HOSTunlink
00038977                _HOSTwrite
000333d8                _I2C_config
00033da3                _I2C_eventDisable
00033c6f                _I2C_eventEnable
0003353d                _I2C_getConfig
00033f4f                _I2C_getEventId
0003332f                _I2C_init
00033a51                _I2C_read
00033ec2                _I2C_setCallback
00033613                _I2C_setup
0003380d                _I2C_write
000359d3                _I2S_close
000355a9                _I2S_open
00035a7e                _I2S_read
00035e8e                _I2S_reset
000356ec                _I2S_setup
00035f39                _I2S_transEnable
00035d38                _I2S_write
00038eac                _IRQ_clear
00038f16                _IRQ_clearAll
00038f26                _IRQ_config
00039033                _IRQ_disable
000390b1                _IRQ_disableAll
000390bf                _IRQ_enable
000391b9                _IRQ_getArg
00038fab                _IRQ_getConfig
000392fd                _IRQ_globalDisable
00039316                _IRQ_globalEnable
0003932f                _IRQ_globalRestore
00038e24                _IRQ_init
0003922e                _IRQ_map
0003c041                _IRQ_plug
00039149                _IRQ_restore
000391fd                _IRQ_setArg
0003925a                _IRQ_setVecs
0003928b                _IRQ_test
0003bb55                _InitSystem
0003702a                _LCD_close
00036cda                _LCD_configDMA
00036819                _LCD_init
0003683e                _LCD_open
00036880                _LCD_setup
0003a0d6                _MEM_disablePartialRetentionMode
00039f4b                _MEM_disableRetentionMode
00039f8e                _MEM_enablePartialRetentionMode
00039f08                _MEM_enableRetentionMode
0003a231                _MEM_getmSDRAMClock
00039f04                _MEM_init
0003a1f8                _MEM_setmSDRAMClock
00034a21                _MMC_busyStatusCheck
00024345                _MMC_checkReadDmaDone
00020360                _MMC_clearResponse
00020246                _MMC_close
00034a0b                _MMC_commandReadyStatusCheck
00020a87                _MMC_config
00034a16                _MMC_dataReadyStatusCheck
00020dcb                _MMC_deselectCard
000208aa                _MMC_drrdy
000208f2                _MMC_dxrdy
000206d2                _MMC_eventDisable
000204d6                _MMC_eventEnable
00034a3a                _MMC_file_system_format
00034a60                _MMC_flushFat
00021a5b                _MMC_getCardCsd
00024120                _MMC_getCardStatus
00020b21                _MMC_getConfig
0002032a                _MMC_getNumberOfCards
00034a2c                _MMC_getSerialID
00020975                _MMC_getStatus
00034a58                _MMC_get_date
00034a5c                _MMC_get_mod_date
00034a54                _MMC_get_mod_time
00034a50                _MMC_get_time
0002047d                _MMC_ierDisable
00020439                _MMC_ierEnable
00020000                _MMC_init
00033f6b                _MMC_initState
000204ae                _MMC_intEnable
0003438c                _MMC_issueReadCommand
00020037                _MMC_open
00022586                _MMC_read
0003477a                _MMC_readNSectors
00034627                _MMC_readNextNWords
00034546                _MMC_readNextWord
000345b5                _MMC_readNextWord1
000340ae                _MMC_readWriteControl
00034928                _MMC_read_CID
00034994                _MMC_read_CSD
00034a45                _MMC_reset
00020937                _MMC_saveStatus
00020e9a                _MMC_selectCard
0002169d                _MMC_sendAllCID
00020bbe                _MMC_sendCmd
00020c6f                _MMC_sendGoIdle
00021429                _MMC_sendOpCond
00023deb                _MMC_setBlockLength
000202ea                _MMC_setCallBack
000202b8                _MMC_setCardPtr
00020285                _MMC_setCardType
00023c3a                _MMC_setDataTransferCallback
00023c89                _MMC_setDmaChanConfig
00023bda                _MMC_setDmaHandle
00023d66                _MMC_setEndianMode
000214cd                _MMC_setRca
00023e83                _MMC_setWriteBlkEraseCnt
000209d6                _MMC_setupNative
00020cf6                _MMC_stop
00022fa1                _MMC_write
00034851                _MMC_writeNSectors
00034695                _MMC_writeSector
00034a00                _MMC_writeSectorFlush
00025362                _MSC_Bulk
00024f40                _MSC_Close
0002516b                _MSC_Ctrl
00025bee                _MSC_ExecuteRead
00025fe0                _MSC_ExecuteWrite
0002545e                _MSC_GetLunLockedStatus
0002548c                _MSC_GetactivityFlagStatus
000254a6                _MSC_GetsuspendFlagStatus
000267b6                _MSC_HandlePreventAllowMediaRemoval
00026959                _MSC_HandleReadCapacity
0002594a                _MSC_HandleStateWaitForCBW
00026593                _MSC_HandleTestUnitReady
00024bd6                _MSC_Open
00024bfa                _MSC_OpenFullspeed
00024f7c                _MSC_SetLunAttr
00026eb1                _MSC_handleDataDirMisMatch
00026de0                _MSC_reqBotMscReset
00026ba8                _MSC_reqGetDescriptor
00026e4b                _MSC_sendCswWithPhaseError
0002f0c2                _NAND_checkCommandStatus
0002f296                _NAND_disableHwECC
0002f16e                _NAND_enableHwECC
0002eeb4                _NAND_getBankInfo
0002f997                _NAND_getIntrNum
0002f879                _NAND_hasCacheProg
0002f8a9                _NAND_hasCopyBack
0002f819                _NAND_hasRandomRead
0002f849                _NAND_hasRandomWrite
0002e907                _NAND_init
0002fa76                _NAND_intrClear
0002f938                _NAND_intrDisable
0002f8d9                _NAND_intrEnable
0002f9b4                _NAND_intrReadAT
0002f9f3                _NAND_intrReadLT
0002fa34                _NAND_intrReadWR
0002efb1                _NAND_isStatusWriteProtected
0002f37b                _NAND_readECC
0002f52e                _NAND_readNBytes
0002f096                _NAND_sendCommand
0002f12a                _NAND_setAddress
0002ef76                _NAND_setLatchEnableOffset
0002e99a                _NAND_setup
0002f63f                _NAND_writeNBytes
0003bb23                _PLL_98MHz
0003a71a                _PLL_bypass
0003a58f                _PLL_config
0003a6b3                _PLL_enable
0003a557                _PLL_init
0003a769                _PLL_reset
0003c0cd                _RTC_Isr
00036700                _RTC_bcdToDec
00036046                _RTC_config
000366c2                _RTC_decToBcd
000365bf                _RTC_eventDisable
000364d4                _RTC_eventEnable
0003612f                _RTC_getConfig
00036310                _RTC_getDate
00036670                _RTC_getEventId
00036257                _RTC_getTime
0003600a                _RTC_reset
0003634f                _RTC_setAlarm
0003673e                _RTC_setCallback
000367cd                _RTC_setCompensation
000362a2                _RTC_setDate
00036420                _RTC_setPeriodicInterval
000361dd                _RTC_setTime
0003601a                _RTC_start
0003603e                _RTC_stop
0004fe00                _Reset
00035014                _SAR_A2DMeasParamSet
0003548e                _SAR_GPODirSet
00034b8b                _SAR_chanClose
00034c0f                _SAR_chanConfig
00034f0b                _SAR_chanCycSet
00034b0e                _SAR_chanInit
00034b29                _SAR_chanOpen
00034cf7                _SAR_chanSetup
00034aee                _SAR_deInit
00034c85                _SAR_getConfig
0003556a                _SAR_getStatus
00034a91                _SAR_init
00034fd3                _SAR_readData
00034f5a                _SAR_startConversion
00034f8c                _SAR_stopConversion
00027eb1                _SDIO_clearResponse
00027033                _SDIO_close
00027058                _SDIO_config
00027ac9                _SDIO_deselectCard
0002712e                _SDIO_detectCard
00028283                _SDIO_eventDisable
0002805d                _SDIO_eventEnable
00027a04                _SDIO_getRca
00027d20                _SDIO_getResponse
00027ff4                _SDIO_getSdioStatus
00027f8d                _SDIO_getStatus
00026f2c                _SDIO_init
00027498                _SDIO_initCard
00026f6a                _SDIO_open
00028f91                _SDIO_readBlocks
0002870e                _SDIO_readBytes
000284e6                _SDIO_readSingleByte
000284b1                _SDIO_readWaitDisable
00028479                _SDIO_readWaitEnable
0002791c                _SDIO_resetCard
00027b89                _SDIO_selectCard
00027c4c                _SDIO_sendCommand
000298a3                _SDIO_setClock
00029823                _SDIO_setEndianMode
000293cf                _SDIO_writeBlocks
00028b51                _SDIO_writeBytes
00028611                _SDIO_writeSingleByte
0002421c                _SD_configurePullup
00021ead                _SD_getCardCsd
00021872                _SD_sendAllCID
000215a4                _SD_sendRca
00023fb2                _SD_setBusWidth
00037e9a                _SPI_close
00037ec6                _SPI_config
00038346                _SPI_dataTransaction
0003814c                _SPI_deInit
00037e05                _SPI_init
00037e66                _SPI_open
00038178                _SPI_read
0003825a                _SPI_write
000300bb                _UART_config
000303f2                _UART_eventDisable
0003035a                _UART_eventEnable
0003072c                _UART_fgetc
0003084f                _UART_fgets
000307ca                _UART_fputc
0003097f                _UART_fputs
00030a93                _UART_getConfig
00030a6c                _UART_getEventId
0002fb5a                _UART_init
00030481                _UART_read
000302ca                _UART_reset
0003030f                _UART_resetOff
00030b50                _UART_setCallback
0002fc14                _UART_setup
000301c0                _UART_setupBaudRate
000305aa                _UART_write
0002b0b2                _USB_abortAllTransaction
0002af53                _USB_abortTransaction
0002a9ba                _USB_bytesRemaining
0002abc0                _USB_clearEndptStall
0002b103                _USB_connectDev
0002b60a                _USB_coreEventProcessEp0
0002b135                _USB_disconnectDev
0002ae26                _USB_epNumToHandle
0002b488                _USB_findFifoSize
0002b430                _USB_getDataCountReadFromFifo
0002ada5                _USB_getEndptStall
0002a5f1                _USB_getEvents
0002b23c                _USB_getFrameNo
0002b3e2                _USB_getMaxPower
0002b192                _USB_getRemoteWakeupStat
0002a6d4                _USB_getSetupPacket
00029bb9                _USB_init
0002a20c                _USB_initEndptObj
0002b305                _USB_initPLL
0002a935                _USB_isTransactionDone
0002b1a7                _USB_issueRemoteWakeup
0002a667                _USB_peekEvents
0002a77b                _USB_postTransaction
00029fdd                _USB_resetDev
0002b29c                _USB_selfwakeup
0002b1f4                _USB_setDevAddr
0002b3ff                _USB_setFullSpeedMode
0002b386                _USB_setParams
0002b164                _USB_setRemoteWakeup
0002aa4e                _USB_stallEndpt
0002b258                _USB_suspendDevice
0004ff00                _VECSTART
0003ade3                _WDTIM_close
0003ae5a                _WDTIM_config
0003adb5                _WDTIM_getCnt
0003aec4                _WDTIM_getConfig
0003acb2                _WDTIM_open
0003ae27                _WDTIM_service
0003ad28                _WDTIM_start
0003ad70                _WDTIM_stop
            00020000    __CIOBUF_
            00001060    __STACK_END
00002000                __STACK_SIZE
00002000                __SYSMEM_SIZE
00001000                __SYSSTACK_SIZE
00000001                __TI_args_main
ffffffff                ___binit__
ffffffff                ___bss__
ffffffff                ___c_args__
            00020120    ___cinit__
ffffffff                ___data__
ffffffff                ___edata__
ffffffff                ___end__
ffffffff                ___etext__
0003c96a                ___isinf
ffffffff                ___pinit__
ffffffff                ___text__
0003af0e                __addd
0003c764                __args_main
0003a8f6                __cleanup
            00003294    __cleanup_ptr
0003b2fa                __cmpd
            00003648    __ctypes_
000397f8                __divd
0003c7fa                __divli
0003ac7d                __divlli
0003c91d                __divu
0003bfa0                __divul
0003ab89                __divull
0003bd7e                __doflush
            00003296    __dtors_ptr
0003b2c6                __eqld
0003c8f3                __fixdi
0003c3a2                __fixdli
0003c556                __fltlid
0003c247                __frcmpyd
0003c2bd                __frcmpyd_div
            00003044    __ft_end
            00002f2c    __ftable
0003b27c                __geqd
0003b231                __gtrd
0003b1e4                __leqd
            00003290    __lock
0003b19c                __lssd
0003b938                __mpyd
0003c998                __mpyli
0003aad1                __mpylli
0003c9ce                __negd
0003b168                __neqd
0003c9bb                __nop
0002e6c5                __printfi
0003bd21                __rd_ok
0003c9b3                __register_lock
0003c9ab                __register_unlock
0003c7af                __remli
0003aaa2                __remlli
0003c932                __remu
0003c330                __remul
0003aa54                __remull
            00000060    __stack
0003c984                __subd
            00001860    __sys_memory
            00001060    __sysstack
            00002fa4    __tmpnams
            00003292    __unlock
0003bca1                __wrt_ok
0003c9e8                _abort
0003880c                _add_device
0003b5aa                _aic3204_codec_read
0003b5f0                _aic3204_codec_read_MONO
0003b63c                _aic3204_codec_write
0003b58e                _aic3204_disable
0003b55e                _aic3204_hardware_init
0003704a                _aic3204_init
0003c5bd                _atoi
0003c717                _auto_init
0003c8bf                _c_int00
            00002d64    _cached_phySector0
            00002d66    _cached_phySector1
            00002d68    _cached_phySector2
            00002d6a    _cached_phySector3
000397d2                _calloc
000397ca                _chkheap
            00003284    _clearOverlaps
00038799                _close
            00003298    _counter1
            00003299    _counter2
0003758e                _do_sample_and_gain
0003c619                _enable_rtc_second_int
0003c881                _exit
0003b8d9                _ezdsp5535_GPIO_getInput
0003b7db                _ezdsp5535_GPIO_init
0003b7df                _ezdsp5535_GPIO_setDirection
0003b85c                _ezdsp5535_GPIO_setOutput
0003b371                _ezdsp5535_I2C_close
0003b352                _ezdsp5535_I2C_init
0003b478                _ezdsp5535_I2C_read
0003b37a                _ezdsp5535_I2C_reset
0003b388                _ezdsp5535_I2C_write
0003b403                _ezdsp5535_I2C_write_SR
0003c6b9                _ezdsp5535_init
0003c673                _ezdsp5535_wait
0003c6a7                _ezdsp5535_waitusec
            00003283    _fBypassOn
            00003282    _fFilterOn
0003c1cc                _fclose
0003bde7                _fflush
00038790                _find_registered_device
0003aa19                _fopen
0003befa                _fputc
0003b678                _fputs
00039343                _free
00039774                _free_memory
0003a950                _freopen
            0000326a    _fsError
0003c4eb                _fseek
            00002e46    _gBulkInTransfer
            00002e54    _gBulkOutTransfer
            00002e38    _gCtrlTransfer
            00002e8c    _gEpStatus
            0000326c    _gI2cObj
            00002e7e    _gIntInTransfer
            00002e62    _gIsoInTransfer
            00002e70    _gIsoOutTransfer
            00002962    _gNextPhySector
            00002860    _gReadBuf
            00002d70    _gUsbContext
            00002f1c    _gUsbEpHandle
            00002960    _gWordCount
            00002964    _gWriteBuf
            0000327f    _gain_db
            00003285    _gain_overdrive
000388fc                _getenv
            00003216    _hPll
            0000327c    _i2cHandle
            00003281    _l
0003872a                _lseek
0003c14f                _ltoa
0003ba84                _main
00039474                _malloc
0003971a                _max_free
0003c947                _memccpy
0003c842                _memcpy
0003940f                _minit
            00002961    _nbuf_cached
0003866b                _open
            0000326b    _ouError
0003baf8                _overdrive
            00003240    _pConfigInfo
0003bad0                _pedal_init
            00003212    _pllCfg1
            00003238    _pllCfg_100MHz
            0000323c    _pllCfg_120MHz
            00003220    _pllCfg_12MHz
            00003224    _pllCfg_12p288MHz
            00003218    _pllCfg_1MHz
            0000321c    _pllCfg_2MHz
            00003228    _pllCfg_40MHz
            0000322c    _pllCfg_60MHz
            00003230    _pllCfg_75MHz
            00003234    _pllCfg_98MHz
            0000320c    _pllObj
00039c3f                _pll_frequency_setup
0003c6c7                _printf
0003befa                _putc
0003bf91                _putchar
0003b7ad                _puts
            00003280    _r
000385bd                _read
0003c411                _readmsg
00039569                _realloc
0003c9de                _remove
00038587                _remove_device
0003852e                _rename
0003c625                _reset_RTC
            0000329a    _retcode
            0000327e    _sample_rate
00037228                _set_sampling_frequency_and_gain
0003bbbb                _setvbuf
0003c9bd                _strlen
            00003288    _sw
            00002d6f    _sysCtrlRegs
            00003287    _th_hard_overdrive
            00003286    _th_soft_overdrive
000384fb                _unlink
            00002d6e    _usbRegisters
000383b9                _write
0003be40                _writemsg
ffffffff                binit
            00020120    cinit
ffffffff                edata
ffffffff                end
ffffffff                etext
ffffffff                pinit


GLOBAL SYMBOLS: SORTED BY Symbol Address 

abs. value/
byte addr   word addr   name
---------   ---------   ----
00000001                $TI_capability_requires_rev3
00000001                __TI_args_main
00000002                $TI_capability$C5500$CallingConvention
00000002                $TI_capability$C5500$MemoryModel
            00000060    __stack
00001000                __SYSSTACK_SIZE
00002000                __STACK_SIZE
00002000                __SYSMEM_SIZE
            00001060    __STACK_END
            00001060    __sysstack
            00001860    __sys_memory
            00002860    _gReadBuf
            00002960    _gWordCount
            00002961    _nbuf_cached
            00002962    _gNextPhySector
            00002964    _gWriteBuf
            00002d64    _cached_phySector0
            00002d66    _cached_phySector1
            00002d68    _cached_phySector2
            00002d6a    _cached_phySector3
            00002d6c    _ATA_No_Swap
            00002d6e    _usbRegisters
            00002d6f    _sysCtrlRegs
            00002d70    _gUsbContext
            00002e38    _gCtrlTransfer
            00002e46    _gBulkInTransfer
            00002e54    _gBulkOutTransfer
            00002e62    _gIsoInTransfer
            00002e70    _gIsoOutTransfer
            00002e7e    _gIntInTransfer
            00002e8c    _gEpStatus
            00002f1c    _gUsbEpHandle
            00002f2c    __ftable
            00002fa4    __tmpnams
            00003044    __ft_end
            00003115    _Count_RTC
            0000320c    _pllObj
            00003212    _pllCfg1
            00003216    _hPll
            00003218    _pllCfg_1MHz
            0000321c    _pllCfg_2MHz
            00003220    _pllCfg_12MHz
            00003224    _pllCfg_12p288MHz
            00003228    _pllCfg_40MHz
            0000322c    _pllCfg_60MHz
            00003230    _pllCfg_75MHz
            00003234    _pllCfg_98MHz
            00003238    _pllCfg_100MHz
            0000323c    _pllCfg_120MHz
            00003240    _pConfigInfo
            0000326a    _fsError
            0000326b    _ouError
            0000326c    _gI2cObj
            0000327c    _i2cHandle
            0000327e    _sample_rate
            0000327f    _gain_db
            00003280    _r
            00003281    _l
            00003282    _fFilterOn
            00003283    _fBypassOn
            00003284    _clearOverlaps
            00003285    _gain_overdrive
            00003286    _th_soft_overdrive
            00003287    _th_hard_overdrive
            00003288    _sw
            00003290    __lock
            00003292    __unlock
            00003294    __cleanup_ptr
            00003296    __dtors_ptr
            00003298    _counter1
            00003299    _counter2
            0000329a    _retcode
            00003648    __ctypes_
00020000                _MMC_init
00020037                _MMC_open
00020246                _MMC_close
00020285                _MMC_setCardType
000202b8                _MMC_setCardPtr
000202ea                _MMC_setCallBack
0002032a                _MMC_getNumberOfCards
00020360                _MMC_clearResponse
00020439                _MMC_ierEnable
0002047d                _MMC_ierDisable
000204ae                _MMC_intEnable
000204d6                _MMC_eventEnable
000206d2                _MMC_eventDisable
000208aa                _MMC_drrdy
000208f2                _MMC_dxrdy
00020937                _MMC_saveStatus
00020975                _MMC_getStatus
000209d6                _MMC_setupNative
00020a87                _MMC_config
00020b21                _MMC_getConfig
00020bbe                _MMC_sendCmd
00020c6f                _MMC_sendGoIdle
00020cf6                _MMC_stop
00020dcb                _MMC_deselectCard
00020e9a                _MMC_selectCard
00021429                _MMC_sendOpCond
000214cd                _MMC_setRca
000215a4                _SD_sendRca
0002169d                _MMC_sendAllCID
00021872                _SD_sendAllCID
00021a5b                _MMC_getCardCsd
00021ead                _SD_getCardCsd
00022586                _MMC_read
00022fa1                _MMC_write
00023bda                _MMC_setDmaHandle
00023c3a                _MMC_setDataTransferCallback
00023c89                _MMC_setDmaChanConfig
00023d66                _MMC_setEndianMode
00023deb                _MMC_setBlockLength
00023e83                _MMC_setWriteBlkEraseCnt
00023fb2                _SD_setBusWidth
00024120                _MMC_getCardStatus
0002421c                _SD_configurePullup
00024345                _MMC_checkReadDmaDone
00024bd6                _MSC_Open
00024bfa                _MSC_OpenFullspeed
00024f40                _MSC_Close
00024f7c                _MSC_SetLunAttr
0002516b                _MSC_Ctrl
00025362                _MSC_Bulk
0002545e                _MSC_GetLunLockedStatus
0002548c                _MSC_GetactivityFlagStatus
000254a6                _MSC_GetsuspendFlagStatus
0002594a                _MSC_HandleStateWaitForCBW
00025bee                _MSC_ExecuteRead
00025fe0                _MSC_ExecuteWrite
00026593                _MSC_HandleTestUnitReady
000267b6                _MSC_HandlePreventAllowMediaRemoval
00026959                _MSC_HandleReadCapacity
00026ba8                _MSC_reqGetDescriptor
00026de0                _MSC_reqBotMscReset
00026e4b                _MSC_sendCswWithPhaseError
00026eb1                _MSC_handleDataDirMisMatch
00026f2c                _SDIO_init
00026f6a                _SDIO_open
00027033                _SDIO_close
00027058                _SDIO_config
0002712e                _SDIO_detectCard
00027498                _SDIO_initCard
0002791c                _SDIO_resetCard
00027a04                _SDIO_getRca
00027ac9                _SDIO_deselectCard
00027b89                _SDIO_selectCard
00027c4c                _SDIO_sendCommand
00027d20                _SDIO_getResponse
00027eb1                _SDIO_clearResponse
00027f8d                _SDIO_getStatus
00027ff4                _SDIO_getSdioStatus
0002805d                _SDIO_eventEnable
00028283                _SDIO_eventDisable
00028479                _SDIO_readWaitEnable
000284b1                _SDIO_readWaitDisable
000284e6                _SDIO_readSingleByte
00028611                _SDIO_writeSingleByte
0002870e                _SDIO_readBytes
00028b51                _SDIO_writeBytes
00028f91                _SDIO_readBlocks
000293cf                _SDIO_writeBlocks
00029823                _SDIO_setEndianMode
000298a3                _SDIO_setClock
00029bb9                _USB_init
00029fdd                _USB_resetDev
0002a20c                _USB_initEndptObj
0002a5f1                _USB_getEvents
0002a667                _USB_peekEvents
0002a6d4                _USB_getSetupPacket
0002a77b                _USB_postTransaction
0002a935                _USB_isTransactionDone
0002a9ba                _USB_bytesRemaining
0002aa4e                _USB_stallEndpt
0002abc0                _USB_clearEndptStall
0002ada5                _USB_getEndptStall
0002ae26                _USB_epNumToHandle
0002af53                _USB_abortTransaction
0002b0b2                _USB_abortAllTransaction
0002b103                _USB_connectDev
0002b135                _USB_disconnectDev
0002b164                _USB_setRemoteWakeup
0002b192                _USB_getRemoteWakeupStat
0002b1a7                _USB_issueRemoteWakeup
0002b1f4                _USB_setDevAddr
0002b23c                _USB_getFrameNo
0002b258                _USB_suspendDevice
0002b29c                _USB_selfwakeup
0002b305                _USB_initPLL
0002b386                _USB_setParams
0002b3e2                _USB_getMaxPower
0002b3ff                _USB_setFullSpeedMode
0002b430                _USB_getDataCountReadFromFifo
0002b488                _USB_findFifoSize
0002b60a                _USB_coreEventProcessEp0
0002bac3                _DMA_init
0002bafa                _DMA_open
0002bbe6                _DMA_close
0002bc05                _DMA_config
0002c7d9                _DMA_getConfig
0002cd48                _DMA_start
0002ce55                _DMA_stop
0002cf56                _DMA_reset
0002d242                _DMA_swapWords
0002d2b7                _DMA_getLastTransferType
0002e6c5                __printfi
0002e907                _NAND_init
0002e99a                _NAND_setup
0002eeb4                _NAND_getBankInfo
0002ef76                _NAND_setLatchEnableOffset
0002efb1                _NAND_isStatusWriteProtected
0002f096                _NAND_sendCommand
0002f0c2                _NAND_checkCommandStatus
0002f12a                _NAND_setAddress
0002f16e                _NAND_enableHwECC
0002f296                _NAND_disableHwECC
0002f37b                _NAND_readECC
0002f52e                _NAND_readNBytes
0002f63f                _NAND_writeNBytes
0002f819                _NAND_hasRandomRead
0002f849                _NAND_hasRandomWrite
0002f879                _NAND_hasCacheProg
0002f8a9                _NAND_hasCopyBack
0002f8d9                _NAND_intrEnable
0002f938                _NAND_intrDisable
0002f997                _NAND_getIntrNum
0002f9b4                _NAND_intrReadAT
0002f9f3                _NAND_intrReadLT
0002fa34                _NAND_intrReadWR
0002fa76                _NAND_intrClear
0002fb5a                _UART_init
0002fc14                _UART_setup
000300bb                _UART_config
000301c0                _UART_setupBaudRate
000302ca                _UART_reset
0003030f                _UART_resetOff
0003035a                _UART_eventEnable
000303f2                _UART_eventDisable
00030481                _UART_read
000305aa                _UART_write
0003072c                _UART_fgetc
000307ca                _UART_fputc
0003084f                _UART_fgets
0003097f                _UART_fputs
00030a6c                _UART_getEventId
00030a93                _UART_getConfig
00030b50                _UART_setCallback
00030bb6                _DAT_open
00030c8d                _DAT_close
00030e21                _DAT_copy
0003131b                _DAT_fill
0003182b                _DAT_wait
000319eb                _AC_Open
00031c33                _AC_Close
00031c6f                _AC_Ctrl
00031e66                _AC_Iso
00031f02                _AC_GetactivityFlagStatus
00031f1c                _AC_GetsuspendFlagStatus
00031f32                _AC_initDescriptors
000321e0                _AC_reqGetDescriptor
000323b8                _AC_reqSetCurrent
00032491                _AC_reqGetCurrent
00032552                _AC_reqGetMinimum
00032596                _AC_reqGetMaximum
000325da                _AC_reqGetResolution
0003261e                _AC_reqSetInterface
00032768                _CDC_Open
0003278c                _CDC_OpenFullspeed
0003295d                _CDC_Close
00032999                _CDC_GetactivityFlagStatus
000329b0                _CDC_GetsuspendFlagStatus
000329c6                _CDC_eventHandler
00032cc2                _CDC_bulkOutHandler
00032dc1                _CDC_bulkInHandler
000330b0                _CDC_getData
0003313e                _CDC_putData
0003332f                _I2C_init
000333d8                _I2C_config
0003353d                _I2C_getConfig
00033613                _I2C_setup
0003380d                _I2C_write
00033a51                _I2C_read
00033c6f                _I2C_eventEnable
00033da3                _I2C_eventDisable
00033ec2                _I2C_setCallback
00033f4f                _I2C_getEventId
00033f6b                _MMC_initState
000340ae                _MMC_readWriteControl
0003438c                _MMC_issueReadCommand
00034546                _MMC_readNextWord
000345b5                _MMC_readNextWord1
00034627                _MMC_readNextNWords
00034695                _MMC_writeSector
0003477a                _MMC_readNSectors
00034851                _MMC_writeNSectors
00034928                _MMC_read_CID
00034994                _MMC_read_CSD
00034a00                _MMC_writeSectorFlush
00034a0b                _MMC_commandReadyStatusCheck
00034a16                _MMC_dataReadyStatusCheck
00034a21                _MMC_busyStatusCheck
00034a2c                _MMC_getSerialID
00034a3a                _MMC_file_system_format
00034a45                _MMC_reset
00034a50                _MMC_get_time
00034a54                _MMC_get_mod_time
00034a58                _MMC_get_date
00034a5c                _MMC_get_mod_date
00034a60                _MMC_flushFat
00034a91                _SAR_init
00034aee                _SAR_deInit
00034b0e                _SAR_chanInit
00034b29                _SAR_chanOpen
00034b8b                _SAR_chanClose
00034c0f                _SAR_chanConfig
00034c85                _SAR_getConfig
00034cf7                _SAR_chanSetup
00034f0b                _SAR_chanCycSet
00034f5a                _SAR_startConversion
00034f8c                _SAR_stopConversion
00034fd3                _SAR_readData
00035014                _SAR_A2DMeasParamSet
0003548e                _SAR_GPODirSet
0003556a                _SAR_getStatus
000355a9                _I2S_open
000356ec                _I2S_setup
000359d3                _I2S_close
00035a7e                _I2S_read
00035d38                _I2S_write
00035e8e                _I2S_reset
00035f39                _I2S_transEnable
0003600a                _RTC_reset
0003601a                _RTC_start
0003603e                _RTC_stop
00036046                _RTC_config
0003612f                _RTC_getConfig
000361dd                _RTC_setTime
00036257                _RTC_getTime
000362a2                _RTC_setDate
00036310                _RTC_getDate
0003634f                _RTC_setAlarm
00036420                _RTC_setPeriodicInterval
000364d4                _RTC_eventEnable
000365bf                _RTC_eventDisable
00036670                _RTC_getEventId
000366c2                _RTC_decToBcd
00036700                _RTC_bcdToDec
0003673e                _RTC_setCallback
000367cd                _RTC_setCompensation
00036819                _LCD_init
0003683e                _LCD_open
00036880                _LCD_setup
00036cda                _LCD_configDMA
0003702a                _LCD_close
0003704a                _aic3204_init
00037228                _set_sampling_frequency_and_gain
0003758e                _do_sample_and_gain
00037778                _GPIO_open
000377bc                _GPIO_close
000377e0                _GPIO_config
00037865                _GPIO_getConfig
000378ed                _GPIO_read
00037970                _GPIO_write
00037a13                _GPIO_configBit
00037b5b                _GPIO_disableInt
00037bd9                _GPIO_enableInt
00037c63                _GPIO_clearInt
00037cef                _GPIO_statusBit
00037d76                _GPIO_reset
00037e05                _SPI_init
00037e66                _SPI_open
00037e9a                _SPI_close
00037ec6                _SPI_config
0003814c                _SPI_deInit
00038178                _SPI_read
0003825a                _SPI_write
00038346                _SPI_dataTransaction
000383b9                _write
000384fb                _unlink
0003852e                _rename
00038587                _remove_device
000385bd                _read
0003866b                _open
0003872a                _lseek
00038790                _find_registered_device
00038799                _close
0003880c                _add_device
000388fc                _getenv
00038977                _HOSTwrite
00038a04                _HOSTunlink
00038a6e                _HOSTtime
00038acc                _HOSTrename
00038b7a                _HOSTread
00038c07                _HOSTopen
00038ca6                _HOSTlseek
00038d5b                _HOSTclose
00038dc6                _HOSTclock
00038e24                _IRQ_init
00038eac                _IRQ_clear
00038f16                _IRQ_clearAll
00038f26                _IRQ_config
00038fab                _IRQ_getConfig
00039033                _IRQ_disable
000390b1                _IRQ_disableAll
000390bf                _IRQ_enable
00039149                _IRQ_restore
000391b9                _IRQ_getArg
000391fd                _IRQ_setArg
0003922e                _IRQ_map
0003925a                _IRQ_setVecs
0003928b                _IRQ_test
000392fd                _IRQ_globalDisable
00039316                _IRQ_globalEnable
0003932f                _IRQ_globalRestore
00039343                _free
0003940f                _minit
00039474                _malloc
00039569                _realloc
0003971a                _max_free
00039774                _free_memory
000397ca                _chkheap
000397d2                _calloc
000397f8                __divd
00039c3f                _pll_frequency_setup
00039f04                _MEM_init
00039f08                _MEM_enableRetentionMode
00039f4b                _MEM_disableRetentionMode
00039f8e                _MEM_enablePartialRetentionMode
0003a0d6                _MEM_disablePartialRetentionMode
0003a1f8                _MEM_setmSDRAMClock
0003a231                _MEM_getmSDRAMClock
0003a242                _GPT_open
0003a305                _GPT_reset
0003a37f                _GPT_close
0003a3f4                _GPT_start
0003a421                _GPT_stop
0003a44b                _GPT_getCnt
0003a486                _GPT_config
0003a557                _PLL_init
0003a58f                _PLL_config
0003a6b3                _PLL_enable
0003a71a                _PLL_bypass
0003a769                _PLL_reset
0003a8f6                __cleanup
0003a950                _freopen
0003aa19                _fopen
0003aa54                __remull
0003aaa2                __remlli
0003aad1                __mpylli
0003ab89                __divull
0003ac7d                __divlli
0003acb2                _WDTIM_open
0003ad28                _WDTIM_start
0003ad70                _WDTIM_stop
0003adb5                _WDTIM_getCnt
0003ade3                _WDTIM_close
0003ae27                _WDTIM_service
0003ae5a                _WDTIM_config
0003aec4                _WDTIM_getConfig
0003af0e                __addd
0003b168                __neqd
0003b19c                __lssd
0003b1e4                __leqd
0003b231                __gtrd
0003b27c                __geqd
0003b2c6                __eqld
0003b2fa                __cmpd
0003b352                _ezdsp5535_I2C_init
0003b371                _ezdsp5535_I2C_close
0003b37a                _ezdsp5535_I2C_reset
0003b388                _ezdsp5535_I2C_write
0003b403                _ezdsp5535_I2C_write_SR
0003b478                _ezdsp5535_I2C_read
0003b4f1                _AIC3204_rget
0003b53c                _AIC3204_rset
0003b55e                _aic3204_hardware_init
0003b58e                _aic3204_disable
0003b5aa                _aic3204_codec_read
0003b5f0                _aic3204_codec_read_MONO
0003b63c                _aic3204_codec_write
0003b678                _fputs
0003b7ad                _puts
0003b7db                _ezdsp5535_GPIO_init
0003b7df                _ezdsp5535_GPIO_setDirection
0003b85c                _ezdsp5535_GPIO_setOutput
0003b8d9                _ezdsp5535_GPIO_getInput
0003b938                __mpyd
0003ba84                _main
0003bad0                _pedal_init
0003bae6                _GPIO_test_init
0003baf8                _overdrive
0003bb23                _PLL_98MHz
0003bb55                _InitSystem
0003bbbb                _setvbuf
0003bca1                __wrt_ok
0003bd21                __rd_ok
0003bd7e                __doflush
0003bde7                _fflush
0003be40                _writemsg
0003bef5                C$$IO$$
0003befa                _fputc
0003befa                _putc
0003bf91                _putchar
0003bfa0                __divul
0003c041                _IRQ_plug
0003c0cd                _RTC_Isr
0003c14f                _ltoa
0003c1cc                _fclose
0003c247                __frcmpyd
0003c2bd                __frcmpyd_div
0003c330                __remul
0003c3a2                __fixdli
0003c411                _readmsg
0003c4eb                _fseek
0003c556                __fltlid
0003c5bd                _atoi
0003c619                _enable_rtc_second_int
0003c625                _reset_RTC
0003c673                _ezdsp5535_wait
0003c6a7                _ezdsp5535_waitusec
0003c6b9                _ezdsp5535_init
0003c6c7                _printf
0003c717                _auto_init
0003c764                __args_main
0003c7af                __remli
0003c7fa                __divli
0003c842                _memcpy
0003c881                _exit
0003c8bf                _c_int00
0003c8f3                __fixdi
0003c91d                I$$UDIV
0003c91d                __divu
0003c932                I$$UMOD
0003c932                __remu
0003c947                _memccpy
0003c96a                ___isinf
0003c984                __subd
0003c998                I$$LMPY
0003c998                __mpyli
0003c9ab                __register_unlock
0003c9b3                __register_lock
0003c9bb                __nop
0003c9bd                _strlen
0003c9ce                __negd
0003c9de                _remove
0003c9e8                _abort
0003c9e9                C$$EXIT
            00020000    __CIOBUF_
            00020120    ___cinit__
            00020120    cinit
0004fe00                _Reset
0004ff00                RST
0004ff00                _VECSTART
ffffffff                .bss
ffffffff                .data
ffffffff                .text
ffffffff                ___binit__
ffffffff                ___bss__
ffffffff                ___c_args__
ffffffff                ___data__
ffffffff                ___edata__
ffffffff                ___end__
ffffffff                ___etext__
ffffffff                ___pinit__
ffffffff                ___text__
ffffffff                binit
ffffffff                edata
ffffffff                end
ffffffff                etext
ffffffff                pinit

[569 symbols]
