<?xml version="1.0"?>
<link_info>
   <banner>TMS320C55x Linker PC v4.4.1</banner>
   <copyright>Copyright (c) 1996-2012 Texas Instruments Incorporated</copyright>
   <link_time>0x6253cf26</link_time>
   <output_file>P6_Bsc_guitar_test.out</output_file>
   <entry_point>
      <name>_c_int00</name>
      <address>0x3c1cf</address>
   </entry_point>
   <input_file_list>
      <input_file id="fl-2">
         <path>.\</path>
         <kind>object</kind>
         <file>main.obj</file>
         <name>main.obj</name>
      </input_file>
      <input_file id="fl-3">
         <path>.\include\</path>
         <kind>object</kind>
         <file>aic3204.obj</file>
         <name>aic3204.obj</name>
      </input_file>
      <input_file id="fl-4">
         <path>.\include\</path>
         <kind>object</kind>
         <file>aic3204_init.obj</file>
         <name>aic3204_init.obj</name>
      </input_file>
      <input_file id="fl-5">
         <path>.\include\</path>
         <kind>object</kind>
         <file>ezdsp5535.obj</file>
         <name>ezdsp5535.obj</name>
      </input_file>
      <input_file id="fl-6">
         <path>.\include\</path>
         <kind>object</kind>
         <file>ezdsp5535_gpio.obj</file>
         <name>ezdsp5535_gpio.obj</name>
      </input_file>
      <input_file id="fl-7">
         <path>.\include\</path>
         <kind>object</kind>
         <file>ezdsp5535_i2c.obj</file>
         <name>ezdsp5535_i2c.obj</name>
      </input_file>
      <input_file id="fl-8">
         <path>.\src\</path>
         <kind>object</kind>
         <file>csl_audioClass.obj</file>
         <name>csl_audioClass.obj</name>
      </input_file>
      <input_file id="fl-9">
         <path>.\src\</path>
         <kind>object</kind>
         <file>csl_cdc.obj</file>
         <name>csl_cdc.obj</name>
      </input_file>
      <input_file id="fl-a">
         <path>.\src\</path>
         <kind>object</kind>
         <file>csl_dat.obj</file>
         <name>csl_dat.obj</name>
      </input_file>
      <input_file id="fl-b">
         <path>.\src\</path>
         <kind>object</kind>
         <file>csl_dma.obj</file>
         <name>csl_dma.obj</name>
      </input_file>
      <input_file id="fl-c">
         <path>.\src\</path>
         <kind>object</kind>
         <file>csl_gpio.obj</file>
         <name>csl_gpio.obj</name>
      </input_file>
      <input_file id="fl-d">
         <path>.\src\</path>
         <kind>object</kind>
         <file>csl_gpt.obj</file>
         <name>csl_gpt.obj</name>
      </input_file>
      <input_file id="fl-e">
         <path>.\src\</path>
         <kind>object</kind>
         <file>csl_i2c.obj</file>
         <name>csl_i2c.obj</name>
      </input_file>
      <input_file id="fl-f">
         <path>.\src\</path>
         <kind>object</kind>
         <file>csl_i2s.obj</file>
         <name>csl_i2s.obj</name>
      </input_file>
      <input_file id="fl-10">
         <path>.\src\</path>
         <kind>object</kind>
         <file>csl_intc.obj</file>
         <name>csl_intc.obj</name>
      </input_file>
      <input_file id="fl-11">
         <path>.\src\</path>
         <kind>object</kind>
         <file>csl_irqplug.obj</file>
         <name>csl_irqplug.obj</name>
      </input_file>
      <input_file id="fl-12">
         <path>.\src\</path>
         <kind>object</kind>
         <file>csl_lcdc.obj</file>
         <name>csl_lcdc.obj</name>
      </input_file>
      <input_file id="fl-13">
         <path>.\src\</path>
         <kind>object</kind>
         <file>csl_mem.obj</file>
         <name>csl_mem.obj</name>
      </input_file>
      <input_file id="fl-14">
         <path>.\src\</path>
         <kind>object</kind>
         <file>csl_mmcsd.obj</file>
         <name>csl_mmcsd.obj</name>
      </input_file>
      <input_file id="fl-15">
         <path>.\src\</path>
         <kind>object</kind>
         <file>csl_mmcsd_ataIf.obj</file>
         <name>csl_mmcsd_ataIf.obj</name>
      </input_file>
      <input_file id="fl-16">
         <path>.\src\</path>
         <kind>object</kind>
         <file>csl_msc.obj</file>
         <name>csl_msc.obj</name>
      </input_file>
      <input_file id="fl-17">
         <path>.\src\</path>
         <kind>object</kind>
         <file>csl_nand.obj</file>
         <name>csl_nand.obj</name>
      </input_file>
      <input_file id="fl-18">
         <path>.\src\</path>
         <kind>object</kind>
         <file>csl_pll.obj</file>
         <name>csl_pll.obj</name>
      </input_file>
      <input_file id="fl-19">
         <path>.\src\</path>
         <kind>object</kind>
         <file>csl_rtc.obj</file>
         <name>csl_rtc.obj</name>
      </input_file>
      <input_file id="fl-1a">
         <path>.\src\</path>
         <kind>object</kind>
         <file>csl_sar.obj</file>
         <name>csl_sar.obj</name>
      </input_file>
      <input_file id="fl-1b">
         <path>.\src\</path>
         <kind>object</kind>
         <file>csl_sdio.obj</file>
         <name>csl_sdio.obj</name>
      </input_file>
      <input_file id="fl-1c">
         <path>.\src\</path>
         <kind>object</kind>
         <file>csl_spi.obj</file>
         <name>csl_spi.obj</name>
      </input_file>
      <input_file id="fl-1d">
         <path>.\src\</path>
         <kind>object</kind>
         <file>csl_uart.obj</file>
         <name>csl_uart.obj</name>
      </input_file>
      <input_file id="fl-1e">
         <path>.\src\</path>
         <kind>object</kind>
         <file>csl_usb.obj</file>
         <name>csl_usb.obj</name>
      </input_file>
      <input_file id="fl-1f">
         <path>.\src\</path>
         <kind>object</kind>
         <file>csl_wdt.obj</file>
         <name>csl_wdt.obj</name>
      </input_file>
      <input_file id="fl-20">
         <path>.\src\</path>
         <kind>object</kind>
         <file>vectors.obj</file>
         <name>vectors.obj</name>
      </input_file>
      <input_file id="fl-25">
         <path>..\lib\</path>
         <kind>archive</kind>
         <file>ezdsp5535bsl.lib</file>
         <name>ezdsp5535.obj</name>
      </input_file>
      <input_file id="fl-26">
         <path>C:\ti\ccs1110\ccs\tools\compiler\c5500_4.4.1\lib\</path>
         <kind>archive</kind>
         <file>rts55x.lib</file>
         <name>boot.obj</name>
      </input_file>
      <input_file id="fl-27">
         <path>C:\ti\ccs1110\ccs\tools\compiler\c5500_4.4.1\lib\</path>
         <kind>archive</kind>
         <file>rts55x.lib</file>
         <name>divul.obj</name>
      </input_file>
      <input_file id="fl-28">
         <path>C:\ti\ccs1110\ccs\tools\compiler\c5500_4.4.1\lib\</path>
         <kind>archive</kind>
         <file>rts55x.lib</file>
         <name>exit.obj</name>
      </input_file>
      <input_file id="fl-29">
         <path>C:\ti\ccs1110\ccs\tools\compiler\c5500_4.4.1\lib\</path>
         <kind>archive</kind>
         <file>rts55x.lib</file>
         <name>lmpy.obj</name>
      </input_file>
      <input_file id="fl-2a">
         <path>C:\ti\ccs1110\ccs\tools\compiler\c5500_4.4.1\lib\</path>
         <kind>archive</kind>
         <file>rts55x.lib</file>
         <name>printf.obj</name>
      </input_file>
      <input_file id="fl-2b">
         <path>C:\ti\ccs1110\ccs\tools\compiler\c5500_4.4.1\lib\</path>
         <kind>archive</kind>
         <file>rts55x.lib</file>
         <name>remul.obj</name>
      </input_file>
      <input_file id="fl-2c">
         <path>C:\ti\ccs1110\ccs\tools\compiler\c5500_4.4.1\lib\</path>
         <kind>archive</kind>
         <file>rts55x.lib</file>
         <name>strlen.obj</name>
      </input_file>
      <input_file id="fl-2d">
         <path>C:\ti\ccs1110\ccs\tools\compiler\c5500_4.4.1\lib\</path>
         <kind>archive</kind>
         <file>rts55x.lib</file>
         <name>udiv.obj</name>
      </input_file>
      <input_file id="fl-2e">
         <path>C:\ti\ccs1110\ccs\tools\compiler\c5500_4.4.1\lib\</path>
         <kind>archive</kind>
         <file>rts55x.lib</file>
         <name>vectors.obj</name>
      </input_file>
      <input_file id="fl-2f">
         <path>C:\ti\ccs1110\ccs\tools\compiler\c5500_4.4.1\lib\</path>
         <kind>archive</kind>
         <file>rts55x.lib</file>
         <name>_lock.obj</name>
      </input_file>
      <input_file id="fl-30">
         <path>C:\ti\ccs1110\ccs\tools\compiler\c5500_4.4.1\lib\</path>
         <kind>archive</kind>
         <file>rts55x.lib</file>
         <name>_printfi.obj</name>
      </input_file>
      <input_file id="fl-31">
         <path>C:\ti\ccs1110\ccs\tools\compiler\c5500_4.4.1\lib\</path>
         <kind>archive</kind>
         <file>rts55x.lib</file>
         <name>args_main.obj</name>
      </input_file>
      <input_file id="fl-32">
         <path>C:\ti\ccs1110\ccs\tools\compiler\c5500_4.4.1\lib\</path>
         <kind>archive</kind>
         <file>rts55x.lib</file>
         <name>atoi.obj</name>
      </input_file>
      <input_file id="fl-33">
         <path>C:\ti\ccs1110\ccs\tools\compiler\c5500_4.4.1\lib\</path>
         <kind>archive</kind>
         <file>rts55x.lib</file>
         <name>autoinit.obj</name>
      </input_file>
      <input_file id="fl-34">
         <path>C:\ti\ccs1110\ccs\tools\compiler\c5500_4.4.1\lib\</path>
         <kind>archive</kind>
         <file>rts55x.lib</file>
         <name>cmpd.obj</name>
      </input_file>
      <input_file id="fl-35">
         <path>C:\ti\ccs1110\ccs\tools\compiler\c5500_4.4.1\lib\</path>
         <kind>archive</kind>
         <file>rts55x.lib</file>
         <name>ctype.obj</name>
      </input_file>
      <input_file id="fl-36">
         <path>C:\ti\ccs1110\ccs\tools\compiler\c5500_4.4.1\lib\</path>
         <kind>archive</kind>
         <file>rts55x.lib</file>
         <name>defs.obj</name>
      </input_file>
      <input_file id="fl-37">
         <path>C:\ti\ccs1110\ccs\tools\compiler\c5500_4.4.1\lib\</path>
         <kind>archive</kind>
         <file>rts55x.lib</file>
         <name>divd.obj</name>
      </input_file>
      <input_file id="fl-38">
         <path>C:\ti\ccs1110\ccs\tools\compiler\c5500_4.4.1\lib\</path>
         <kind>archive</kind>
         <file>rts55x.lib</file>
         <name>fixdi.obj</name>
      </input_file>
      <input_file id="fl-39">
         <path>C:\ti\ccs1110\ccs\tools\compiler\c5500_4.4.1\lib\</path>
         <kind>archive</kind>
         <file>rts55x.lib</file>
         <name>fixdli.obj</name>
      </input_file>
      <input_file id="fl-3a">
         <path>C:\ti\ccs1110\ccs\tools\compiler\c5500_4.4.1\lib\</path>
         <kind>archive</kind>
         <file>rts55x.lib</file>
         <name>fltlid.obj</name>
      </input_file>
      <input_file id="fl-3b">
         <path>C:\ti\ccs1110\ccs\tools\compiler\c5500_4.4.1\lib\</path>
         <kind>archive</kind>
         <file>rts55x.lib</file>
         <name>fputc.obj</name>
      </input_file>
      <input_file id="fl-3c">
         <path>C:\ti\ccs1110\ccs\tools\compiler\c5500_4.4.1\lib\</path>
         <kind>archive</kind>
         <file>rts55x.lib</file>
         <name>fputs.obj</name>
      </input_file>
      <input_file id="fl-3d">
         <path>C:\ti\ccs1110\ccs\tools\compiler\c5500_4.4.1\lib\</path>
         <kind>archive</kind>
         <file>rts55x.lib</file>
         <name>frcmpyd_div.obj</name>
      </input_file>
      <input_file id="fl-3e">
         <path>C:\ti\ccs1110\ccs\tools\compiler\c5500_4.4.1\lib\</path>
         <kind>archive</kind>
         <file>rts55x.lib</file>
         <name>isinf.obj</name>
      </input_file>
      <input_file id="fl-3f">
         <path>C:\ti\ccs1110\ccs\tools\compiler\c5500_4.4.1\lib\</path>
         <kind>archive</kind>
         <file>rts55x.lib</file>
         <name>llmpy.obj</name>
      </input_file>
      <input_file id="fl-40">
         <path>C:\ti\ccs1110\ccs\tools\compiler\c5500_4.4.1\lib\</path>
         <kind>archive</kind>
         <file>rts55x.lib</file>
         <name>lowlev.obj</name>
      </input_file>
      <input_file id="fl-41">
         <path>C:\ti\ccs1110\ccs\tools\compiler\c5500_4.4.1\lib\</path>
         <kind>archive</kind>
         <file>rts55x.lib</file>
         <name>ltoa.obj</name>
      </input_file>
      <input_file id="fl-42">
         <path>C:\ti\ccs1110\ccs\tools\compiler\c5500_4.4.1\lib\</path>
         <kind>archive</kind>
         <file>rts55x.lib</file>
         <name>memccpy.obj</name>
      </input_file>
      <input_file id="fl-43">
         <path>C:\ti\ccs1110\ccs\tools\compiler\c5500_4.4.1\lib\</path>
         <kind>archive</kind>
         <file>rts55x.lib</file>
         <name>memcpy.obj</name>
      </input_file>
      <input_file id="fl-44">
         <path>C:\ti\ccs1110\ccs\tools\compiler\c5500_4.4.1\lib\</path>
         <kind>archive</kind>
         <file>rts55x.lib</file>
         <name>mpyd.obj</name>
      </input_file>
      <input_file id="fl-45">
         <path>C:\ti\ccs1110\ccs\tools\compiler\c5500_4.4.1\lib\</path>
         <kind>archive</kind>
         <file>rts55x.lib</file>
         <name>negd.obj</name>
      </input_file>
      <input_file id="fl-46">
         <path>C:\ti\ccs1110\ccs\tools\compiler\c5500_4.4.1\lib\</path>
         <kind>archive</kind>
         <file>rts55x.lib</file>
         <name>remli.obj</name>
      </input_file>
      <input_file id="fl-47">
         <path>C:\ti\ccs1110\ccs\tools\compiler\c5500_4.4.1\lib\</path>
         <kind>archive</kind>
         <file>rts55x.lib</file>
         <name>subd.obj</name>
      </input_file>
      <input_file id="fl-48">
         <path>C:\ti\ccs1110\ccs\tools\compiler\c5500_4.4.1\lib\</path>
         <kind>archive</kind>
         <file>rts55x.lib</file>
         <name>trgdrv.obj</name>
      </input_file>
      <input_file id="fl-49">
         <path>C:\ti\ccs1110\ccs\tools\compiler\c5500_4.4.1\lib\</path>
         <kind>archive</kind>
         <file>rts55x.lib</file>
         <name>trgmsg.obj</name>
      </input_file>
      <input_file id="fl-4a">
         <path>C:\ti\ccs1110\ccs\tools\compiler\c5500_4.4.1\lib\</path>
         <kind>archive</kind>
         <file>rts55x.lib</file>
         <name>_io_perm.obj</name>
      </input_file>
      <input_file id="fl-4b">
         <path>C:\ti\ccs1110\ccs\tools\compiler\c5500_4.4.1\lib\</path>
         <kind>archive</kind>
         <file>rts55x.lib</file>
         <name>addd.obj</name>
      </input_file>
      <input_file id="fl-4c">
         <path>C:\ti\ccs1110\ccs\tools\compiler\c5500_4.4.1\lib\</path>
         <kind>archive</kind>
         <file>rts55x.lib</file>
         <name>divli.obj</name>
      </input_file>
      <input_file id="fl-4d">
         <path>C:\ti\ccs1110\ccs\tools\compiler\c5500_4.4.1\lib\</path>
         <kind>archive</kind>
         <file>rts55x.lib</file>
         <name>fflush.obj</name>
      </input_file>
      <input_file id="fl-4e">
         <path>C:\ti\ccs1110\ccs\tools\compiler\c5500_4.4.1\lib\</path>
         <kind>archive</kind>
         <file>rts55x.lib</file>
         <name>frcmpyd.obj</name>
      </input_file>
      <input_file id="fl-4f">
         <path>C:\ti\ccs1110\ccs\tools\compiler\c5500_4.4.1\lib\</path>
         <kind>archive</kind>
         <file>rts55x.lib</file>
         <name>fseek.obj</name>
      </input_file>
      <input_file id="fl-50">
         <path>C:\ti\ccs1110\ccs\tools\compiler\c5500_4.4.1\lib\</path>
         <kind>archive</kind>
         <file>rts55x.lib</file>
         <name>setvbuf.obj</name>
      </input_file>
      <input_file id="fl-51">
         <path>C:\ti\ccs1110\ccs\tools\compiler\c5500_4.4.1\lib\</path>
         <kind>archive</kind>
         <file>rts55x.lib</file>
         <name>fopen.obj</name>
      </input_file>
      <input_file id="fl-52">
         <path>C:\ti\ccs1110\ccs\tools\compiler\c5500_4.4.1\lib\</path>
         <kind>archive</kind>
         <file>rts55x.lib</file>
         <name>memory.obj</name>
      </input_file>
      <input_file id="fl-53">
         <path>C:\ti\ccs1110\ccs\tools\compiler\c5500_4.4.1\lib\</path>
         <kind>archive</kind>
         <file>rts55x.lib</file>
         <name>fclose.obj</name>
      </input_file>
      <input_file id="fl-54">
         <path>C:\ti\ccs1110\ccs\tools\compiler\c5500_4.4.1\lib\</path>
         <kind>archive</kind>
         <file>rts55x.lib</file>
         <name>remove.obj</name>
      </input_file>
   </input_file_list>
   <object_component_list>
      <object_component id="oc-75">
         <name>.text</name>
         <load_address>0x20000</load_address>
         <run_address>0x20000</run_address>
         <size>0x4408</size>
         <input_file_ref idref="fl-14"/>
      </object_component>
      <object_component id="oc-81">
         <name>.text</name>
         <load_address>0x24408</load_address>
         <run_address>0x24408</run_address>
         <size>0x2b24</size>
         <input_file_ref idref="fl-16"/>
      </object_component>
      <object_component id="oc-9a">
         <name>.text</name>
         <load_address>0x26f2c</load_address>
         <run_address>0x26f2c</run_address>
         <size>0x29ff</size>
         <input_file_ref idref="fl-1b"/>
      </object_component>
      <object_component id="oc-aa">
         <name>.text</name>
         <load_address>0x2992b</load_address>
         <run_address>0x2992b</run_address>
         <size>0x2198</size>
         <input_file_ref idref="fl-1e"/>
      </object_component>
      <object_component id="oc-45">
         <name>.text</name>
         <load_address>0x2bac3</load_address>
         <run_address>0x2bac3</run_address>
         <size>0x18a0</size>
         <input_file_ref idref="fl-b"/>
      </object_component>
      <object_component id="oc-ec">
         <name>.text</name>
         <load_address>0x2d363</load_address>
         <run_address>0x2d363</run_address>
         <size>0x15a4</size>
         <input_file_ref idref="fl-30"/>
      </object_component>
      <object_component id="oc-86">
         <name>.text</name>
         <load_address>0x2e907</load_address>
         <run_address>0x2e907</run_address>
         <size>0x11ce</size>
         <input_file_ref idref="fl-17"/>
      </object_component>
      <object_component id="oc-a5">
         <name>.text</name>
         <load_address>0x2fad5</load_address>
         <run_address>0x2fad5</run_address>
         <size>0x10e1</size>
         <input_file_ref idref="fl-1d"/>
      </object_component>
      <object_component id="oc-40">
         <name>.text</name>
         <load_address>0x30bb6</load_address>
         <run_address>0x30bb6</run_address>
         <size>0xdbe</size>
         <input_file_ref idref="fl-a"/>
      </object_component>
      <object_component id="oc-35">
         <name>.text</name>
         <load_address>0x31974</load_address>
         <run_address>0x31974</run_address>
         <size>0xd62</size>
         <input_file_ref idref="fl-8"/>
      </object_component>
      <object_component id="oc-3a">
         <name>.text</name>
         <load_address>0x326d6</load_address>
         <run_address>0x326d6</run_address>
         <size>0xc59</size>
         <input_file_ref idref="fl-9"/>
      </object_component>
      <object_component id="oc-54">
         <name>.text</name>
         <load_address>0x3332f</load_address>
         <run_address>0x3332f</run_address>
         <size>0xc3c</size>
         <input_file_ref idref="fl-e"/>
      </object_component>
      <object_component id="oc-7a">
         <name>.text</name>
         <load_address>0x33f6b</load_address>
         <run_address>0x33f6b</run_address>
         <size>0xb26</size>
         <input_file_ref idref="fl-15"/>
      </object_component>
      <object_component id="oc-95">
         <name>.text</name>
         <load_address>0x34a91</load_address>
         <run_address>0x34a91</run_address>
         <size>0xb18</size>
         <input_file_ref idref="fl-1a"/>
      </object_component>
      <object_component id="oc-5a">
         <name>.text</name>
         <load_address>0x355a9</load_address>
         <run_address>0x355a9</run_address>
         <size>0x9db</size>
         <input_file_ref idref="fl-f"/>
      </object_component>
      <object_component id="oc-90">
         <name>.text</name>
         <load_address>0x35f84</load_address>
         <run_address>0x35f84</run_address>
         <size>0x895</size>
         <input_file_ref idref="fl-19"/>
      </object_component>
      <object_component id="oc-6b">
         <name>.text</name>
         <load_address>0x36819</load_address>
         <run_address>0x36819</run_address>
         <size>0x831</size>
         <input_file_ref idref="fl-12"/>
      </object_component>
      <object_component id="oc-4a">
         <name>.text</name>
         <load_address>0x3704a</load_address>
         <run_address>0x3704a</run_address>
         <size>0x68d</size>
         <input_file_ref idref="fl-c"/>
      </object_component>
      <object_component id="oc-9f">
         <name>.text</name>
         <load_address>0x376d7</load_address>
         <run_address>0x376d7</run_address>
         <size>0x5b4</size>
         <input_file_ref idref="fl-1c"/>
      </object_component>
      <object_component id="oc-12e">
         <name>.text</name>
         <load_address>0x37c8b</load_address>
         <run_address>0x37c8b</run_address>
         <size>0x543</size>
         <input_file_ref idref="fl-40"/>
      </object_component>
      <object_component id="oc-1e">
         <name>.text</name>
         <load_address>0x381ce</load_address>
         <run_address>0x381ce</run_address>
         <size>0x53a</size>
         <input_file_ref idref="fl-4"/>
      </object_component>
      <object_component id="oc-150">
         <name>.text</name>
         <load_address>0x38708</load_address>
         <run_address>0x38708</run_address>
         <size>0x528</size>
         <input_file_ref idref="fl-48"/>
      </object_component>
      <object_component id="oc-61">
         <name>.text</name>
         <load_address>0x38c30</load_address>
         <run_address>0x38c30</run_address>
         <size>0x51f</size>
         <input_file_ref idref="fl-10"/>
      </object_component>
      <object_component id="oc-17d">
         <name>.text</name>
         <load_address>0x3914f</load_address>
         <run_address>0x3914f</run_address>
         <size>0x4b5</size>
         <input_file_ref idref="fl-52"/>
      </object_component>
      <object_component id="oc-108">
         <name>.text</name>
         <load_address>0x39604</load_address>
         <run_address>0x39604</run_address>
         <size>0x3cc</size>
         <input_file_ref idref="fl-37"/>
      </object_component>
      <object_component id="oc-70">
         <name>.text</name>
         <load_address>0x399d0</load_address>
         <run_address>0x399d0</run_address>
         <size>0x33e</size>
         <input_file_ref idref="fl-13"/>
      </object_component>
      <object_component id="oc-4f">
         <name>.text</name>
         <load_address>0x39d0e</load_address>
         <run_address>0x39d0e</run_address>
         <size>0x2eb</size>
         <input_file_ref idref="fl-d"/>
      </object_component>
      <object_component id="oc-8b">
         <name>.text</name>
         <load_address>0x39ff9</load_address>
         <run_address>0x39ff9</run_address>
         <size>0x2a8</size>
         <input_file_ref idref="fl-18"/>
      </object_component>
      <object_component id="oc-177">
         <name>.text</name>
         <load_address>0x3a2a1</load_address>
         <run_address>0x3a2a1</run_address>
         <size>0x27f</size>
         <input_file_ref idref="fl-51"/>
      </object_component>
      <object_component id="oc-12a">
         <name>.text</name>
         <load_address>0x3a520</load_address>
         <run_address>0x3a520</run_address>
         <size>0x25e</size>
         <input_file_ref idref="fl-3f"/>
      </object_component>
      <object_component id="oc-b0">
         <name>.text</name>
         <load_address>0x3a77e</load_address>
         <run_address>0x3a77e</run_address>
         <size>0x25c</size>
         <input_file_ref idref="fl-1f"/>
      </object_component>
      <object_component id="oc-15f">
         <name>.text</name>
         <load_address>0x3a9da</load_address>
         <run_address>0x3a9da</run_address>
         <size>0x25a</size>
         <input_file_ref idref="fl-4b"/>
      </object_component>
      <object_component id="oc-fe">
         <name>.text</name>
         <load_address>0x3ac34</load_address>
         <run_address>0x3ac34</run_address>
         <size>0x1ea</size>
         <input_file_ref idref="fl-34"/>
      </object_component>
      <object_component id="oc-2e">
         <name>.text</name>
         <load_address>0x3ae1e</load_address>
         <run_address>0x3ae1e</run_address>
         <size>0x19f</size>
         <input_file_ref idref="fl-7"/>
      </object_component>
      <object_component id="oc-18">
         <name>.text</name>
         <load_address>0x3afbd</load_address>
         <run_address>0x3afbd</run_address>
         <size>0x18a</size>
         <input_file_ref idref="fl-3"/>
      </object_component>
      <object_component id="oc-11d">
         <name>.text</name>
         <load_address>0x3b147</load_address>
         <run_address>0x3b147</run_address>
         <size>0x163</size>
         <input_file_ref idref="fl-3c"/>
      </object_component>
      <object_component id="oc-29">
         <name>.text</name>
         <load_address>0x3b2aa</load_address>
         <run_address>0x3b2aa</run_address>
         <size>0x15d</size>
         <input_file_ref idref="fl-6"/>
      </object_component>
      <object_component id="oc-140">
         <name>.text</name>
         <load_address>0x3b407</load_address>
         <run_address>0x3b407</run_address>
         <size>0x14c</size>
         <input_file_ref idref="fl-44"/>
      </object_component>
      <object_component id="oc-173">
         <name>.text</name>
         <load_address>0x3b553</load_address>
         <run_address>0x3b553</run_address>
         <size>0xe6</size>
         <input_file_ref idref="fl-50"/>
      </object_component>
      <object_component id="oc-15b">
         <name>.text</name>
         <load_address>0x3b639</load_address>
         <run_address>0x3b639</run_address>
         <size>0xdd</size>
         <input_file_ref idref="fl-4a"/>
      </object_component>
      <object_component id="oc-167">
         <name>.text</name>
         <load_address>0x3b716</load_address>
         <run_address>0x3b716</run_address>
         <size>0xc2</size>
         <input_file_ref idref="fl-4d"/>
      </object_component>
      <object_component id="oc-158">
         <name>.text:CIO_breakpoint</name>
         <load_address>0x3b7d8</load_address>
         <run_address>0x3b7d8</run_address>
         <size>0xba</size>
         <input_file_ref idref="fl-49"/>
      </object_component>
      <object_component id="oc-119">
         <name>.text</name>
         <load_address>0x3b892</load_address>
         <run_address>0x3b892</run_address>
         <size>0xa6</size>
         <input_file_ref idref="fl-3b"/>
      </object_component>
      <object_component id="oc-c3">
         <name>.text</name>
         <load_address>0x3b938</load_address>
         <run_address>0x3b938</run_address>
         <size>0xa1</size>
         <input_file_ref idref="fl-27"/>
      </object_component>
      <object_component id="oc-67">
         <name>.text</name>
         <load_address>0x3b9d9</load_address>
         <run_address>0x3b9d9</run_address>
         <size>0x8c</size>
         <input_file_ref idref="fl-11"/>
      </object_component>
      <object_component id="oc-134">
         <name>.text</name>
         <load_address>0x3ba65</load_address>
         <run_address>0x3ba65</run_address>
         <size>0x7d</size>
         <input_file_ref idref="fl-41"/>
      </object_component>
      <object_component id="oc-184">
         <name>.text</name>
         <load_address>0x3bae2</load_address>
         <run_address>0x3bae2</run_address>
         <size>0x7b</size>
         <input_file_ref idref="fl-53"/>
      </object_component>
      <object_component id="oc-16b">
         <name>.text</name>
         <load_address>0x3bb5d</load_address>
         <run_address>0x3bb5d</run_address>
         <size>0x76</size>
         <input_file_ref idref="fl-4e"/>
      </object_component>
      <object_component id="oc-122">
         <name>.text</name>
         <load_address>0x3bbd3</load_address>
         <run_address>0x3bbd3</run_address>
         <size>0x73</size>
         <input_file_ref idref="fl-3d"/>
      </object_component>
      <object_component id="oc-d6">
         <name>.text</name>
         <load_address>0x3bc46</load_address>
         <run_address>0x3bc46</run_address>
         <size>0x72</size>
         <input_file_ref idref="fl-2b"/>
      </object_component>
      <object_component id="oc-110">
         <name>.text</name>
         <load_address>0x3bcb8</load_address>
         <run_address>0x3bcb8</run_address>
         <size>0x6f</size>
         <input_file_ref idref="fl-39"/>
      </object_component>
      <object_component id="oc-155">
         <name>.text</name>
         <load_address>0x3bd27</load_address>
         <run_address>0x3bd27</run_address>
         <size>0x6d</size>
         <input_file_ref idref="fl-49"/>
      </object_component>
      <object_component id="oc-b5">
         <name>.text</name>
         <load_address>0x3bd94</load_address>
         <run_address>0x3bd94</run_address>
         <size>0x6d</size>
         <input_file_ref idref="fl-20"/>
      </object_component>
      <object_component id="oc-16f">
         <name>.text</name>
         <load_address>0x3be01</load_address>
         <run_address>0x3be01</run_address>
         <size>0x6b</size>
         <input_file_ref idref="fl-4f"/>
      </object_component>
      <object_component id="oc-114">
         <name>.text</name>
         <load_address>0x3be6c</load_address>
         <run_address>0x3be6c</run_address>
         <size>0x67</size>
         <input_file_ref idref="fl-3a"/>
      </object_component>
      <object_component id="oc-f6">
         <name>.text</name>
         <load_address>0x3bed3</load_address>
         <run_address>0x3bed3</run_address>
         <size>0x5c</size>
         <input_file_ref idref="fl-32"/>
      </object_component>
      <object_component id="oc-24">
         <name>.text</name>
         <load_address>0x3bf2f</load_address>
         <run_address>0x3bf2f</run_address>
         <size>0x54</size>
         <input_file_ref idref="fl-5"/>
      </object_component>
      <object_component id="oc-ba">
         <name>.text</name>
         <load_address>0x3bf83</load_address>
         <run_address>0x3bf83</run_address>
         <size>0x54</size>
         <input_file_ref idref="fl-25"/>
      </object_component>
      <object_component id="oc-d2">
         <name>.text</name>
         <load_address>0x3bfd7</load_address>
         <run_address>0x3bfd7</run_address>
         <size>0x50</size>
         <input_file_ref idref="fl-2a"/>
      </object_component>
      <object_component id="oc-fa">
         <name>.text</name>
         <load_address>0x3c027</load_address>
         <run_address>0x3c027</run_address>
         <size>0x4d</size>
         <input_file_ref idref="fl-33"/>
      </object_component>
      <object_component id="oc-f2">
         <name>.text</name>
         <load_address>0x3c074</load_address>
         <run_address>0x3c074</run_address>
         <size>0x4b</size>
         <input_file_ref idref="fl-31"/>
      </object_component>
      <object_component id="oc-148">
         <name>.text</name>
         <load_address>0x3c0bf</load_address>
         <run_address>0x3c0bf</run_address>
         <size>0x4b</size>
         <input_file_ref idref="fl-46"/>
      </object_component>
      <object_component id="oc-163">
         <name>.text</name>
         <load_address>0x3c10a</load_address>
         <run_address>0x3c10a</run_address>
         <size>0x48</size>
         <input_file_ref idref="fl-4c"/>
      </object_component>
      <object_component id="oc-13c">
         <name>.text</name>
         <load_address>0x3c152</load_address>
         <run_address>0x3c152</run_address>
         <size>0x3f</size>
         <input_file_ref idref="fl-43"/>
      </object_component>
      <object_component id="oc-c7">
         <name>.text</name>
         <load_address>0x3c191</load_address>
         <run_address>0x3c191</run_address>
         <size>0x3e</size>
         <input_file_ref idref="fl-28"/>
      </object_component>
      <object_component id="oc-10">
         <name>.text</name>
         <load_address>0x3c1cf</load_address>
         <run_address>0x3c1cf</run_address>
         <size>0x34</size>
         <input_file_ref idref="fl-26"/>
      </object_component>
      <object_component id="oc-10c">
         <name>.text</name>
         <load_address>0x3c203</load_address>
         <run_address>0x3c203</run_address>
         <size>0x2a</size>
         <input_file_ref idref="fl-38"/>
      </object_component>
      <object_component id="oc-de">
         <name>.text</name>
         <load_address>0x3c22d</load_address>
         <run_address>0x3c22d</run_address>
         <size>0x2a</size>
         <input_file_ref idref="fl-2d"/>
      </object_component>
      <object_component id="oc-138">
         <name>.text</name>
         <load_address>0x3c257</load_address>
         <run_address>0x3c257</run_address>
         <size>0x23</size>
         <input_file_ref idref="fl-42"/>
      </object_component>
      <object_component id="oc-12">
         <name>.text</name>
         <load_address>0x3c27a</load_address>
         <run_address>0x3c27a</run_address>
         <size>0x1d</size>
         <input_file_ref idref="fl-2"/>
      </object_component>
      <object_component id="oc-126">
         <name>.text</name>
         <load_address>0x3c297</load_address>
         <run_address>0x3c297</run_address>
         <size>0x1a</size>
         <input_file_ref idref="fl-3e"/>
      </object_component>
      <object_component id="oc-14c">
         <name>.text</name>
         <load_address>0x3c2b1</load_address>
         <run_address>0x3c2b1</run_address>
         <size>0x14</size>
         <input_file_ref idref="fl-47"/>
      </object_component>
      <object_component id="oc-ce">
         <name>.text</name>
         <load_address>0x3c2c5</load_address>
         <run_address>0x3c2c5</run_address>
         <size>0x13</size>
         <input_file_ref idref="fl-29"/>
      </object_component>
      <object_component id="oc-e6">
         <name>.text</name>
         <load_address>0x3c2d8</load_address>
         <run_address>0x3c2d8</run_address>
         <size>0x12</size>
         <input_file_ref idref="fl-2f"/>
      </object_component>
      <object_component id="oc-da">
         <name>.text</name>
         <load_address>0x3c2ea</load_address>
         <run_address>0x3c2ea</run_address>
         <size>0x11</size>
         <input_file_ref idref="fl-2c"/>
      </object_component>
      <object_component id="oc-144">
         <name>.text</name>
         <load_address>0x3c2fb</load_address>
         <run_address>0x3c2fb</run_address>
         <size>0x10</size>
         <input_file_ref idref="fl-45"/>
      </object_component>
      <object_component id="oc-188">
         <name>.text</name>
         <load_address>0x3c30b</load_address>
         <run_address>0x3c30b</run_address>
         <size>0xa</size>
         <input_file_ref idref="fl-54"/>
      </object_component>
      <object_component id="oc-cb">
         <name>.text:CIO_breakpoint</name>
         <load_address>0x3c315</load_address>
         <run_address>0x3c315</run_address>
         <size>0x7</size>
         <input_file_ref idref="fl-28"/>
      </object_component>
      <object_component id="oc-e2">
         <name>.text</name>
         <load_address>0x3c31c</load_address>
         <run_address>0x3c31c</run_address>
         <size>0x2</size>
         <input_file_ref idref="fl-2e"/>
      </object_component>
      <object_component id="oc-bf">
         <name>.stack</name>
         <uninitialized>true</uninitialized>
         <run_address>0xc0</run_address>
         <size>0x0</size>
         <input_file_ref idref="fl-26"/>
      </object_component>
      <object_component id="oc-1ad">
         <name>.stack</name>
         <uninitialized>true</uninitialized>
         <run_address>0xc0</run_address>
         <size>0x0</size>
      </object_component>
      <object_component id="oc-18c">
         <name>.sysstack</name>
         <uninitialized>true</uninitialized>
         <run_address>0x20c0</run_address>
         <size>0x0</size>
         <input_file_ref idref="fl-26"/>
      </object_component>
      <object_component id="oc-1af">
         <name>.sysstack</name>
         <uninitialized>true</uninitialized>
         <run_address>0x20c0</run_address>
         <size>0x0</size>
      </object_component>
      <object_component id="oc-7b">
         <name>.bss</name>
         <uninitialized>true</uninitialized>
         <run_address>0x50c0</run_address>
         <size>0xa1a</size>
         <input_file_ref idref="fl-15"/>
      </object_component>
      <object_component id="oc-2f">
         <name>.bss</name>
         <uninitialized>true</uninitialized>
         <run_address>0x5ada</run_address>
         <size>0x2</size>
         <input_file_ref idref="fl-7"/>
      </object_component>
      <object_component id="oc-ab">
         <name>.bss</name>
         <uninitialized>true</uninitialized>
         <run_address>0x5adc</run_address>
         <size>0x37c</size>
         <input_file_ref idref="fl-1e"/>
      </object_component>
      <object_component id="oc-104">
         <name>.bss</name>
         <uninitialized>true</uninitialized>
         <run_address>0x5e58</run_address>
         <size>0x232</size>
         <input_file_ref idref="fl-36"/>
      </object_component>
      <object_component id="oc-151">
         <name>.bss</name>
         <uninitialized>true</uninitialized>
         <run_address>0x608a</run_address>
         <size>0x1a0</size>
         <input_file_ref idref="fl-48"/>
      </object_component>
      <object_component id="oc-178">
         <name>.bss</name>
         <uninitialized>true</uninitialized>
         <run_address>0x622a</run_address>
         <size>0x2</size>
         <input_file_ref idref="fl-51"/>
      </object_component>
      <object_component id="oc-62">
         <name>.bss</name>
         <uninitialized>true</uninitialized>
         <run_address>0x622c</run_address>
         <size>0x108</size>
         <input_file_ref idref="fl-10"/>
      </object_component>
      <object_component id="oc-12f">
         <name>.bss</name>
         <uninitialized>true</uninitialized>
         <run_address>0x6334</run_address>
         <size>0xe2</size>
         <input_file_ref idref="fl-40"/>
      </object_component>
      <object_component id="oc-5b">
         <name>.bss</name>
         <uninitialized>true</uninitialized>
         <run_address>0x6416</run_address>
         <size>0x54</size>
         <input_file_ref idref="fl-f"/>
      </object_component>
      <object_component id="oc-55">
         <name>.bss</name>
         <uninitialized>true</uninitialized>
         <run_address>0x646c</run_address>
         <size>0x24</size>
         <input_file_ref idref="fl-e"/>
      </object_component>
      <object_component id="oc-17e">
         <name>.bss</name>
         <uninitialized>true</uninitialized>
         <run_address>0x6490</run_address>
         <size>0xc</size>
         <input_file_ref idref="fl-52"/>
      </object_component>
      <object_component id="oc-e7">
         <name>.bss</name>
         <uninitialized>true</uninitialized>
         <run_address>0x649c</run_address>
         <size>0x8</size>
         <input_file_ref idref="fl-2f"/>
      </object_component>
      <object_component id="oc-c8">
         <name>.bss</name>
         <uninitialized>true</uninitialized>
         <run_address>0x64a4</run_address>
         <size>0x8</size>
         <input_file_ref idref="fl-28"/>
      </object_component>
      <object_component id="oc-a0">
         <name>.bss</name>
         <uninitialized>true</uninitialized>
         <run_address>0x64ac</run_address>
         <size>0x6</size>
         <input_file_ref idref="fl-1c"/>
      </object_component>
      <object_component id="oc-19">
         <name>.bss</name>
         <uninitialized>true</uninitialized>
         <run_address>0x64b2</run_address>
         <size>0x4</size>
         <input_file_ref idref="fl-3"/>
      </object_component>
      <object_component id="oc-20">
         <name>.const:.string</name>
         <load_address>0x64b8</load_address>
         <run_address>0x64b8</run_address>
         <size>0x2e8</size>
         <input_file_ref idref="fl-4"/>
      </object_component>
      <object_component id="oc-194">
         <name>.const:__ctypes_</name>
         <load_address>0x67a0</load_address>
         <run_address>0x67a0</run_address>
         <size>0x202</size>
         <input_file_ref idref="fl-35"/>
      </object_component>
      <object_component id="oc-3c">
         <name>.const:.string</name>
         <load_address>0x69a4</load_address>
         <run_address>0x69a4</run_address>
         <size>0x102</size>
         <input_file_ref idref="fl-9"/>
      </object_component>
      <object_component id="oc-ef">
         <name>.const:.string</name>
         <load_address>0x6aa8</load_address>
         <run_address>0x6aa8</run_address>
         <size>0x48</size>
         <input_file_ref idref="fl-30"/>
      </object_component>
      <object_component id="oc-14">
         <name>.const:.string</name>
         <load_address>0x6af0</load_address>
         <run_address>0x6af0</run_address>
         <size>0x24</size>
         <input_file_ref idref="fl-2"/>
      </object_component>
      <object_component id="oc-ee">
         <name>.const</name>
         <load_address>0x6b14</load_address>
         <run_address>0x6b14</run_address>
         <size>0x18</size>
         <input_file_ref idref="fl-30"/>
      </object_component>
      <object_component id="oc-195">
         <name>.const:_initial_approx$1</name>
         <load_address>0x6b2c</load_address>
         <run_address>0x6b2c</run_address>
         <size>0x10</size>
         <input_file_ref idref="fl-37"/>
      </object_component>
      <object_component id="oc-11f">
         <name>.const:.string</name>
         <load_address>0x6b3c</load_address>
         <run_address>0x6b3c</run_address>
         <size>0x4</size>
         <input_file_ref idref="fl-3c"/>
      </object_component>
      <object_component id="oc-116">
         <name>.const</name>
         <load_address>0x6b40</load_address>
         <run_address>0x6b40</run_address>
         <size>0x4</size>
         <input_file_ref idref="fl-3a"/>
      </object_component>
      <object_component id="oc-181">
         <name>.sysmem</name>
         <uninitialized>true</uninitialized>
         <run_address>0x30c0</run_address>
         <size>0x0</size>
         <input_file_ref idref="fl-52"/>
      </object_component>
      <object_component id="oc-1ae">
         <name>.sysmem</name>
         <uninitialized>true</uninitialized>
         <run_address>0x30c0</run_address>
         <size>0x0</size>
      </object_component>
      <object_component id="oc-192">
         <name>.switch:_SDIO_eventDisable</name>
         <load_address>0x40240</load_address>
         <run_address>0x40240</run_address>
         <size>0x44</size>
         <input_file_ref idref="fl-1b"/>
      </object_component>
      <object_component id="oc-191">
         <name>.switch:_SDIO_eventEnable</name>
         <load_address>0x40284</load_address>
         <run_address>0x40284</run_address>
         <size>0x44</size>
         <input_file_ref idref="fl-1b"/>
      </object_component>
      <object_component id="oc-18d">
         <name>.switch:_DMA_config</name>
         <load_address>0x402c8</load_address>
         <run_address>0x402c8</run_address>
         <size>0x40</size>
         <input_file_ref idref="fl-b"/>
      </object_component>
      <object_component id="oc-18e">
         <name>.switch:_DMA_getConfig</name>
         <load_address>0x40308</load_address>
         <run_address>0x40308</run_address>
         <size>0x40</size>
         <input_file_ref idref="fl-b"/>
      </object_component>
      <object_component id="oc-18f">
         <name>.switch:_DMA_reset</name>
         <load_address>0x40348</load_address>
         <run_address>0x40348</run_address>
         <size>0x40</size>
         <input_file_ref idref="fl-b"/>
      </object_component>
      <object_component id="oc-193">
         <name>.switch:_USB_coreEventProcessEp0</name>
         <load_address>0x40388</load_address>
         <run_address>0x40388</run_address>
         <size>0x30</size>
         <input_file_ref idref="fl-1e"/>
      </object_component>
      <object_component id="oc-190">
         <name>.switch:_MSC_Bulk</name>
         <load_address>0x403b8</load_address>
         <run_address>0x403b8</run_address>
         <size>0x20</size>
         <input_file_ref idref="fl-16"/>
      </object_component>
      <object_component id="oc-131">
         <name>.cinit</name>
         <load_address>0x403d8</load_address>
         <run_address>0x403d8</run_address>
         <size>0x5a</size>
         <input_file_ref idref="fl-40"/>
      </object_component>
      <object_component id="oc-106">
         <name>.cinit</name>
         <load_address>0x40432</load_address>
         <run_address>0x40432</run_address>
         <size>0x54</size>
         <input_file_ref idref="fl-36"/>
      </object_component>
      <object_component id="oc-7d">
         <name>.cinit</name>
         <load_address>0x40486</load_address>
         <run_address>0x40486</run_address>
         <size>0x2a</size>
         <input_file_ref idref="fl-15"/>
      </object_component>
      <object_component id="oc-e9">
         <name>.cinit</name>
         <load_address>0x404b0</load_address>
         <run_address>0x404b0</run_address>
         <size>0x14</size>
         <input_file_ref idref="fl-2f"/>
      </object_component>
      <object_component id="oc-ca">
         <name>.cinit</name>
         <load_address>0x404c4</load_address>
         <run_address>0x404c4</run_address>
         <size>0x14</size>
         <input_file_ref idref="fl-28"/>
      </object_component>
      <object_component id="oc-5d">
         <name>.cinit</name>
         <load_address>0x404d8</load_address>
         <run_address>0x404d8</run_address>
         <size>0x10</size>
         <input_file_ref idref="fl-f"/>
      </object_component>
      <object_component id="oc-31">
         <name>.cinit</name>
         <load_address>0x404e8</load_address>
         <run_address>0x404e8</run_address>
         <size>0x8</size>
         <input_file_ref idref="fl-7"/>
      </object_component>
      <object_component id="oc-17a">
         <name>.cinit</name>
         <load_address>0x404f0</load_address>
         <run_address>0x404f0</run_address>
         <size>0x8</size>
         <input_file_ref idref="fl-51"/>
      </object_component>
      <object_component id="oc-180">
         <name>.cinit</name>
         <load_address>0x404f8</load_address>
         <run_address>0x404f8</run_address>
         <size>0x8</size>
         <input_file_ref idref="fl-52"/>
      </object_component>
      <object_component id="oc-157">
         <name>.cio</name>
         <uninitialized>true</uninitialized>
         <run_address>0x40000</run_address>
         <size>0x240</size>
         <input_file_ref idref="fl-49"/>
      </object_component>
      <object_component id="oc-11">
         <name>vectors</name>
         <load_address>0x4fe00</load_address>
         <run_address>0x4fe00</run_address>
         <size>0x100</size>
         <input_file_ref idref="fl-2e"/>
      </object_component>
      <object_component id="oc-b6">
         <name>vectors</name>
         <load_address>0x4ff00</load_address>
         <run_address>0x4ff00</run_address>
         <size>0x100</size>
         <input_file_ref idref="fl-20"/>
      </object_component>
      <object_component id="oc-13">
         <name>.debug_info</name>
         <load_address>0x0</load_address>
         <run_address>0x0</run_address>
         <size>0x576</size>
         <input_file_ref idref="fl-2"/>
      </object_component>
      <object_component id="oc-1a">
         <name>.debug_info</name>
         <load_address>0x576</load_address>
         <run_address>0x576</run_address>
         <size>0xe82</size>
         <input_file_ref idref="fl-3"/>
      </object_component>
      <object_component id="oc-1f">
         <name>.debug_info</name>
         <load_address>0x13f8</load_address>
         <run_address>0x13f8</run_address>
         <size>0xeb6</size>
         <input_file_ref idref="fl-4"/>
      </object_component>
      <object_component id="oc-25">
         <name>.debug_info</name>
         <load_address>0x22ae</load_address>
         <run_address>0x22ae</run_address>
         <size>0x6ac</size>
         <input_file_ref idref="fl-5"/>
      </object_component>
      <object_component id="oc-2a">
         <name>.debug_info</name>
         <load_address>0x295a</load_address>
         <run_address>0x295a</run_address>
         <size>0x843</size>
         <input_file_ref idref="fl-6"/>
      </object_component>
      <object_component id="oc-30">
         <name>.debug_info</name>
         <load_address>0x319d</load_address>
         <run_address>0x319d</run_address>
         <size>0xdae</size>
         <input_file_ref idref="fl-7"/>
      </object_component>
      <object_component id="oc-36">
         <name>.debug_info</name>
         <load_address>0x3f4b</load_address>
         <run_address>0x3f4b</run_address>
         <size>0x3f76</size>
         <input_file_ref idref="fl-8"/>
      </object_component>
      <object_component id="oc-3b">
         <name>.debug_info</name>
         <load_address>0x7ec1</load_address>
         <run_address>0x7ec1</run_address>
         <size>0x503f</size>
         <input_file_ref idref="fl-9"/>
      </object_component>
      <object_component id="oc-41">
         <name>.debug_info</name>
         <load_address>0xcf00</load_address>
         <run_address>0xcf00</run_address>
         <size>0x145b</size>
         <input_file_ref idref="fl-a"/>
      </object_component>
      <object_component id="oc-46">
         <name>.debug_info</name>
         <load_address>0xe35b</load_address>
         <run_address>0xe35b</run_address>
         <size>0x2298</size>
         <input_file_ref idref="fl-b"/>
      </object_component>
      <object_component id="oc-4b">
         <name>.debug_info</name>
         <load_address>0x105f3</load_address>
         <run_address>0x105f3</run_address>
         <size>0x1478</size>
         <input_file_ref idref="fl-c"/>
      </object_component>
      <object_component id="oc-50">
         <name>.debug_info</name>
         <load_address>0x11a6b</load_address>
         <run_address>0x11a6b</run_address>
         <size>0x1389</size>
         <input_file_ref idref="fl-d"/>
      </object_component>
      <object_component id="oc-56">
         <name>.debug_info</name>
         <load_address>0x12df4</load_address>
         <run_address>0x12df4</run_address>
         <size>0x21d1</size>
         <input_file_ref idref="fl-e"/>
      </object_component>
      <object_component id="oc-5c">
         <name>.debug_info</name>
         <load_address>0x14fc5</load_address>
         <run_address>0x14fc5</run_address>
         <size>0x1ed4</size>
         <input_file_ref idref="fl-f"/>
      </object_component>
      <object_component id="oc-63">
         <name>.debug_info</name>
         <load_address>0x16e99</load_address>
         <run_address>0x16e99</run_address>
         <size>0x1578</size>
         <input_file_ref idref="fl-10"/>
      </object_component>
      <object_component id="oc-68">
         <name>.debug_info</name>
         <load_address>0x18411</load_address>
         <run_address>0x18411</run_address>
         <size>0x11b</size>
         <input_file_ref idref="fl-11"/>
      </object_component>
      <object_component id="oc-6c">
         <name>.debug_info</name>
         <load_address>0x1852c</load_address>
         <run_address>0x1852c</run_address>
         <size>0x1a47</size>
         <input_file_ref idref="fl-12"/>
      </object_component>
      <object_component id="oc-71">
         <name>.debug_info</name>
         <load_address>0x19f73</load_address>
         <run_address>0x19f73</run_address>
         <size>0x1309</size>
         <input_file_ref idref="fl-13"/>
      </object_component>
      <object_component id="oc-76">
         <name>.debug_info</name>
         <load_address>0x1b27c</load_address>
         <run_address>0x1b27c</run_address>
         <size>0x87ea</size>
         <input_file_ref idref="fl-14"/>
      </object_component>
      <object_component id="oc-7c">
         <name>.debug_info</name>
         <load_address>0x23a66</load_address>
         <run_address>0x23a66</run_address>
         <size>0x4f9c</size>
         <input_file_ref idref="fl-15"/>
      </object_component>
      <object_component id="oc-82">
         <name>.debug_info</name>
         <load_address>0x28a02</load_address>
         <run_address>0x28a02</run_address>
         <size>0x6867</size>
         <input_file_ref idref="fl-16"/>
      </object_component>
      <object_component id="oc-87">
         <name>.debug_info</name>
         <load_address>0x2f269</load_address>
         <run_address>0x2f269</run_address>
         <size>0x3851</size>
         <input_file_ref idref="fl-17"/>
      </object_component>
      <object_component id="oc-8c">
         <name>.debug_info</name>
         <load_address>0x32aba</load_address>
         <run_address>0x32aba</run_address>
         <size>0x1173</size>
         <input_file_ref idref="fl-18"/>
      </object_component>
      <object_component id="oc-91">
         <name>.debug_info</name>
         <load_address>0x33c2d</load_address>
         <run_address>0x33c2d</run_address>
         <size>0x270d</size>
         <input_file_ref idref="fl-19"/>
      </object_component>
      <object_component id="oc-96">
         <name>.debug_info</name>
         <load_address>0x3633a</load_address>
         <run_address>0x3633a</run_address>
         <size>0x1b36</size>
         <input_file_ref idref="fl-1a"/>
      </object_component>
      <object_component id="oc-9b">
         <name>.debug_info</name>
         <load_address>0x37e70</load_address>
         <run_address>0x37e70</run_address>
         <size>0x4fec</size>
         <input_file_ref idref="fl-1b"/>
      </object_component>
      <object_component id="oc-a1">
         <name>.debug_info</name>
         <load_address>0x3ce5c</load_address>
         <run_address>0x3ce5c</run_address>
         <size>0x1e6d</size>
         <input_file_ref idref="fl-1c"/>
      </object_component>
      <object_component id="oc-a6">
         <name>.debug_info</name>
         <load_address>0x3ecc9</load_address>
         <run_address>0x3ecc9</run_address>
         <size>0x2f0c</size>
         <input_file_ref idref="fl-1d"/>
      </object_component>
      <object_component id="oc-ac">
         <name>.debug_info</name>
         <load_address>0x41bd5</load_address>
         <run_address>0x41bd5</run_address>
         <size>0x676b</size>
         <input_file_ref idref="fl-1e"/>
      </object_component>
      <object_component id="oc-b1">
         <name>.debug_info</name>
         <load_address>0x48340</load_address>
         <run_address>0x48340</run_address>
         <size>0x12c3</size>
         <input_file_ref idref="fl-1f"/>
      </object_component>
      <object_component id="oc-b7">
         <name>.debug_info</name>
         <load_address>0x49603</load_address>
         <run_address>0x49603</run_address>
         <size>0x105</size>
         <input_file_ref idref="fl-20"/>
      </object_component>
      <object_component id="oc-bb">
         <name>.debug_info</name>
         <load_address>0x49708</load_address>
         <run_address>0x49708</run_address>
         <size>0x5896</size>
         <input_file_ref idref="fl-25"/>
      </object_component>
      <object_component id="oc-c0">
         <name>.debug_info</name>
         <load_address>0x4ef9e</load_address>
         <run_address>0x4ef9e</run_address>
         <size>0xe8</size>
         <input_file_ref idref="fl-26"/>
      </object_component>
      <object_component id="oc-c4">
         <name>.debug_info</name>
         <load_address>0x4f086</load_address>
         <run_address>0x4f086</run_address>
         <size>0x534</size>
         <input_file_ref idref="fl-27"/>
      </object_component>
      <object_component id="oc-c9">
         <name>.debug_info</name>
         <load_address>0x4f5ba</load_address>
         <run_address>0x4f5ba</run_address>
         <size>0x5fb</size>
         <input_file_ref idref="fl-28"/>
      </object_component>
      <object_component id="oc-cf">
         <name>.debug_info</name>
         <load_address>0x4fbb5</load_address>
         <run_address>0x4fbb5</run_address>
         <size>0xbd</size>
         <input_file_ref idref="fl-29"/>
      </object_component>
      <object_component id="oc-d3">
         <name>.debug_info</name>
         <load_address>0x4fc72</load_address>
         <run_address>0x4fc72</run_address>
         <size>0x76c</size>
         <input_file_ref idref="fl-2a"/>
      </object_component>
      <object_component id="oc-d7">
         <name>.debug_info</name>
         <load_address>0x503de</load_address>
         <run_address>0x503de</run_address>
         <size>0x534</size>
         <input_file_ref idref="fl-2b"/>
      </object_component>
      <object_component id="oc-db">
         <name>.debug_info</name>
         <load_address>0x50912</load_address>
         <run_address>0x50912</run_address>
         <size>0x589</size>
         <input_file_ref idref="fl-2c"/>
      </object_component>
      <object_component id="oc-df">
         <name>.debug_info</name>
         <load_address>0x50e9b</load_address>
         <run_address>0x50e9b</run_address>
         <size>0xef</size>
         <input_file_ref idref="fl-2d"/>
      </object_component>
      <object_component id="oc-e3">
         <name>.debug_info</name>
         <load_address>0x50f8a</load_address>
         <run_address>0x50f8a</run_address>
         <size>0xbc</size>
         <input_file_ref idref="fl-2e"/>
      </object_component>
      <object_component id="oc-e8">
         <name>.debug_info</name>
         <load_address>0x51046</load_address>
         <run_address>0x51046</run_address>
         <size>0x5bc</size>
         <input_file_ref idref="fl-2f"/>
      </object_component>
      <object_component id="oc-ed">
         <name>.debug_info</name>
         <load_address>0x51602</load_address>
         <run_address>0x51602</run_address>
         <size>0x27bd</size>
         <input_file_ref idref="fl-30"/>
      </object_component>
      <object_component id="oc-f3">
         <name>.debug_info</name>
         <load_address>0x53dbf</load_address>
         <run_address>0x53dbf</run_address>
         <size>0x586</size>
         <input_file_ref idref="fl-31"/>
      </object_component>
      <object_component id="oc-f7">
         <name>.debug_info</name>
         <load_address>0x54345</load_address>
         <run_address>0x54345</run_address>
         <size>0x5a4</size>
         <input_file_ref idref="fl-32"/>
      </object_component>
      <object_component id="oc-fb">
         <name>.debug_info</name>
         <load_address>0x548e9</load_address>
         <run_address>0x548e9</run_address>
         <size>0xcd</size>
         <input_file_ref idref="fl-33"/>
      </object_component>
      <object_component id="oc-ff">
         <name>.debug_info</name>
         <load_address>0x549b6</load_address>
         <run_address>0x549b6</run_address>
         <size>0x81f</size>
         <input_file_ref idref="fl-34"/>
      </object_component>
      <object_component id="oc-102">
         <name>.debug_info</name>
         <load_address>0x551d5</load_address>
         <run_address>0x551d5</run_address>
         <size>0x498</size>
         <input_file_ref idref="fl-35"/>
      </object_component>
      <object_component id="oc-105">
         <name>.debug_info</name>
         <load_address>0x5566d</load_address>
         <run_address>0x5566d</run_address>
         <size>0x57e</size>
         <input_file_ref idref="fl-36"/>
      </object_component>
      <object_component id="oc-109">
         <name>.debug_info</name>
         <load_address>0x55beb</load_address>
         <run_address>0x55beb</run_address>
         <size>0x7e8</size>
         <input_file_ref idref="fl-37"/>
      </object_component>
      <object_component id="oc-10d">
         <name>.debug_info</name>
         <load_address>0x563d3</load_address>
         <run_address>0x563d3</run_address>
         <size>0x4cf</size>
         <input_file_ref idref="fl-38"/>
      </object_component>
      <object_component id="oc-111">
         <name>.debug_info</name>
         <load_address>0x568a2</load_address>
         <run_address>0x568a2</run_address>
         <size>0x534</size>
         <input_file_ref idref="fl-39"/>
      </object_component>
      <object_component id="oc-115">
         <name>.debug_info</name>
         <load_address>0x56dd6</load_address>
         <run_address>0x56dd6</run_address>
         <size>0x549</size>
         <input_file_ref idref="fl-3a"/>
      </object_component>
      <object_component id="oc-11a">
         <name>.debug_info</name>
         <load_address>0x5731f</load_address>
         <run_address>0x5731f</run_address>
         <size>0x6aa</size>
         <input_file_ref idref="fl-3b"/>
      </object_component>
      <object_component id="oc-11e">
         <name>.debug_info</name>
         <load_address>0x579c9</load_address>
         <run_address>0x579c9</run_address>
         <size>0x942</size>
         <input_file_ref idref="fl-3c"/>
      </object_component>
      <object_component id="oc-123">
         <name>.debug_info</name>
         <load_address>0x5830b</load_address>
         <run_address>0x5830b</run_address>
         <size>0x53e</size>
         <input_file_ref idref="fl-3d"/>
      </object_component>
      <object_component id="oc-127">
         <name>.debug_info</name>
         <load_address>0x58849</load_address>
         <run_address>0x58849</run_address>
         <size>0x680</size>
         <input_file_ref idref="fl-3e"/>
      </object_component>
      <object_component id="oc-12b">
         <name>.debug_info</name>
         <load_address>0x58ec9</load_address>
         <run_address>0x58ec9</run_address>
         <size>0x7d4</size>
         <input_file_ref idref="fl-3f"/>
      </object_component>
      <object_component id="oc-130">
         <name>.debug_info</name>
         <load_address>0x5969d</load_address>
         <run_address>0x5969d</run_address>
         <size>0x144b</size>
         <input_file_ref idref="fl-40"/>
      </object_component>
      <object_component id="oc-135">
         <name>.debug_info</name>
         <load_address>0x5aae8</load_address>
         <run_address>0x5aae8</run_address>
         <size>0x5ad</size>
         <input_file_ref idref="fl-41"/>
      </object_component>
      <object_component id="oc-139">
         <name>.debug_info</name>
         <load_address>0x5b095</load_address>
         <run_address>0x5b095</run_address>
         <size>0x574</size>
         <input_file_ref idref="fl-42"/>
      </object_component>
      <object_component id="oc-13d">
         <name>.debug_info</name>
         <load_address>0x5b609</load_address>
         <run_address>0x5b609</run_address>
         <size>0xd1</size>
         <input_file_ref idref="fl-43"/>
      </object_component>
      <object_component id="oc-141">
         <name>.debug_info</name>
         <load_address>0x5b6da</load_address>
         <run_address>0x5b6da</run_address>
         <size>0x55b</size>
         <input_file_ref idref="fl-44"/>
      </object_component>
      <object_component id="oc-145">
         <name>.debug_info</name>
         <load_address>0x5bc35</load_address>
         <run_address>0x5bc35</run_address>
         <size>0x4b7</size>
         <input_file_ref idref="fl-45"/>
      </object_component>
      <object_component id="oc-149">
         <name>.debug_info</name>
         <load_address>0x5c0ec</load_address>
         <run_address>0x5c0ec</run_address>
         <size>0x4f2</size>
         <input_file_ref idref="fl-46"/>
      </object_component>
      <object_component id="oc-14d">
         <name>.debug_info</name>
         <load_address>0x5c5de</load_address>
         <run_address>0x5c5de</run_address>
         <size>0x4de</size>
         <input_file_ref idref="fl-47"/>
      </object_component>
      <object_component id="oc-152">
         <name>.debug_info</name>
         <load_address>0x5cabc</load_address>
         <run_address>0x5cabc</run_address>
         <size>0xed4</size>
         <input_file_ref idref="fl-48"/>
      </object_component>
      <object_component id="oc-156">
         <name>.debug_info</name>
         <load_address>0x5d990</load_address>
         <run_address>0x5d990</run_address>
         <size>0x744</size>
         <input_file_ref idref="fl-49"/>
      </object_component>
      <object_component id="oc-15c">
         <name>.debug_info</name>
         <load_address>0x5e0d4</load_address>
         <run_address>0x5e0d4</run_address>
         <size>0x662</size>
         <input_file_ref idref="fl-4a"/>
      </object_component>
      <object_component id="oc-160">
         <name>.debug_info</name>
         <load_address>0x5e736</load_address>
         <run_address>0x5e736</run_address>
         <size>0x5ab</size>
         <input_file_ref idref="fl-4b"/>
      </object_component>
      <object_component id="oc-164">
         <name>.debug_info</name>
         <load_address>0x5ece1</load_address>
         <run_address>0x5ece1</run_address>
         <size>0x4f2</size>
         <input_file_ref idref="fl-4c"/>
      </object_component>
      <object_component id="oc-168">
         <name>.debug_info</name>
         <load_address>0x5f1d3</load_address>
         <run_address>0x5f1d3</run_address>
         <size>0x706</size>
         <input_file_ref idref="fl-4d"/>
      </object_component>
      <object_component id="oc-16c">
         <name>.debug_info</name>
         <load_address>0x5f8d9</load_address>
         <run_address>0x5f8d9</run_address>
         <size>0x4d2</size>
         <input_file_ref idref="fl-4e"/>
      </object_component>
      <object_component id="oc-170">
         <name>.debug_info</name>
         <load_address>0x5fdab</load_address>
         <run_address>0x5fdab</run_address>
         <size>0x5f7</size>
         <input_file_ref idref="fl-4f"/>
      </object_component>
      <object_component id="oc-174">
         <name>.debug_info</name>
         <load_address>0x603a2</load_address>
         <run_address>0x603a2</run_address>
         <size>0x64a</size>
         <input_file_ref idref="fl-50"/>
      </object_component>
      <object_component id="oc-179">
         <name>.debug_info</name>
         <load_address>0x609ec</load_address>
         <run_address>0x609ec</run_address>
         <size>0xa1c</size>
         <input_file_ref idref="fl-51"/>
      </object_component>
      <object_component id="oc-17f">
         <name>.debug_info</name>
         <load_address>0x61408</load_address>
         <run_address>0x61408</run_address>
         <size>0xb97</size>
         <input_file_ref idref="fl-52"/>
      </object_component>
      <object_component id="oc-185">
         <name>.debug_info</name>
         <load_address>0x61f9f</load_address>
         <run_address>0x61f9f</run_address>
         <size>0x64f</size>
         <input_file_ref idref="fl-53"/>
      </object_component>
      <object_component id="oc-189">
         <name>.debug_info</name>
         <load_address>0x625ee</load_address>
         <run_address>0x625ee</run_address>
         <size>0x510</size>
         <input_file_ref idref="fl-54"/>
      </object_component>
      <object_component id="oc-1b7">
         <name>.debug_info</name>
         <load_address>0x62afe</load_address>
         <run_address>0x62afe</run_address>
         <size>0x6e</size>
      </object_component>
      <object_component id="oc-15">
         <name>.debug_frame</name>
         <load_address>0x0</load_address>
         <run_address>0x0</run_address>
         <size>0xe4</size>
         <input_file_ref idref="fl-2"/>
      </object_component>
      <object_component id="oc-1b">
         <name>.debug_frame</name>
         <load_address>0xe4</load_address>
         <run_address>0xe4</run_address>
         <size>0x18f</size>
         <input_file_ref idref="fl-3"/>
      </object_component>
      <object_component id="oc-21">
         <name>.debug_frame</name>
         <load_address>0x273</load_address>
         <run_address>0x273</run_address>
         <size>0x103</size>
         <input_file_ref idref="fl-4"/>
      </object_component>
      <object_component id="oc-26">
         <name>.debug_frame</name>
         <load_address>0x376</load_address>
         <run_address>0x376</run_address>
         <size>0x116</size>
         <input_file_ref idref="fl-5"/>
      </object_component>
      <object_component id="oc-2b">
         <name>.debug_frame</name>
         <load_address>0x48c</load_address>
         <run_address>0x48c</run_address>
         <size>0x135</size>
         <input_file_ref idref="fl-6"/>
      </object_component>
      <object_component id="oc-32">
         <name>.debug_frame</name>
         <load_address>0x5c1</load_address>
         <run_address>0x5c1</run_address>
         <size>0x167</size>
         <input_file_ref idref="fl-7"/>
      </object_component>
      <object_component id="oc-37">
         <name>.debug_frame</name>
         <load_address>0x728</load_address>
         <run_address>0x728</run_address>
         <size>0x2be</size>
         <input_file_ref idref="fl-8"/>
      </object_component>
      <object_component id="oc-3d">
         <name>.debug_frame</name>
         <load_address>0x9e6</load_address>
         <run_address>0x9e6</run_address>
         <size>0x223</size>
         <input_file_ref idref="fl-9"/>
      </object_component>
      <object_component id="oc-42">
         <name>.debug_frame</name>
         <load_address>0xc09</load_address>
         <run_address>0xc09</run_address>
         <size>0x15d</size>
         <input_file_ref idref="fl-a"/>
      </object_component>
      <object_component id="oc-47">
         <name>.debug_frame</name>
         <load_address>0xd66</load_address>
         <run_address>0xd66</run_address>
         <size>0x1e6</size>
         <input_file_ref idref="fl-b"/>
      </object_component>
      <object_component id="oc-4c">
         <name>.debug_frame</name>
         <load_address>0xf4c</load_address>
         <run_address>0xf4c</run_address>
         <size>0x224</size>
         <input_file_ref idref="fl-c"/>
      </object_component>
      <object_component id="oc-51">
         <name>.debug_frame</name>
         <load_address>0x1170</load_address>
         <run_address>0x1170</run_address>
         <size>0x190</size>
         <input_file_ref idref="fl-d"/>
      </object_component>
      <object_component id="oc-57">
         <name>.debug_frame</name>
         <load_address>0x1300</load_address>
         <run_address>0x1300</run_address>
         <size>0x1ef</size>
         <input_file_ref idref="fl-e"/>
      </object_component>
      <object_component id="oc-5e">
         <name>.debug_frame</name>
         <load_address>0x14ef</load_address>
         <run_address>0x14ef</run_address>
         <size>0x197</size>
         <input_file_ref idref="fl-f"/>
      </object_component>
      <object_component id="oc-64">
         <name>.debug_frame</name>
         <load_address>0x1686</load_address>
         <run_address>0x1686</run_address>
         <size>0x2a1</size>
         <input_file_ref idref="fl-10"/>
      </object_component>
      <object_component id="oc-6d">
         <name>.debug_frame</name>
         <load_address>0x1927</load_address>
         <run_address>0x1927</run_address>
         <size>0x152</size>
         <input_file_ref idref="fl-12"/>
      </object_component>
      <object_component id="oc-72">
         <name>.debug_frame</name>
         <load_address>0x1a79</load_address>
         <run_address>0x1a79</run_address>
         <size>0x18a</size>
         <input_file_ref idref="fl-13"/>
      </object_component>
      <object_component id="oc-77">
         <name>.debug_frame</name>
         <load_address>0x1c03</load_address>
         <run_address>0x1c03</run_address>
         <size>0x5d4</size>
         <input_file_ref idref="fl-14"/>
      </object_component>
      <object_component id="oc-7e">
         <name>.debug_frame</name>
         <load_address>0x21d7</load_address>
         <run_address>0x21d7</run_address>
         <size>0x35e</size>
         <input_file_ref idref="fl-15"/>
      </object_component>
      <object_component id="oc-83">
         <name>.debug_frame</name>
         <load_address>0x2535</load_address>
         <run_address>0x2535</run_address>
         <size>0x502</size>
         <input_file_ref idref="fl-16"/>
      </object_component>
      <object_component id="oc-88">
         <name>.debug_frame</name>
         <load_address>0x2a37</load_address>
         <run_address>0x2a37</run_address>
         <size>0x37b</size>
         <input_file_ref idref="fl-17"/>
      </object_component>
      <object_component id="oc-8d">
         <name>.debug_frame</name>
         <load_address>0x2db2</load_address>
         <run_address>0x2db2</run_address>
         <size>0x175</size>
         <input_file_ref idref="fl-18"/>
      </object_component>
      <object_component id="oc-92">
         <name>.debug_frame</name>
         <load_address>0x2f27</load_address>
         <run_address>0x2f27</run_address>
         <size>0x308</size>
         <input_file_ref idref="fl-19"/>
      </object_component>
      <object_component id="oc-97">
         <name>.debug_frame</name>
         <load_address>0x322f</load_address>
         <run_address>0x322f</run_address>
         <size>0x272</size>
         <input_file_ref idref="fl-1a"/>
      </object_component>
      <object_component id="oc-9c">
         <name>.debug_frame</name>
         <load_address>0x34a1</load_address>
         <run_address>0x34a1</run_address>
         <size>0x3dd</size>
         <input_file_ref idref="fl-1b"/>
      </object_component>
      <object_component id="oc-a2">
         <name>.debug_frame</name>
         <load_address>0x387e</load_address>
         <run_address>0x387e</run_address>
         <size>0x1ae</size>
         <input_file_ref idref="fl-1c"/>
      </object_component>
      <object_component id="oc-a7">
         <name>.debug_frame</name>
         <load_address>0x3a2c</load_address>
         <run_address>0x3a2c</run_address>
         <size>0x30e</size>
         <input_file_ref idref="fl-1d"/>
      </object_component>
      <object_component id="oc-ad">
         <name>.debug_frame</name>
         <load_address>0x3d3a</load_address>
         <run_address>0x3d3a</run_address>
         <size>0x4c2</size>
         <input_file_ref idref="fl-1e"/>
      </object_component>
      <object_component id="oc-b2">
         <name>.debug_frame</name>
         <load_address>0x41fc</load_address>
         <run_address>0x41fc</run_address>
         <size>0x1ae</size>
         <input_file_ref idref="fl-1f"/>
      </object_component>
      <object_component id="oc-bc">
         <name>.debug_frame</name>
         <load_address>0x43aa</load_address>
         <run_address>0x43aa</run_address>
         <size>0x116</size>
         <input_file_ref idref="fl-25"/>
      </object_component>
      <object_component id="oc-16">
         <name>.debug_line</name>
         <load_address>0x0</load_address>
         <run_address>0x0</run_address>
         <size>0x42</size>
         <input_file_ref idref="fl-2"/>
      </object_component>
      <object_component id="oc-1c">
         <name>.debug_line</name>
         <load_address>0x42</load_address>
         <run_address>0x42</run_address>
         <size>0x134</size>
         <input_file_ref idref="fl-3"/>
      </object_component>
      <object_component id="oc-22">
         <name>.debug_line</name>
         <load_address>0x176</load_address>
         <run_address>0x176</run_address>
         <size>0x221</size>
         <input_file_ref idref="fl-4"/>
      </object_component>
      <object_component id="oc-27">
         <name>.debug_line</name>
         <load_address>0x397</load_address>
         <run_address>0x397</run_address>
         <size>0x85</size>
         <input_file_ref idref="fl-5"/>
      </object_component>
      <object_component id="oc-2c">
         <name>.debug_line</name>
         <load_address>0x41c</load_address>
         <run_address>0x41c</run_address>
         <size>0xe0</size>
         <input_file_ref idref="fl-6"/>
      </object_component>
      <object_component id="oc-33">
         <name>.debug_line</name>
         <load_address>0x4fc</load_address>
         <run_address>0x4fc</run_address>
         <size>0x15d</size>
         <input_file_ref idref="fl-7"/>
      </object_component>
      <object_component id="oc-38">
         <name>.debug_line</name>
         <load_address>0x659</load_address>
         <run_address>0x659</run_address>
         <size>0x7fb</size>
         <input_file_ref idref="fl-8"/>
      </object_component>
      <object_component id="oc-3e">
         <name>.debug_line</name>
         <load_address>0xe54</load_address>
         <run_address>0xe54</run_address>
         <size>0x63b</size>
         <input_file_ref idref="fl-9"/>
      </object_component>
      <object_component id="oc-43">
         <name>.debug_line</name>
         <load_address>0x148f</load_address>
         <run_address>0x148f</run_address>
         <size>0x485</size>
         <input_file_ref idref="fl-a"/>
      </object_component>
      <object_component id="oc-48">
         <name>.debug_line</name>
         <load_address>0x1914</load_address>
         <run_address>0x1914</run_address>
         <size>0xa8d</size>
         <input_file_ref idref="fl-b"/>
      </object_component>
      <object_component id="oc-4d">
         <name>.debug_line</name>
         <load_address>0x23a1</load_address>
         <run_address>0x23a1</run_address>
         <size>0x27e</size>
         <input_file_ref idref="fl-c"/>
      </object_component>
      <object_component id="oc-52">
         <name>.debug_line</name>
         <load_address>0x261f</load_address>
         <run_address>0x261f</run_address>
         <size>0x1c0</size>
         <input_file_ref idref="fl-d"/>
      </object_component>
      <object_component id="oc-58">
         <name>.debug_line</name>
         <load_address>0x27df</load_address>
         <run_address>0x27df</run_address>
         <size>0x424</size>
         <input_file_ref idref="fl-e"/>
      </object_component>
      <object_component id="oc-5f">
         <name>.debug_line</name>
         <load_address>0x2c03</load_address>
         <run_address>0x2c03</run_address>
         <size>0x3f5</size>
         <input_file_ref idref="fl-f"/>
      </object_component>
      <object_component id="oc-65">
         <name>.debug_line</name>
         <load_address>0x2ff8</load_address>
         <run_address>0x2ff8</run_address>
         <size>0x2cd</size>
         <input_file_ref idref="fl-10"/>
      </object_component>
      <object_component id="oc-69">
[...]
         <value>0x2aa4e</value>
         <object_component_ref idref="oc-aa"/>
      </symbol>
      <symbol id="sm-127b">
         <name>_USB_getDataCountReadFromFifo</name>
         <value>0x2b430</value>
         <object_component_ref idref="oc-aa"/>
      </symbol>
      <symbol id="sm-127c">
         <name>_USB_connectDev</name>
         <value>0x2b103</value>
         <object_component_ref idref="oc-aa"/>
      </symbol>
      <symbol id="sm-127d">
         <name>_gCtrlTransfer</name>
         <value>0x5c70</value>
         <object_component_ref idref="oc-ab"/>
      </symbol>
      <symbol id="sm-127e">
         <name>_USB_issueRemoteWakeup</name>
         <value>0x2b1a7</value>
         <object_component_ref idref="oc-aa"/>
      </symbol>
      <symbol id="sm-127f">
         <name>_USB_getSetupPacket</name>
         <value>0x2a6d4</value>
         <object_component_ref idref="oc-aa"/>
      </symbol>
      <symbol id="sm-12a4">
         <name>_WDTIM_start</name>
         <value>0x3a7f4</value>
         <object_component_ref idref="oc-b0"/>
      </symbol>
      <symbol id="sm-12a5">
         <name>_WDTIM_getConfig</name>
         <value>0x3a990</value>
         <object_component_ref idref="oc-b0"/>
      </symbol>
      <symbol id="sm-12a6">
         <name>_WDTIM_open</name>
         <value>0x3a77e</value>
         <object_component_ref idref="oc-b0"/>
      </symbol>
      <symbol id="sm-12a7">
         <name>_WDTIM_service</name>
         <value>0x3a8f3</value>
         <object_component_ref idref="oc-b0"/>
      </symbol>
      <symbol id="sm-12a8">
         <name>_WDTIM_getCnt</name>
         <value>0x3a881</value>
         <object_component_ref idref="oc-b0"/>
      </symbol>
      <symbol id="sm-12a9">
         <name>_WDTIM_config</name>
         <value>0x3a926</value>
         <object_component_ref idref="oc-b0"/>
      </symbol>
      <symbol id="sm-12aa">
         <name>_WDTIM_close</name>
         <value>0x3a8af</value>
         <object_component_ref idref="oc-b0"/>
      </symbol>
      <symbol id="sm-12ab">
         <name>_WDTIM_stop</name>
         <value>0x3a83c</value>
         <object_component_ref idref="oc-b0"/>
      </symbol>
      <symbol id="sm-12f5">
         <name>_VECSTART</name>
         <value>0x4ff00</value>
         <object_component_ref idref="oc-b6"/>
      </symbol>
      <symbol id="sm-12f6">
         <name>RST</name>
         <value>0x4ff00</value>
         <object_component_ref idref="oc-b6"/>
      </symbol>
      <symbol id="sm-1304">
         <name>_EZDSP5535_waitusec</name>
         <value>0x3bfb7</value>
         <object_component_ref idref="oc-ba"/>
      </symbol>
      <symbol id="sm-1305">
         <name>_EZDSP5535_init</name>
         <value>0x3bfc9</value>
         <object_component_ref idref="oc-ba"/>
      </symbol>
      <symbol id="sm-1306">
         <name>_EZDSP5535_wait</name>
         <value>0x3bf83</value>
         <object_component_ref idref="oc-ba"/>
      </symbol>
      <symbol id="sm-1312">
         <name>__sysstack</name>
         <value>0x20c0</value>
         <object_component_ref idref="oc-18c"/>
      </symbol>
      <symbol id="sm-1313">
         <name>_c_int00</name>
         <value>0x3c1cf</value>
         <object_component_ref idref="oc-10"/>
      </symbol>
      <symbol id="sm-1314">
         <name>__stack</name>
         <value>0xc0</value>
         <object_component_ref idref="oc-bf"/>
      </symbol>
      <symbol id="sm-131f">
         <name>__divul</name>
         <value>0x3b938</value>
         <object_component_ref idref="oc-c3"/>
      </symbol>
      <symbol id="sm-132f">
         <name>C$$EXIT</name>
         <value>0x3c316</value>
         <object_component_ref idref="oc-cb"/>
      </symbol>
      <symbol id="sm-1330">
         <name>_exit</name>
         <value>0x3c191</value>
         <object_component_ref idref="oc-c7"/>
      </symbol>
      <symbol id="sm-1331">
         <name>_abort</name>
         <value>0x3c315</value>
         <object_component_ref idref="oc-cb"/>
      </symbol>
      <symbol id="sm-1332">
         <name>__cleanup_ptr</name>
         <value>0x64a4</value>
         <object_component_ref idref="oc-c8"/>
      </symbol>
      <symbol id="sm-1333">
         <name>__dtors_ptr</name>
         <value>0x64a8</value>
         <object_component_ref idref="oc-c8"/>
      </symbol>
      <symbol id="sm-133b">
         <name>__mpyli</name>
         <value>0x3c2c5</value>
         <object_component_ref idref="oc-ce"/>
      </symbol>
      <symbol id="sm-133c">
         <name>I$$LMPY</name>
         <value>0x3c2c5</value>
         <object_component_ref idref="oc-ce"/>
      </symbol>
      <symbol id="sm-1346">
         <name>_printf</name>
         <value>0x3bfd7</value>
         <object_component_ref idref="oc-d2"/>
      </symbol>
      <symbol id="sm-1351">
         <name>__remul</name>
         <value>0x3bc46</value>
         <object_component_ref idref="oc-d6"/>
      </symbol>
      <symbol id="sm-135b">
         <name>_strlen</name>
         <value>0x3c2ea</value>
         <object_component_ref idref="oc-da"/>
      </symbol>
      <symbol id="sm-1363">
         <name>__remu</name>
         <value>0x3c242</value>
         <object_component_ref idref="oc-de"/>
      </symbol>
      <symbol id="sm-1364">
         <name>__divu</name>
         <value>0x3c22d</value>
         <object_component_ref idref="oc-de"/>
      </symbol>
      <symbol id="sm-1365">
         <name>I$$UMOD</name>
         <value>0x3c242</value>
         <object_component_ref idref="oc-de"/>
      </symbol>
      <symbol id="sm-1366">
         <name>I$$UDIV</name>
         <value>0x3c22d</value>
         <object_component_ref idref="oc-de"/>
      </symbol>
      <symbol id="sm-1370">
         <name>_Reset</name>
         <value>0x4fe00</value>
         <object_component_ref idref="oc-11"/>
      </symbol>
      <symbol id="sm-137e">
         <name>__unlock</name>
         <value>0x64a0</value>
         <object_component_ref idref="oc-e7"/>
      </symbol>
      <symbol id="sm-137f">
         <name>__lock</name>
         <value>0x649c</value>
         <object_component_ref idref="oc-e7"/>
      </symbol>
      <symbol id="sm-1380">
         <name>__register_lock</name>
         <value>0x3c2e0</value>
         <object_component_ref idref="oc-e6"/>
      </symbol>
      <symbol id="sm-1381">
         <name>__nop</name>
         <value>0x3c2e8</value>
         <object_component_ref idref="oc-e6"/>
      </symbol>
      <symbol id="sm-1382">
         <name>__register_unlock</name>
         <value>0x3c2d8</value>
         <object_component_ref idref="oc-e6"/>
      </symbol>
      <symbol id="sm-1394">
         <name>__printfi</name>
         <value>0x2e6c5</value>
         <object_component_ref idref="oc-ec"/>
      </symbol>
      <symbol id="sm-139e">
         <name>__args_main</name>
         <value>0x3c074</value>
         <object_component_ref idref="oc-f2"/>
      </symbol>
      <symbol id="sm-139f">
         <name>__TI_args_main</name>
         <value>0x1</value>
      </symbol>
      <symbol id="sm-13a9">
         <name>_atoi</name>
         <value>0x3bed3</value>
         <object_component_ref idref="oc-f6"/>
      </symbol>
      <symbol id="sm-13b1">
         <name>_auto_init</name>
         <value>0x3c027</value>
         <object_component_ref idref="oc-fa"/>
      </symbol>
      <symbol id="sm-13bb">
         <name>__eqld</name>
         <value>0x3ad92</value>
         <object_component_ref idref="oc-fe"/>
      </symbol>
      <symbol id="sm-13bc">
         <name>__cmpd</name>
         <value>0x3adc6</value>
         <object_component_ref idref="oc-fe"/>
      </symbol>
      <symbol id="sm-13bd">
         <name>__neqd</name>
         <value>0x3ac34</value>
         <object_component_ref idref="oc-fe"/>
      </symbol>
      <symbol id="sm-13be">
         <name>__gtrd</name>
         <value>0x3acfd</value>
         <object_component_ref idref="oc-fe"/>
      </symbol>
      <symbol id="sm-13bf">
         <name>__geqd</name>
         <value>0x3ad48</value>
         <object_component_ref idref="oc-fe"/>
      </symbol>
      <symbol id="sm-13c0">
         <name>__leqd</name>
         <value>0x3acb0</value>
         <object_component_ref idref="oc-fe"/>
      </symbol>
      <symbol id="sm-13c1">
         <name>__lssd</name>
         <value>0x3ac68</value>
         <object_component_ref idref="oc-fe"/>
      </symbol>
      <symbol id="sm-13c9">
         <name>__ctypes_</name>
         <value>0x67a0</value>
         <object_component_ref idref="oc-194"/>
      </symbol>
      <symbol id="sm-13d3">
         <name>__tmpnams</name>
         <value>0x5f48</value>
         <object_component_ref idref="oc-104"/>
      </symbol>
      <symbol id="sm-13d4">
         <name>__ft_end</name>
         <value>0x6088</value>
         <object_component_ref idref="oc-104"/>
      </symbol>
      <symbol id="sm-13d5">
         <name>__ftable</name>
         <value>0x5e58</value>
         <object_component_ref idref="oc-104"/>
      </symbol>
      <symbol id="sm-13e1">
         <name>__divd</name>
         <value>0x39604</value>
         <object_component_ref idref="oc-108"/>
      </symbol>
      <symbol id="sm-13eb">
         <name>__fixdi</name>
         <value>0x3c203</value>
         <object_component_ref idref="oc-10c"/>
      </symbol>
      <symbol id="sm-13f5">
         <name>__fixdli</name>
         <value>0x3bcb8</value>
         <object_component_ref idref="oc-110"/>
      </symbol>
      <symbol id="sm-1401">
         <name>__fltlid</name>
         <value>0x3be6c</value>
         <object_component_ref idref="oc-114"/>
      </symbol>
      <symbol id="sm-140b">
         <name>_putchar</name>
         <value>0x3b929</value>
         <object_component_ref idref="oc-119"/>
      </symbol>
      <symbol id="sm-140c">
         <name>_putc</name>
         <value>0x3b892</value>
         <object_component_ref idref="oc-119"/>
      </symbol>
      <symbol id="sm-140d">
         <name>_fputc</name>
         <value>0x3b892</value>
         <object_component_ref idref="oc-119"/>
      </symbol>
      <symbol id="sm-141b">
         <name>_puts</name>
         <value>0x3b27c</value>
         <object_component_ref idref="oc-11d"/>
      </symbol>
      <symbol id="sm-141c">
         <name>_fputs</name>
         <value>0x3b147</value>
         <object_component_ref idref="oc-11d"/>
      </symbol>
      <symbol id="sm-1426">
         <name>__frcmpyd_div</name>
         <value>0x3bbd3</value>
         <object_component_ref idref="oc-122"/>
      </symbol>
      <symbol id="sm-1430">
         <name>___isinf</name>
         <value>0x3c297</value>
         <object_component_ref idref="oc-126"/>
      </symbol>
      <symbol id="sm-143a">
         <name>__divull</name>
         <value>0x3a655</value>
         <object_component_ref idref="oc-12a"/>
      </symbol>
      <symbol id="sm-143b">
         <name>__mpylli</name>
         <value>0x3a59d</value>
         <object_component_ref idref="oc-12a"/>
      </symbol>
      <symbol id="sm-143c">
         <name>__remlli</name>
         <value>0x3a56e</value>
         <object_component_ref idref="oc-12a"/>
      </symbol>
      <symbol id="sm-143d">
         <name>__divlli</name>
         <value>0x3a749</value>
         <object_component_ref idref="oc-12a"/>
      </symbol>
      <symbol id="sm-143e">
         <name>__remull</name>
         <value>0x3a520</value>
         <object_component_ref idref="oc-12a"/>
      </symbol>
      <symbol id="sm-1450">
         <name>_add_device</name>
         <value>0x380de</value>
         <object_component_ref idref="oc-12e"/>
      </symbol>
      <symbol id="sm-1451">
         <name>_rename</name>
         <value>0x37e00</value>
         <object_component_ref idref="oc-12e"/>
      </symbol>
      <symbol id="sm-1452">
         <name>_read</name>
         <value>0x37e8f</value>
         <object_component_ref idref="oc-12e"/>
      </symbol>
      <symbol id="sm-1453">
         <name>_unlink</name>
         <value>0x37dcd</value>
         <object_component_ref idref="oc-12e"/>
      </symbol>
      <symbol id="sm-1454">
         <name>_remove_device</name>
         <value>0x37e59</value>
         <object_component_ref idref="oc-12e"/>
      </symbol>
      <symbol id="sm-1455">
         <name>_open</name>
         <value>0x37f3d</value>
         <object_component_ref idref="oc-12e"/>
      </symbol>
      <symbol id="sm-1456">
         <name>_find_registered_device</name>
         <value>0x38062</value>
         <object_component_ref idref="oc-12e"/>
      </symbol>
      <symbol id="sm-1457">
         <name>_lseek</name>
         <value>0x37ffc</value>
         <object_component_ref idref="oc-12e"/>
      </symbol>
      <symbol id="sm-1458">
         <name>_close</name>
         <value>0x3806b</value>
         <object_component_ref idref="oc-12e"/>
      </symbol>
      <symbol id="sm-1459">
         <name>_write</name>
         <value>0x37c8b</value>
         <object_component_ref idref="oc-12e"/>
      </symbol>
      <symbol id="sm-1463">
         <name>_ltoa</name>
         <value>0x3ba65</value>
         <object_component_ref idref="oc-134"/>
      </symbol>
      <symbol id="sm-146e">
         <name>_memccpy</name>
         <value>0x3c257</value>
         <object_component_ref idref="oc-138"/>
      </symbol>
      <symbol id="sm-1476">
         <name>_memcpy</name>
         <value>0x3c152</value>
         <object_component_ref idref="oc-13c"/>
      </symbol>
      <symbol id="sm-1480">
         <name>__mpyd</name>
         <value>0x3b407</value>
         <object_component_ref idref="oc-140"/>
      </symbol>
      <symbol id="sm-148a">
         <name>__negd</name>
         <value>0x3c2fb</value>
         <object_component_ref idref="oc-144"/>
      </symbol>
      <symbol id="sm-1494">
         <name>__remli</name>
         <value>0x3c0bf</value>
         <object_component_ref idref="oc-148"/>
      </symbol>
      <symbol id="sm-149e">
         <name>__subd</name>
         <value>0x3c2b1</value>
         <object_component_ref idref="oc-14c"/>
      </symbol>
      <symbol id="sm-14aa">
         <name>_HOSTopen</name>
         <value>0x38a13</value>
         <object_component_ref idref="oc-150"/>
      </symbol>
      <symbol id="sm-14ab">
         <name>_HOSTread</name>
         <value>0x38986</value>
         <object_component_ref idref="oc-150"/>
      </symbol>
      <symbol id="sm-14ac">
         <name>_HOSTtime</name>
         <value>0x3887a</value>
         <object_component_ref idref="oc-150"/>
      </symbol>
      <symbol id="sm-14ad">
         <name>_getenv</name>
         <value>0x38708</value>
         <object_component_ref idref="oc-150"/>
      </symbol>
      <symbol id="sm-14ae">
         <name>_HOSTrename</name>
         <value>0x388d8</value>
         <object_component_ref idref="oc-150"/>
      </symbol>
      <symbol id="sm-14af">
         <name>_HOSTclock</name>
         <value>0x38bd2</value>
         <object_component_ref idref="oc-150"/>
      </symbol>
      <symbol id="sm-14b0">
         <name>_HOSTwrite</name>
         <value>0x38783</value>
         <object_component_ref idref="oc-150"/>
      </symbol>
      <symbol id="sm-14b1">
         <name>_HOSTlseek</name>
         <value>0x38ab2</value>
         <object_component_ref idref="oc-150"/>
      </symbol>
      <symbol id="sm-14b2">
         <name>_HOSTunlink</name>
         <value>0x38810</value>
         <object_component_ref idref="oc-150"/>
      </symbol>
      <symbol id="sm-14b3">
         <name>_HOSTclose</name>
         <value>0x38b67</value>
         <object_component_ref idref="oc-150"/>
      </symbol>
      <symbol id="sm-14c5">
         <name>C$$IO$$</name>
         <value>0x3b88d</value>
         <object_component_ref idref="oc-158"/>
      </symbol>
      <symbol id="sm-14c6">
         <name>__CIOBUF_</name>
         <value>0x40000</value>
         <object_component_ref idref="oc-157"/>
      </symbol>
      <symbol id="sm-14c7">
         <name>_readmsg</name>
         <value>0x3bd27</value>
         <object_component_ref idref="oc-155"/>
      </symbol>
      <symbol id="sm-14c8">
         <name>_writemsg</name>
         <value>0x3b7d8</value>
         <object_component_ref idref="oc-158"/>
      </symbol>
      <symbol id="sm-14d2">
         <name>__rd_ok</name>
         <value>0x3b6b9</value>
         <object_component_ref idref="oc-15b"/>
      </symbol>
      <symbol id="sm-14d3">
         <name>__wrt_ok</name>
         <value>0x3b639</value>
         <object_component_ref idref="oc-15b"/>
      </symbol>
      <symbol id="sm-14dd">
         <name>__addd</name>
         <value>0x3a9da</value>
         <object_component_ref idref="oc-15f"/>
      </symbol>
      <symbol id="sm-14e7">
         <name>__divli</name>
         <value>0x3c10a</value>
         <object_component_ref idref="oc-163"/>
      </symbol>
      <symbol id="sm-14f1">
         <name>__doflush</name>
         <value>0x3b716</value>
         <object_component_ref idref="oc-167"/>
      </symbol>
      <symbol id="sm-14f2">
         <name>_fflush</name>
         <value>0x3b77f</value>
         <object_component_ref idref="oc-167"/>
      </symbol>
      <symbol id="sm-14fc">
         <name>__frcmpyd</name>
         <value>0x3bb5d</value>
         <object_component_ref idref="oc-16b"/>
      </symbol>
      <symbol id="sm-1506">
         <name>_fseek</name>
         <value>0x3be01</value>
         <object_component_ref idref="oc-16f"/>
      </symbol>
      <symbol id="sm-1510">
         <name>_setvbuf</name>
         <value>0x3b553</value>
         <object_component_ref idref="oc-173"/>
      </symbol>
      <symbol id="sm-151f">
         <name>__cleanup</name>
         <value>0x3a3c2</value>
         <object_component_ref idref="oc-177"/>
      </symbol>
      <symbol id="sm-1520">
         <name>_fopen</name>
         <value>0x3a4e5</value>
         <object_component_ref idref="oc-177"/>
      </symbol>
      <symbol id="sm-1521">
         <name>_freopen</name>
         <value>0x3a41c</value>
         <object_component_ref idref="oc-177"/>
      </symbol>
      <symbol id="sm-1531">
         <name>__sys_memory</name>
         <value>0x30c0</value>
         <object_component_ref idref="oc-181"/>
      </symbol>
      <symbol id="sm-1532">
         <name>_chkheap</name>
         <value>0x395d6</value>
         <object_component_ref idref="oc-17d"/>
      </symbol>
      <symbol id="sm-1533">
         <name>_realloc</name>
         <value>0x39375</value>
         <object_component_ref idref="oc-17d"/>
      </symbol>
      <symbol id="sm-1534">
         <name>_free_memory</name>
         <value>0x39580</value>
         <object_component_ref idref="oc-17d"/>
      </symbol>
      <symbol id="sm-1535">
         <name>_max_free</name>
         <value>0x39526</value>
         <object_component_ref idref="oc-17d"/>
      </symbol>
      <symbol id="sm-1536">
         <name>_free</name>
         <value>0x3914f</value>
         <object_component_ref idref="oc-17d"/>
      </symbol>
      <symbol id="sm-1537">
         <name>_calloc</name>
         <value>0x395de</value>
         <object_component_ref idref="oc-17d"/>
      </symbol>
      <symbol id="sm-1538">
         <name>_malloc</name>
         <value>0x39280</value>
         <object_component_ref idref="oc-17d"/>
      </symbol>
      <symbol id="sm-1539">
         <name>_minit</name>
         <value>0x3921b</value>
         <object_component_ref idref="oc-17d"/>
      </symbol>
      <symbol id="sm-1543">
         <name>_fclose</name>
         <value>0x3bae2</value>
         <object_component_ref idref="oc-184"/>
      </symbol>
      <symbol id="sm-154d">
         <name>_remove</name>
         <value>0x3c30b</value>
         <object_component_ref idref="oc-188"/>
      </symbol>
   </symbol_table>
</link_info>
