******************************************************************************
              TMS320C55x Linker PC v4.4.1                      
******************************************************************************
>> Linked Mon Apr 11 11:46:46 2022

OUTPUT FILE NAME:   <helloWorld.out>
ENTRY POINT SYMBOL: "_c_int00"  address: 0003c5d3


MEMORY CONFIGURATION

         name            origin    length      used     unused   attr    fill
                        (bytes)   (bytes)    (bytes)   (bytes)
----------------------  --------  ---------  --------  --------  ----  --------
PAGE 0:
  MMR                   00000000   000000c0  00000000  000000c0  RWIX
  DARAM0                000000c0   0000ff40  0000739a  00008ba6  RWIX
  SARAM0                00010000   00010000  00000000  00010000  RWIX
  SARAM1                00020000   00020000  0001c706  000038fa  RWIX
  SARAM2                00040000   0000fe00  0000053a  0000f8c6  RWIX
  VECS                  0004fe00   00000200  00000200  00000000  RWIX
  PDROM                 00ff8000   00008000  00000000  00008000  R IX

PAGE 2:
  IOPORT                00000000   00020000  00000000  00020000  RWI 


SECTION ALLOCATION MAP
(Addresses surrounded by []'s are displayed for convenience only!)

output                                                          attributes/
section   page  orgn(bytes) orgn(words) len(bytes) len(words)   input sections
--------  ----  ----------- ----------- ---------- ----------   --------------
.pinit       0   [ 00040000 ]  00020000          *   00000000   UNINITIALIZED

.stack       0   [ 000000c0 ]  00000060          *   00001000   UNINITIALIZED
                 [ 000000c0 ]  00000060          *   00001000   --HOLE--

.data        0   [ 000000c0 ]  00000060          *   00000000   UNINITIALIZED

.sysstack 
*            0   [ 000020c0 ]  00001060          *   00000800   UNINITIALIZED
                 [ 000020c0 ]  00001060          *   00000800   --HOLE--

.sysmem      0   [ 000030c0 ]  00001860          *   00001000   UNINITIALIZED
                 [ 000030c0 ]  00001860          *   00001000   --HOLE--

.bss.1       0   [ 000050c0 ]  00002860          *   00000f61   UNINITIALIZED
                 [ 000050c0 ]  00002860          *   0000050d   csl_mmcsd_ataIf.obj (.bss)
                 [ 00005ada ]  00002d6d          *   00000003   csl_spi.obj (.bss)
                 [ 00005ae0 ]  00002d70          *   00000408   ezdsp5535_aic3204_dma.obj (.bss)
                 [ 000062f0 ]  00003178          *   000001be   csl_usb.obj (.bss)
                 [ 0000666c ]  00003336          *   00000002   aic3204.obj (.bss)
                 [ 00006670 ]  00003338          *   00000180   main.obj (.bss)
                 [ 00006970 ]  000034b8          *   00000119   rts55x.lib : defs.obj (.bss)
                 [ 00006ba2 ]  000035d1          *   000000d0              : trgdrv.obj (.bss)
                 [ 00006d42 ]  000036a1          *   00000001              : fopen.obj (.bss)
                 [ 00006d44 ]  000036a2          *   00000084   csl_intc.obj (.bss)
                 [ 00006e4c ]  00003726          *   00000071   rts55x.lib : lowlev.obj (.bss)
                 [ 00006f2e ]  00003797          *   0000002a   csl_i2s.obj (.bss)

.bss.2       0   [ 00006f84 ]  000037c2          *   0000002e   UNINITIALIZED
                 [ 00006f84 ]  000037c2          *   00000012   csl_i2c.obj (.bss)
                 [ 00006fa8 ]  000037d4          *   00000008   ezdsp5535bsl.lib : ezdsp5535_sar.obj (.bss)
                 [ 00006fb8 ]  000037dc          *   00000006   rts55x.lib : memory.obj (.bss)
                 [ 00006fc4 ]  000037e2          *   00000004   ezdsp5535bsl.lib : ezdsp5535_gpio.obj (.bss)
                 [ 00006fcc ]  000037e6          *   00000004   rts55x.lib : _lock.obj (.bss)
                 [ 00006fd4 ]  000037ea          *   00000004              : exit.obj (.bss)
                 [ 00006fdc ]  000037ee          *   00000002   ezdsp5535bsl.lib : ezdsp5535_i2s.obj (.bss)

.const.1     0   [ 00006fe0 ]  000037f0          *   000001e3   
                 [ 00006fe0 ]  000037f0          *   00000101   rts55x.lib : ctype.obj (.const:__ctypes_)
                 [ 000071e2 ]  000038f1          *   00000001   print_number.obj (.const)
                 [ 000071e4 ]  000038f2          *   00000081   csl_cdc.obj (.const:.string)
                 [ 000072e6 ]  00003973          *   00000060   print_number.obj (.const:_consolas_8ptBitmaps)

.const.2     0   [ 000073a8 ]  000039d4          *   00000043   
                 [ 000073a8 ]  000039d4          *   00000024   rts55x.lib : _printfi.obj (.const:.string)
                 [ 000073f0 ]  000039f8          *   0000001f   main.obj (.const:.string)

.const.3     0   [ 00007430 ]  00003a18          *   00000018   
                 [ 00007430 ]  00003a18          *   0000000c   rts55x.lib : _printfi.obj (.const)
                 [ 00007448 ]  00003a24          *   00000008              : divd.obj (.const:_initial_approx$1)
                 [ 00007458 ]  00003a2c          *   00000002              : fputs.obj (.const:.string)
                 [ 0000745c ]  00003a2e          *   00000002              : fltlid.obj (.const)

.text        0     00020000  [ 00010000 ] 0001c706          *   
                   00020000  [ 00010000 ] 00004408          *   csl_mmcsd.obj (.text)
                   00024408  [ 00012204 ] 00002b24          *   csl_msc.obj (.text)
                   00026f2c  [ 00013796 ] 000029ff          *   csl_sdio.obj (.text)
                   0002992b  [ 00014c95+] 00002198          *   csl_usb.obj (.text)
                   0002bac3  [ 00015d61+] 000018a0          *   csl_dma.obj (.text)
                   0002d363  [ 000169b1+] 000015a4          *   rts55x.lib : _printfi.obj (.text)
                   0002e907  [ 00017483+] 000011ce          *   csl_nand.obj (.text)
                   0002fad5  [ 00017d6a+] 000010e1          *   csl_uart.obj (.text)
                   00030bb6  [ 000185db ] 00000dbe          *   csl_dat.obj (.text)
                   00031974  [ 00018cba ] 00000d62          *   csl_audioClass.obj (.text)
                   000326d6  [ 0001936b ] 00000c59          *   csl_cdc.obj (.text)
                   0003332f  [ 00019997+] 00000c3c          *   csl_i2c.obj (.text)
                   00033f6b  [ 00019fb5+] 00000b26          *   csl_mmcsd_ataIf.obj (.text)
                   00034a91  [ 0001a548+] 00000b18          *   csl_sar.obj (.text)
                   000355a9  [ 0001aad4+] 000009db          *   csl_i2s.obj (.text)
                   00035f84  [ 0001afc2 ] 00000895          *   csl_rtc.obj (.text)
                   00036819  [ 0001b40c+] 00000831          *   csl_lcdc.obj (.text)
                   0003704a  [ 0001b825 ] 0000068d          *   csl_gpio.obj (.text)
                   000376d7  [ 0001bb6b+] 000005b4          *   csl_spi.obj (.text)
                   00037c8b  [ 0001be45+] 00000543          *   rts55x.lib : lowlev.obj (.text)
                   000381ce  [ 0001c0e7 ] 00000528          *              : trgdrv.obj (.text)
                   000386f6  [ 0001c37b ] 0000051f          *   csl_intc.obj (.text)
                   00038c15  [ 0001c60a+] 000004b5          *   rts55x.lib : memory.obj (.text)
                   000390ca  [ 0001c865 ] 000003cc          *              : divd.obj (.text)
                   00039496  [ 0001ca4b ] 0000033e          *   csl_mem.obj (.text)
                   000397d4  [ 0001cbea ] 0000031b          *   ezdsp5535_aic3204_dma.obj (.text)
                   00039aef  [ 0001cd77+] 000002eb          *   csl_gpt.obj (.text)
                   00039dda  [ 0001ceed ] 000002d3          *   print_number.obj (.text)
                   0003a0ad  [ 0001d056+] 000002a8          *   csl_pll.obj (.text)
                   0003a355  [ 0001d1aa+] 0000027f          *   rts55x.lib : fopen.obj (.text)
                   0003a5d4  [ 0001d2ea ] 0000025e          *              : llmpy.obj (.text)
                   0003a832  [ 0001d419 ] 0000025c          *   csl_wdt.obj (.text)
                   0003aa8e  [ 0001d547 ] 0000025a          *   rts55x.lib : addd.obj (.text)
                   0003ace8  [ 0001d674 ] 000001ea          *              : cmpd.obj (.text)
                   0003aed2  [ 0001d769 ] 00000192          *   ezdsp5535bsl.lib : ezdsp5535_lcd.obj (.text)
                   0003b064  [ 0001d832 ] 0000017a          *                    : ezdsp5535_sar.obj (.text)
                   0003b1de  [ 0001d8ef ] 00000163          *   rts55x.lib : fputs.obj (.text)
                   0003b341  [ 0001d9a0+] 0000014c          *              : mpyd.obj (.text)
                   0003b48d  [ 0001da46+] 00000120          *   iir.obj (.text)
                   0003b5ad  [ 0001dad6+] 00000107          *   ezdsp5535bsl.lib : ezdsp5535_i2s.obj (.text)
                   0003b6b4  [ 0001db5a ] 000000e6          *   rts55x.lib : setvbuf.obj (.text)
                   0003b79a  [ 0001dbcd ] 000000dd          *              : _io_perm.obj (.text)
                   0003b877  [ 0001dc3b+] 000000cc          *   ezdsp5535_aic3204_dma.obj (.text:retain)
                   0003b943  [ 0001dca1+] 000000c3          *   aic3204.obj (.text)
                   0003ba06  [ 0001dd03 ] 000000c2          *   rts55x.lib : fflush.obj (.text)
                   0003bac8  [ 0001dd64 ] 000000ba          *              : trgmsg.obj (.text:CIO_breakpoint)
                   0003bb82  [ 0001ddc1 ] 000000a6          *              : fputc.obj (.text)
                   0003bc28  [ 0001de14 ] 000000a1          *              : divul.obj (.text)
                   0003bcc9  [ 0001de64+] 0000008e          *   ezdsp5535bsl.lib : ezdsp5535_i2c.obj (.text)
                   0003bd57  [ 0001deab+] 0000008c          *   csl_irqplug.obj (.text)
                   0003bde3  [ 0001def1+] 00000087          *   ezdsp5535bsl.lib : ezdsp5535_gpio.obj (.text)
                   0003be6a  [ 0001df35 ] 0000007d          *   rts55x.lib : ltoa.obj (.text)
                   0003bee7  [ 0001df73+] 0000007b          *              : fclose.obj (.text)
                   0003bf62  [ 0001dfb1 ] 00000076          *              : frcmpyd.obj (.text)
                   0003bfd8  [ 0001dfec ] 00000073          *              : frcmpyd_div.obj (.text)
                   0003c04b  [ 0001e025+] 00000072          *              : remul.obj (.text)
                   0003c0bd  [ 0001e05e+] 0000006f          *              : fixdli.obj (.text)
                   0003c12c  [ 0001e096 ] 0000006d          *              : trgmsg.obj (.text)
                   0003c199  [ 0001e0cc+] 0000006d          *   vectors.obj (.text)
                   0003c206  [ 0001e103 ] 0000006b          *   rts55x.lib : fseek.obj (.text)
                   0003c271  [ 0001e138+] 00000067          *              : fltlid.obj (.text)
                   0003c2d8  [ 0001e16c ] 0000005c          *              : atoi.obj (.text)
                   0003c334  [ 0001e19a ] 00000054          *   ezdsp5535bsl.lib : ezdsp5535.obj (.text)
                   0003c388  [ 0001e1c4 ] 00000053          *   main.obj (.text)
                   0003c3db  [ 0001e1ed+] 00000050          *   rts55x.lib : printf.obj (.text)
                   0003c42b  [ 0001e215+] 0000004d          *              : autoinit.obj (.text)
                   0003c478  [ 0001e23c ] 0000004b          *              : args_main.obj (.text)
                   0003c4c3  [ 0001e261+] 0000004b          *              : remli.obj (.text)
                   0003c50e  [ 0001e287 ] 00000048          *              : divli.obj (.text)
                   0003c556  [ 0001e2ab ] 0000003f          *              : memcpy.obj (.text)
                   0003c595  [ 0001e2ca+] 0000003e          *              : exit.obj (.text)
                   0003c5d3  [ 0001e2e9+] 00000034          *              : boot.obj (.text)
                   0003c607  [ 0001e303+] 0000002a          *              : fixdi.obj (.text)
                   0003c631  [ 0001e318+] 0000002a          *              : udiv.obj (.text)
                   0003c65b  [ 0001e32d+] 00000023          *              : memccpy.obj (.text)
                   0003c67e  [ 0001e33f ] 0000001a          *              : isinf.obj (.text)
                   0003c698  [ 0001e34c ] 00000014          *              : subd.obj (.text)
                   0003c6ac  [ 0001e356 ] 00000013          *              : lmpy.obj (.text)
                   0003c6bf  [ 0001e35f+] 00000012          *              : _lock.obj (.text)
                   0003c6d1  [ 0001e368+] 00000011          *              : strlen.obj (.text)
                   0003c6e2  [ 0001e371 ] 00000010          *              : negd.obj (.text)
                   0003c6f2  [ 0001e379 ] 0000000a          *              : remove.obj (.text)
                   0003c6fc  [ 0001e37e ] 00000007          *              : exit.obj (.text:CIO_breakpoint)
                   0003c703  [ 0001e381+] 00000002          *              : vectors.obj (.text)
                   0003c705  [ 0001e382 ] 00000001          *   --HOLE-- [fill = 20]

.cio         0   [ 00040000 ]  00020000          *   00000120   UNINITIALIZED
                 [ 00040000 ]  00020000          *   00000120   rts55x.lib : trgmsg.obj (.cio)

.switch      0   [ 00040240 ]  00020120          *   000000e0   
                 [ 00040240 ]  00020120          *   00000022   csl_sdio.obj (.switch:_SDIO_eventDisable)
                 [ 00040284 ]  00020142          *   00000022   csl_sdio.obj (.switch:_SDIO_eventEnable)
                 [ 000402c8 ]  00020164          *   00000020   csl_dma.obj (.switch:_DMA_config)
                 [ 00040308 ]  00020184          *   00000020   csl_dma.obj (.switch:_DMA_getConfig)
                 [ 00040348 ]  000201a4          *   00000020   csl_dma.obj (.switch:_DMA_reset)
                 [ 00040388 ]  000201c4          *   00000018   csl_usb.obj (.switch:_USB_coreEventProcessEp0)
                 [ 000403b8 ]  000201dc          *   00000014   print_number.obj (.switch:_printChar)
                 [ 000403e0 ]  000201f0          *   00000010   csl_msc.obj (.switch:_MSC_Bulk)

.cinit       0   [ 00040400 ]  00020200          *   0000009d   
                 [ 00040400 ]  00020200          *   0000002d   rts55x.lib : lowlev.obj (.cinit)
                 [ 0004045a ]  0002022d          *   0000002a              : defs.obj (.cinit)
                 [ 000404ae ]  00020257          *   00000015   csl_mmcsd_ataIf.obj (.cinit)
                 [ 000404d8 ]  0002026c          *   0000000c   ezdsp5535bsl.lib : ezdsp5535_sar.obj (.cinit)
                 [ 000404f0 ]  00020278          *   0000000a   rts55x.lib : _lock.obj (.cinit)
                 [ 00040504 ]  00020282          *   0000000a              : exit.obj (.cinit)
                 [ 00040518 ]  0002028c          *   00000008   csl_i2s.obj (.cinit)
                 [ 00040528 ]  00020294          *   00000004   rts55x.lib : fopen.obj (.cinit)
                 [ 00040530 ]  00020298          *   00000004              : memory.obj (.cinit)
                 [ 00040538 ]  0002029c          *   00000001   --HOLE-- [fill = 0]

vectors      0     0004fe00  [ 00027f00 ] 00000200          *   
                   0004fe00  [ 00027f00 ] 00000100          *   rts55x.lib : vectors.obj (vectors)
                   0004ff00  [ 00027f80 ] 00000100          *   vectors.obj (vectors)


GLOBAL SYMBOLS: SORTED ALPHABETICALLY BY Name 

abs. value/
byte addr   word addr   name
---------   ---------   ----
00000002                $TI_capability$C5500$CallingConvention
00000002                $TI_capability$C5500$MemoryModel
00000001                $TI_capability_requires_rev3
ffffffff                .bss
ffffffff                .data
ffffffff                .text
0003c6fd                C$$EXIT
0003bb7d                C$$IO$$
0003c6ac                I$$LMPY
0003c631                I$$UDIV
0003c646                I$$UMOD
0004ff00                RST
00031c33                _AC_Close
00031c6f                _AC_Ctrl
00031f02                _AC_GetactivityFlagStatus
00031f1c                _AC_GetsuspendFlagStatus
00031e66                _AC_Iso
000319eb                _AC_Open
00031f32                _AC_initDescriptors
00032491                _AC_reqGetCurrent
000321e0                _AC_reqGetDescriptor
00032596                _AC_reqGetMaximum
00032552                _AC_reqGetMinimum
000325da                _AC_reqGetResolution
000323b8                _AC_reqSetCurrent
0003261e                _AC_reqSetInterface
0003b943                _AIC3204_rget
0003b98e                _AIC3204_rset
            00002d6c    _ATA_No_Swap
0003295d                _CDC_Close
00032999                _CDC_GetactivityFlagStatus
000329b0                _CDC_GetsuspendFlagStatus
00032768                _CDC_Open
0003278c                _CDC_OpenFullspeed
00032dc1                _CDC_bulkInHandler
00032cc2                _CDC_bulkOutHandler
000329c6                _CDC_eventHandler
000330b0                _CDC_getData
0003313e                _CDC_putData
00030c8d                _DAT_close
00030e21                _DAT_copy
0003131b                _DAT_fill
00030bb6                _DAT_open
0003182b                _DAT_wait
            00002d78    _DMA_InputL
            00002e78    _DMA_InputR
            00002f78    _DMA_OutputL
            00003078    _DMA_OutputR
0002bbe6                _DMA_close
0002bc05                _DMA_config
0002c7d9                _DMA_getConfig
0002d2b7                _DMA_getLastTransferType
0002bac3                _DMA_init
0002bafa                _DMA_open
0002cf56                _DMA_reset
0002cd48                _DMA_start
0002ce55                _DMA_stop
0002d242                _DMA_swapWords
0003be4c                _EZDSP5535_GPIO_getInput
0003bde3                _EZDSP5535_GPIO_init
0003be0e                _EZDSP5535_GPIO_setDirection
0003be32                _EZDSP5535_GPIO_setOutput
0003bcc9                _EZDSP5535_I2C_init
0003bd2f                _EZDSP5535_I2C_read
0003bcfe                _EZDSP5535_I2C_reset
0003bd09                _EZDSP5535_I2C_write
0003b6a2                _EZDSP5535_I2S_close
0003b5ad                _EZDSP5535_I2S_init
0003b606                _EZDSP5535_I2S_readLeft
0003b665                _EZDSP5535_I2S_readRight
0003b638                _EZDSP5535_I2S_writeLeft
0003b686                _EZDSP5535_I2S_writeRight
0003af45                _EZDSP5535_OSD9616_init
0003aefa                _EZDSP5535_OSD9616_multiSend
0003b027                _EZDSP5535_OSD9616_printLetter
0003aed2                _EZDSP5535_OSD9616_send
0003b12a                _EZDSP5535_SAR_getKey
0003b064                _EZDSP5535_SAR_init
0003c37a                _EZDSP5535_init
0003c334                _EZDSP5535_wait
0003c368                _EZDSP5535_waitusec
00037535                _GPIO_clearInt
0003708e                _GPIO_close
000370b2                _GPIO_config
000372e5                _GPIO_configBit
0003742d                _GPIO_disableInt
000374ab                _GPIO_enableInt
00037137                _GPIO_getConfig
0003704a                _GPIO_open
000371bf                _GPIO_read
00037648                _GPIO_reset
000375c1                _GPIO_statusBit
00037242                _GPIO_write
00039c2c                _GPT_close
00039d33                _GPT_config
00039cf8                _GPT_getCnt
00039aef                _GPT_open
00039bb2                _GPT_reset
00039ca1                _GPT_start
00039cce                _GPT_stop
            000037e2    _GpioObj
00038698                _HOSTclock
0003862d                _HOSTclose
00038578                _HOSTlseek
000384d9                _HOSTopen
0003844c                _HOSTread
0003839e                _HOSTrename
00038340                _HOSTtime
000382d6                _HOSTunlink
00038249                _HOSTwrite
000333d8                _I2C_config
00033da3                _I2C_eventDisable
00033c6f                _I2C_eventEnable
0003353d                _I2C_getConfig
00033f4f                _I2C_getEventId
0003332f                _I2C_init
00033a51                _I2C_read
00033ec2                _I2C_setCallback
00033613                _I2C_setup
0003380d                _I2C_write
000359d3                _I2S_close
000355a9                _I2S_open
00035a7e                _I2S_read
00035e8e                _I2S_reset
000356ec                _I2S_setup
00035f39                _I2S_transEnable
00035d38                _I2S_write
0003877e                _IRQ_clear
000387e8                _IRQ_clearAll
000387f8                _IRQ_config
00038905                _IRQ_disable
00038983                _IRQ_disableAll
00038991                _IRQ_enable
00038a8b                _IRQ_getArg
0003887d                _IRQ_getConfig
00038bcf                _IRQ_globalDisable
00038be8                _IRQ_globalEnable
00038c01                _IRQ_globalRestore
000386f6                _IRQ_init
00038b00                _IRQ_map
0003bd57                _IRQ_plug
00038a1b                _IRQ_restore
00038acf                _IRQ_setArg
00038b2c                _IRQ_setVecs
00038b5d                _IRQ_test
0003702a                _LCD_close
00036cda                _LCD_configDMA
00036819                _LCD_init
0003683e                _LCD_open
00036880                _LCD_setup
00039668                _MEM_disablePartialRetentionMode
000394dd                _MEM_disableRetentionMode
00039520                _MEM_enablePartialRetentionMode
0003949a                _MEM_enableRetentionMode
000397c3                _MEM_getmSDRAMClock
00039496                _MEM_init
0003978a                _MEM_setmSDRAMClock
00034a21                _MMC_busyStatusCheck
00024345                _MMC_checkReadDmaDone
00020360                _MMC_clearResponse
00020246                _MMC_close
00034a0b                _MMC_commandReadyStatusCheck
00020a87                _MMC_config
00034a16                _MMC_dataReadyStatusCheck
00020dcb                _MMC_deselectCard
000208aa                _MMC_drrdy
000208f2                _MMC_dxrdy
000206d2                _MMC_eventDisable
000204d6                _MMC_eventEnable
00034a3a                _MMC_file_system_format
00034a60                _MMC_flushFat
00021a5b                _MMC_getCardCsd
00024120                _MMC_getCardStatus
00020b21                _MMC_getConfig
0002032a                _MMC_getNumberOfCards
00034a2c                _MMC_getSerialID
00020975                _MMC_getStatus
00034a58                _MMC_get_date
00034a5c                _MMC_get_mod_date
00034a54                _MMC_get_mod_time
00034a50                _MMC_get_time
0002047d                _MMC_ierDisable
00020439                _MMC_ierEnable
00020000                _MMC_init
00033f6b                _MMC_initState
000204ae                _MMC_intEnable
0003438c                _MMC_issueReadCommand
00020037                _MMC_open
00022586                _MMC_read
0003477a                _MMC_readNSectors
00034627                _MMC_readNextNWords
00034546                _MMC_readNextWord
000345b5                _MMC_readNextWord1
000340ae                _MMC_readWriteControl
00034928                _MMC_read_CID
00034994                _MMC_read_CSD
00034a45                _MMC_reset
00020937                _MMC_saveStatus
00020e9a                _MMC_selectCard
0002169d                _MMC_sendAllCID
00020bbe                _MMC_sendCmd
00020c6f                _MMC_sendGoIdle
00021429                _MMC_sendOpCond
00023deb                _MMC_setBlockLength
000202ea                _MMC_setCallBack
000202b8                _MMC_setCardPtr
00020285                _MMC_setCardType
00023c3a                _MMC_setDataTransferCallback
00023c89                _MMC_setDmaChanConfig
00023bda                _MMC_setDmaHandle
00023d66                _MMC_setEndianMode
000214cd                _MMC_setRca
00023e83                _MMC_setWriteBlkEraseCnt
000209d6                _MMC_setupNative
00020cf6                _MMC_stop
00022fa1                _MMC_write
00034851                _MMC_writeNSectors
00034695                _MMC_writeSector
00034a00                _MMC_writeSectorFlush
00025362                _MSC_Bulk
00024f40                _MSC_Close
0002516b                _MSC_Ctrl
00025bee                _MSC_ExecuteRead
00025fe0                _MSC_ExecuteWrite
0002545e                _MSC_GetLunLockedStatus
0002548c                _MSC_GetactivityFlagStatus
000254a6                _MSC_GetsuspendFlagStatus
000267b6                _MSC_HandlePreventAllowMediaRemoval
00026959                _MSC_HandleReadCapacity
0002594a                _MSC_HandleStateWaitForCBW
00026593                _MSC_HandleTestUnitReady
00024bd6                _MSC_Open
00024bfa                _MSC_OpenFullspeed
00024f7c                _MSC_SetLunAttr
00026eb1                _MSC_handleDataDirMisMatch
00026de0                _MSC_reqBotMscReset
00026ba8                _MSC_reqGetDescriptor
00026e4b                _MSC_sendCswWithPhaseError
0002f0c2                _NAND_checkCommandStatus
0002f296                _NAND_disableHwECC
0002f16e                _NAND_enableHwECC
0002eeb4                _NAND_getBankInfo
0002f997                _NAND_getIntrNum
0002f879                _NAND_hasCacheProg
0002f8a9                _NAND_hasCopyBack
0002f819                _NAND_hasRandomRead
0002f849                _NAND_hasRandomWrite
0002e907                _NAND_init
0002fa76                _NAND_intrClear
0002f938                _NAND_intrDisable
0002f8d9                _NAND_intrEnable
0002f9b4                _NAND_intrReadAT
0002f9f3                _NAND_intrReadLT
0002fa34                _NAND_intrReadWR
0002efb1                _NAND_isStatusWriteProtected
0002f37b                _NAND_readECC
0002f52e                _NAND_readNBytes
0002f096                _NAND_sendCommand
0002f12a                _NAND_setAddress
0002ef76                _NAND_setLatchEnableOffset
0002e99a                _NAND_setup
0002f63f                _NAND_writeNBytes
0003a29a                _PLL_bypass
0003a10f                _PLL_config
0003a233                _PLL_enable
0003a0d7                _PLL_init
0003a2e9                _PLL_reset
00036700                _RTC_bcdToDec
00036046                _RTC_config
000366c2                _RTC_decToBcd
000365bf                _RTC_eventDisable
000364d4                _RTC_eventEnable
0003612f                _RTC_getConfig
00036310                _RTC_getDate
00036670                _RTC_getEventId
00036257                _RTC_getTime
0003600a                _RTC_reset
0003634f                _RTC_setAlarm
0003673e                _RTC_setCallback
000367cd                _RTC_setCompensation
000362a2                _RTC_setDate
00036420                _RTC_setPeriodicInterval
000361dd                _RTC_setTime
0003601a                _RTC_start
0003603e                _RTC_stop
0004fe00                _Reset
00035014                _SAR_A2DMeasParamSet
0003548e                _SAR_GPODirSet
00034b8b                _SAR_chanClose
00034c0f                _SAR_chanConfig
00034f0b                _SAR_chanCycSet
00034b0e                _SAR_chanInit
00034b29                _SAR_chanOpen
00034cf7                _SAR_chanSetup
00034aee                _SAR_deInit
00034c85                _SAR_getConfig
0003556a                _SAR_getStatus
00034a91                _SAR_init
00034fd3                _SAR_readData
00034f5a                _SAR_startConversion
00034f8c                _SAR_stopConversion
00027eb1                _SDIO_clearResponse
00027033                _SDIO_close
00027058                _SDIO_config
00027ac9                _SDIO_deselectCard
0002712e                _SDIO_detectCard
00028283                _SDIO_eventDisable
0002805d                _SDIO_eventEnable
00027a04                _SDIO_getRca
00027d20                _SDIO_getResponse
00027ff4                _SDIO_getSdioStatus
00027f8d                _SDIO_getStatus
00026f2c                _SDIO_init
00027498                _SDIO_initCard
00026f6a                _SDIO_open
00028f91                _SDIO_readBlocks
0002870e                _SDIO_readBytes
000284e6                _SDIO_readSingleByte
000284b1                _SDIO_readWaitDisable
00028479                _SDIO_readWaitEnable
0002791c                _SDIO_resetCard
00027b89                _SDIO_selectCard
00027c4c                _SDIO_sendCommand
000298a3                _SDIO_setClock
00029823                _SDIO_setEndianMode
000293cf                _SDIO_writeBlocks
00028b51                _SDIO_writeBytes
00028611                _SDIO_writeSingleByte
0002421c                _SD_configurePullup
00021ead                _SD_getCardCsd
00021872                _SD_sendAllCID
000215a4                _SD_sendRca
00023fb2                _SD_setBusWidth
0003776c                _SPI_close
00037798                _SPI_config
00037c18                _SPI_dataTransaction
00037a1e                _SPI_deInit
000376d7                _SPI_init
00037738                _SPI_open
00037a4a                _SPI_read
00037b2c                _SPI_write
            000037d8    _SarHandle
            000037d4    _SarObj
000300bb                _UART_config
000303f2                _UART_eventDisable
0003035a                _UART_eventEnable
0003072c                _UART_fgetc
0003084f                _UART_fgets
000307ca                _UART_fputc
0003097f                _UART_fputs
00030a93                _UART_getConfig
00030a6c                _UART_getEventId
0002fb5a                _UART_init
00030481                _UART_read
000302ca                _UART_reset
0003030f                _UART_resetOff
00030b50                _UART_setCallback
0002fc14                _UART_setup
000301c0                _UART_setupBaudRate
000305aa                _UART_write
0002b0b2                _USB_abortAllTransaction
0002af53                _USB_abortTransaction
0002a9ba                _USB_bytesRemaining
0002abc0                _USB_clearEndptStall
0002b103                _USB_connectDev
0002b60a                _USB_coreEventProcessEp0
0002b135                _USB_disconnectDev
0002ae26                _USB_epNumToHandle
0002b488                _USB_findFifoSize
0002b430                _USB_getDataCountReadFromFifo
0002ada5                _USB_getEndptStall
0002a5f1                _USB_getEvents
0002b23c                _USB_getFrameNo
0002b3e2                _USB_getMaxPower
0002b192                _USB_getRemoteWakeupStat
0002a6d4                _USB_getSetupPacket
00029bb9                _USB_init
0002a20c                _USB_initEndptObj
0002b305                _USB_initPLL
0002a935                _USB_isTransactionDone
0002b1a7                _USB_issueRemoteWakeup
0002a667                _USB_peekEvents
0002a77b                _USB_postTransaction
00029fdd                _USB_resetDev
0002b29c                _USB_selfwakeup
0002b1f4                _USB_setDevAddr
0002b3ff                _USB_setFullSpeedMode
0002b386                _USB_setParams
0002b164                _USB_setRemoteWakeup
0002aa4e                _USB_stallEndpt
0002b258                _USB_suspendDevice
0004ff00                _VECSTART
0003a963                _WDTIM_close
0003a9da                _WDTIM_config
0003a935                _WDTIM_getCnt
0003aa44                _WDTIM_getConfig
0003a832                _WDTIM_open
0003a9a7                _WDTIM_service
0003a8a8                _WDTIM_start
0003a8f0                _WDTIM_stop
            00020000    __CIOBUF_
            00001060    __STACK_END
00002000                __STACK_SIZE
00002000                __SYSMEM_SIZE
00001000                __SYSSTACK_SIZE
00000001                __TI_args_main
ffffffff                ___binit__
ffffffff                ___bss__
ffffffff                ___c_args__
            00020200    ___cinit__
ffffffff                ___data__
ffffffff                ___edata__
ffffffff                ___end__
ffffffff                ___etext__
0003c67e                ___isinf
ffffffff                ___pinit__
ffffffff                ___text__
0003aa8e                __addd
0003c478                __args_main
0003a476                __cleanup
            000037ea    __cleanup_ptr
0003ae7a                __cmpd
            000037f0    __ctypes_
000390ca                __divd
0003c50e                __divli
0003a7fd                __divlli
0003c631                __divu
0003bc28                __divul
0003a709                __divull
0003ba06                __doflush
            000037ec    __dtors_ptr
0003ae46                __eqld
0003c607                __fixdi
0003c0bd                __fixdli
0003c271                __fltlid
0003bf62                __frcmpyd
0003bfd8                __frcmpyd_div
            000035d0    __ft_end
            000034b8    __ftable
0003adfc                __geqd
0003adb1                __gtrd
0003ad64                __leqd
            000037e6    __lock
0003ad1c                __lssd
0003b341                __mpyd
0003c6ac                __mpyli
0003a651                __mpylli
0003c6e2                __negd
0003ace8                __neqd
0003c6cf                __nop
0002e6c5                __printfi
0003b81a                __rd_ok
0003c6c7                __register_lock
0003c6bf                __register_unlock
0003c4c3                __remli
0003a622                __remlli
0003c646                __remu
0003c04b                __remul
0003a5d4                __remull
            00000060    __stack
0003c698                __subd
            00001860    __sys_memory
            00001060    __sysstack
            00003530    __tmpnams
            000037e8    __unlock
0003b79a                __wrt_ok
0003c6fc                _abort
000380de                _add_device
0003b9db                _aic3204_codec_read
0003b9f2                _aic3204_codec_write
0003b9ca                _aic3204_disable
000397d4                _aic3204_dma_init
0003b9b8                _aic3204_hardware_init
UNDEFED    _aic3204_init
0003995f                _aic3204_read_block
00039a14                _aic3204_write_block
0003c2d8                _atoi
0003c42b                _auto_init
0003c5d3                _c_int00
            00002d64    _cached_phySector0
            00002d66    _cached_phySector1
            00002d68    _cached_phySector2
            00002d6a    _cached_phySector3
000390a4                _calloc
0003909c                _chkheap
0003806b                _close
            00003973    _consolas_8ptBitmaps
            00003336    _counter1
            00003337    _counter2
0003c595                _exit
0003bee7                _fclose
0003ba6f                _fflush
00038062                _find_registered_device
0003b48d                _first_order_IIR
0003a599                _fopen
0003bb82                _fputc
0003b1de                _fputs
00038c15                _free
00039046                _free_memory
0003a4d0                _freopen
            000037bf    _fsError
0003c206                _fseek
            00003250    _gBulkInTransfer
            0000325e    _gBulkOutTransfer
            00003242    _gCtrlTransfer
            00003296    _gEpStatus
            000037c2    _gI2cObj
            00003288    _gIntInTransfer
            0000326c    _gIsoInTransfer
            0000327a    _gIsoOutTransfer
            00002962    _gNextPhySector
            00002860    _gReadBuf
            0000317a    _gUsbContext
            00003326    _gUsbEpHandle
            00002960    _gWordCount
            00002964    _gWriteBuf
000381ce                _getenv
            000037e4    _hGpio
            000037ee    _hI2s
            000037d2    _i2cHandle
00039dda                _initPrintNumber
            000037da    _keyCnt1
            000037db    _keyCnt2
00037ffc                _lseek
0003be6a                _ltoa
0003c388                _main
00038d46                _malloc
00038fec                _max_free
0003c65b                _memccpy
0003c556                _memcpy
00038ce1                _minit
            00002961    _nbuf_cached
00037f3d                _open
            000037c0    _ouError
            000037d7    _preKey
00039f2b                _printChar
00039e78                _printNumber
0003c3db                _printf
0003bb82                _putc
0003bc19                _putchar
0003b313                _puts
00037e8f                _read
0003c12c                _readmsg
00038e3b                _realloc
0003c6f2                _remove
00037e59                _remove_device
00037e00                _rename
            00003338    _sampleBufferL
            000033b8    _sampleBufferR
0003b4f4                _second_order_IIR
UNDEFED    _set_sampling_frequency_and_gain
0003b6b4                _setvbuf
            000038f1    _sign_width
0003c6d1                _strlen
            00003179    _sysCtrlRegs
            00003438    _tempBuff
00037dcd                _unlink
            00003178    _usbRegisters
00037c8b                _write
0003bac8                _writemsg
ffffffff                binit
            00020200    cinit
ffffffff                edata
ffffffff                end
ffffffff                etext
ffffffff                pinit


GLOBAL SYMBOLS: SORTED BY Symbol Address 

abs. value/
byte addr   word addr   name
---------   ---------   ----
00000001                $TI_capability_requires_rev3
00000001                __TI_args_main
00000002                $TI_capability$C5500$CallingConvention
00000002                $TI_capability$C5500$MemoryModel
            00000060    __stack
00001000                __SYSSTACK_SIZE
00002000                __STACK_SIZE
00002000                __SYSMEM_SIZE
            00001060    __STACK_END
            00001060    __sysstack
            00001860    __sys_memory
            00002860    _gReadBuf
            00002960    _gWordCount
            00002961    _nbuf_cached
            00002962    _gNextPhySector
            00002964    _gWriteBuf
            00002d64    _cached_phySector0
            00002d66    _cached_phySector1
            00002d68    _cached_phySector2
            00002d6a    _cached_phySector3
            00002d6c    _ATA_No_Swap
            00002d78    _DMA_InputL
            00002e78    _DMA_InputR
            00002f78    _DMA_OutputL
            00003078    _DMA_OutputR
            00003178    _usbRegisters
            00003179    _sysCtrlRegs
            0000317a    _gUsbContext
            00003242    _gCtrlTransfer
            00003250    _gBulkInTransfer
            0000325e    _gBulkOutTransfer
            0000326c    _gIsoInTransfer
            0000327a    _gIsoOutTransfer
            00003288    _gIntInTransfer
            00003296    _gEpStatus
            00003326    _gUsbEpHandle
            00003336    _counter1
            00003337    _counter2
            00003338    _sampleBufferL
            000033b8    _sampleBufferR
            00003438    _tempBuff
            000034b8    __ftable
            00003530    __tmpnams
            000035d0    __ft_end
            000037bf    _fsError
            000037c0    _ouError
            000037c2    _gI2cObj
            000037d2    _i2cHandle
            000037d4    _SarObj
            000037d7    _preKey
            000037d8    _SarHandle
            000037da    _keyCnt1
            000037db    _keyCnt2
            000037e2    _GpioObj
            000037e4    _hGpio
            000037e6    __lock
            000037e8    __unlock
            000037ea    __cleanup_ptr
            000037ec    __dtors_ptr
            000037ee    _hI2s
            000037f0    __ctypes_
            000038f1    _sign_width
            00003973    _consolas_8ptBitmaps
00020000                _MMC_init
00020037                _MMC_open
00020246                _MMC_close
00020285                _MMC_setCardType
000202b8                _MMC_setCardPtr
000202ea                _MMC_setCallBack
0002032a                _MMC_getNumberOfCards
00020360                _MMC_clearResponse
00020439                _MMC_ierEnable
0002047d                _MMC_ierDisable
000204ae                _MMC_intEnable
000204d6                _MMC_eventEnable
000206d2                _MMC_eventDisable
000208aa                _MMC_drrdy
000208f2                _MMC_dxrdy
00020937                _MMC_saveStatus
00020975                _MMC_getStatus
000209d6                _MMC_setupNative
00020a87                _MMC_config
00020b21                _MMC_getConfig
00020bbe                _MMC_sendCmd
00020c6f                _MMC_sendGoIdle
00020cf6                _MMC_stop
00020dcb                _MMC_deselectCard
00020e9a                _MMC_selectCard
00021429                _MMC_sendOpCond
000214cd                _MMC_setRca
000215a4                _SD_sendRca
0002169d                _MMC_sendAllCID
00021872                _SD_sendAllCID
00021a5b                _MMC_getCardCsd
00021ead                _SD_getCardCsd
00022586                _MMC_read
00022fa1                _MMC_write
00023bda                _MMC_setDmaHandle
00023c3a                _MMC_setDataTransferCallback
00023c89                _MMC_setDmaChanConfig
00023d66                _MMC_setEndianMode
00023deb                _MMC_setBlockLength
00023e83                _MMC_setWriteBlkEraseCnt
00023fb2                _SD_setBusWidth
00024120                _MMC_getCardStatus
0002421c                _SD_configurePullup
00024345                _MMC_checkReadDmaDone
00024bd6                _MSC_Open
00024bfa                _MSC_OpenFullspeed
00024f40                _MSC_Close
00024f7c                _MSC_SetLunAttr
0002516b                _MSC_Ctrl
00025362                _MSC_Bulk
0002545e                _MSC_GetLunLockedStatus
0002548c                _MSC_GetactivityFlagStatus
000254a6                _MSC_GetsuspendFlagStatus
0002594a                _MSC_HandleStateWaitForCBW
00025bee                _MSC_ExecuteRead
00025fe0                _MSC_ExecuteWrite
00026593                _MSC_HandleTestUnitReady
000267b6                _MSC_HandlePreventAllowMediaRemoval
00026959                _MSC_HandleReadCapacity
00026ba8                _MSC_reqGetDescriptor
00026de0                _MSC_reqBotMscReset
00026e4b                _MSC_sendCswWithPhaseError
00026eb1                _MSC_handleDataDirMisMatch
00026f2c                _SDIO_init
00026f6a                _SDIO_open
00027033                _SDIO_close
00027058                _SDIO_config
0002712e                _SDIO_detectCard
00027498                _SDIO_initCard
0002791c                _SDIO_resetCard
00027a04                _SDIO_getRca
00027ac9                _SDIO_deselectCard
00027b89                _SDIO_selectCard
00027c4c                _SDIO_sendCommand
00027d20                _SDIO_getResponse
00027eb1                _SDIO_clearResponse
00027f8d                _SDIO_getStatus
00027ff4                _SDIO_getSdioStatus
0002805d                _SDIO_eventEnable
00028283                _SDIO_eventDisable
00028479                _SDIO_readWaitEnable
000284b1                _SDIO_readWaitDisable
000284e6                _SDIO_readSingleByte
00028611                _SDIO_writeSingleByte
0002870e                _SDIO_readBytes
00028b51                _SDIO_writeBytes
00028f91                _SDIO_readBlocks
000293cf                _SDIO_writeBlocks
00029823                _SDIO_setEndianMode
000298a3                _SDIO_setClock
00029bb9                _USB_init
00029fdd                _USB_resetDev
0002a20c                _USB_initEndptObj
0002a5f1                _USB_getEvents
0002a667                _USB_peekEvents
0002a6d4                _USB_getSetupPacket
0002a77b                _USB_postTransaction
0002a935                _USB_isTransactionDone
0002a9ba                _USB_bytesRemaining
0002aa4e                _USB_stallEndpt
0002abc0                _USB_clearEndptStall
0002ada5                _USB_getEndptStall
0002ae26                _USB_epNumToHandle
0002af53                _USB_abortTransaction
0002b0b2                _USB_abortAllTransaction
0002b103                _USB_connectDev
0002b135                _USB_disconnectDev
0002b164                _USB_setRemoteWakeup
0002b192                _USB_getRemoteWakeupStat
0002b1a7                _USB_issueRemoteWakeup
0002b1f4                _USB_setDevAddr
0002b23c                _USB_getFrameNo
0002b258                _USB_suspendDevice
0002b29c                _USB_selfwakeup
0002b305                _USB_initPLL
0002b386                _USB_setParams
0002b3e2                _USB_getMaxPower
0002b3ff                _USB_setFullSpeedMode
0002b430                _USB_getDataCountReadFromFifo
0002b488                _USB_findFifoSize
0002b60a                _USB_coreEventProcessEp0
0002bac3                _DMA_init
0002bafa                _DMA_open
0002bbe6                _DMA_close
0002bc05                _DMA_config
0002c7d9                _DMA_getConfig
0002cd48                _DMA_start
0002ce55                _DMA_stop
0002cf56                _DMA_reset
0002d242                _DMA_swapWords
0002d2b7                _DMA_getLastTransferType
0002e6c5                __printfi
0002e907                _NAND_init
0002e99a                _NAND_setup
0002eeb4                _NAND_getBankInfo
0002ef76                _NAND_setLatchEnableOffset
0002efb1                _NAND_isStatusWriteProtected
0002f096                _NAND_sendCommand
0002f0c2                _NAND_checkCommandStatus
0002f12a                _NAND_setAddress
0002f16e                _NAND_enableHwECC
0002f296                _NAND_disableHwECC
0002f37b                _NAND_readECC
0002f52e                _NAND_readNBytes
0002f63f                _NAND_writeNBytes
0002f819                _NAND_hasRandomRead
0002f849                _NAND_hasRandomWrite
0002f879                _NAND_hasCacheProg
0002f8a9                _NAND_hasCopyBack
0002f8d9                _NAND_intrEnable
0002f938                _NAND_intrDisable
0002f997                _NAND_getIntrNum
0002f9b4                _NAND_intrReadAT
0002f9f3                _NAND_intrReadLT
0002fa34                _NAND_intrReadWR
0002fa76                _NAND_intrClear
0002fb5a                _UART_init
0002fc14                _UART_setup
000300bb                _UART_config
000301c0                _UART_setupBaudRate
000302ca                _UART_reset
0003030f                _UART_resetOff
0003035a                _UART_eventEnable
000303f2                _UART_eventDisable
00030481                _UART_read
000305aa                _UART_write
0003072c                _UART_fgetc
000307ca                _UART_fputc
0003084f                _UART_fgets
0003097f                _UART_fputs
00030a6c                _UART_getEventId
00030a93                _UART_getConfig
00030b50                _UART_setCallback
00030bb6                _DAT_open
00030c8d                _DAT_close
00030e21                _DAT_copy
0003131b                _DAT_fill
0003182b                _DAT_wait
000319eb                _AC_Open
00031c33                _AC_Close
00031c6f                _AC_Ctrl
00031e66                _AC_Iso
00031f02                _AC_GetactivityFlagStatus
00031f1c                _AC_GetsuspendFlagStatus
00031f32                _AC_initDescriptors
000321e0                _AC_reqGetDescriptor
000323b8                _AC_reqSetCurrent
00032491                _AC_reqGetCurrent
00032552                _AC_reqGetMinimum
00032596                _AC_reqGetMaximum
000325da                _AC_reqGetResolution
0003261e                _AC_reqSetInterface
00032768                _CDC_Open
0003278c                _CDC_OpenFullspeed
0003295d                _CDC_Close
00032999                _CDC_GetactivityFlagStatus
000329b0                _CDC_GetsuspendFlagStatus
000329c6                _CDC_eventHandler
00032cc2                _CDC_bulkOutHandler
00032dc1                _CDC_bulkInHandler
000330b0                _CDC_getData
0003313e                _CDC_putData
0003332f                _I2C_init
000333d8                _I2C_config
0003353d                _I2C_getConfig
00033613                _I2C_setup
0003380d                _I2C_write
00033a51                _I2C_read
00033c6f                _I2C_eventEnable
00033da3                _I2C_eventDisable
00033ec2                _I2C_setCallback
00033f4f                _I2C_getEventId
00033f6b                _MMC_initState
000340ae                _MMC_readWriteControl
0003438c                _MMC_issueReadCommand
00034546                _MMC_readNextWord
000345b5                _MMC_readNextWord1
00034627                _MMC_readNextNWords
00034695                _MMC_writeSector
0003477a                _MMC_readNSectors
00034851                _MMC_writeNSectors
00034928                _MMC_read_CID
00034994                _MMC_read_CSD
00034a00                _MMC_writeSectorFlush
00034a0b                _MMC_commandReadyStatusCheck
00034a16                _MMC_dataReadyStatusCheck
00034a21                _MMC_busyStatusCheck
00034a2c                _MMC_getSerialID
00034a3a                _MMC_file_system_format
00034a45                _MMC_reset
00034a50                _MMC_get_time
00034a54                _MMC_get_mod_time
00034a58                _MMC_get_date
00034a5c                _MMC_get_mod_date
00034a60                _MMC_flushFat
00034a91                _SAR_init
00034aee                _SAR_deInit
00034b0e                _SAR_chanInit
00034b29                _SAR_chanOpen
00034b8b                _SAR_chanClose
00034c0f                _SAR_chanConfig
00034c85                _SAR_getConfig
00034cf7                _SAR_chanSetup
00034f0b                _SAR_chanCycSet
00034f5a                _SAR_startConversion
00034f8c                _SAR_stopConversion
00034fd3                _SAR_readData
00035014                _SAR_A2DMeasParamSet
0003548e                _SAR_GPODirSet
0003556a                _SAR_getStatus
000355a9                _I2S_open
000356ec                _I2S_setup
000359d3                _I2S_close
00035a7e                _I2S_read
00035d38                _I2S_write
00035e8e                _I2S_reset
00035f39                _I2S_transEnable
0003600a                _RTC_reset
0003601a                _RTC_start
0003603e                _RTC_stop
00036046                _RTC_config
0003612f                _RTC_getConfig
000361dd                _RTC_setTime
00036257                _RTC_getTime
000362a2                _RTC_setDate
00036310                _RTC_getDate
0003634f                _RTC_setAlarm
00036420                _RTC_setPeriodicInterval
000364d4                _RTC_eventEnable
000365bf                _RTC_eventDisable
00036670                _RTC_getEventId
000366c2                _RTC_decToBcd
00036700                _RTC_bcdToDec
0003673e                _RTC_setCallback
000367cd                _RTC_setCompensation
00036819                _LCD_init
0003683e                _LCD_open
00036880                _LCD_setup
00036cda                _LCD_configDMA
0003702a                _LCD_close
0003704a                _GPIO_open
0003708e                _GPIO_close
000370b2                _GPIO_config
00037137                _GPIO_getConfig
000371bf                _GPIO_read
00037242                _GPIO_write
000372e5                _GPIO_configBit
0003742d                _GPIO_disableInt
000374ab                _GPIO_enableInt
00037535                _GPIO_clearInt
000375c1                _GPIO_statusBit
00037648                _GPIO_reset
000376d7                _SPI_init
00037738                _SPI_open
0003776c                _SPI_close
00037798                _SPI_config
00037a1e                _SPI_deInit
00037a4a                _SPI_read
00037b2c                _SPI_write
00037c18                _SPI_dataTransaction
00037c8b                _write
00037dcd                _unlink
00037e00                _rename
00037e59                _remove_device
00037e8f                _read
00037f3d                _open
00037ffc                _lseek
00038062                _find_registered_device
0003806b                _close
000380de                _add_device
000381ce                _getenv
00038249                _HOSTwrite
000382d6                _HOSTunlink
00038340                _HOSTtime
0003839e                _HOSTrename
0003844c                _HOSTread
000384d9                _HOSTopen
00038578                _HOSTlseek
0003862d                _HOSTclose
00038698                _HOSTclock
000386f6                _IRQ_init
0003877e                _IRQ_clear
000387e8                _IRQ_clearAll
000387f8                _IRQ_config
0003887d                _IRQ_getConfig
00038905                _IRQ_disable
00038983                _IRQ_disableAll
00038991                _IRQ_enable
00038a1b                _IRQ_restore
00038a8b                _IRQ_getArg
00038acf                _IRQ_setArg
00038b00                _IRQ_map
00038b2c                _IRQ_setVecs
00038b5d                _IRQ_test
00038bcf                _IRQ_globalDisable
00038be8                _IRQ_globalEnable
00038c01                _IRQ_globalRestore
00038c15                _free
00038ce1                _minit
00038d46                _malloc
00038e3b                _realloc
00038fec                _max_free
00039046                _free_memory
0003909c                _chkheap
000390a4                _calloc
000390ca                __divd
00039496                _MEM_init
0003949a                _MEM_enableRetentionMode
000394dd                _MEM_disableRetentionMode
00039520                _MEM_enablePartialRetentionMode
00039668                _MEM_disablePartialRetentionMode
0003978a                _MEM_setmSDRAMClock
000397c3                _MEM_getmSDRAMClock
000397d4                _aic3204_dma_init
0003995f                _aic3204_read_block
00039a14                _aic3204_write_block
00039aef                _GPT_open
00039bb2                _GPT_reset
00039c2c                _GPT_close
00039ca1                _GPT_start
00039cce                _GPT_stop
00039cf8                _GPT_getCnt
00039d33                _GPT_config
00039dda                _initPrintNumber
00039e78                _printNumber
00039f2b                _printChar
0003a0d7                _PLL_init
0003a10f                _PLL_config
0003a233                _PLL_enable
0003a29a                _PLL_bypass
0003a2e9                _PLL_reset
0003a476                __cleanup
0003a4d0                _freopen
0003a599                _fopen
0003a5d4                __remull
0003a622                __remlli
0003a651                __mpylli
0003a709                __divull
0003a7fd                __divlli
0003a832                _WDTIM_open
0003a8a8                _WDTIM_start
0003a8f0                _WDTIM_stop
0003a935                _WDTIM_getCnt
0003a963                _WDTIM_close
0003a9a7                _WDTIM_service
0003a9da                _WDTIM_config
0003aa44                _WDTIM_getConfig
0003aa8e                __addd
0003ace8                __neqd
0003ad1c                __lssd
0003ad64                __leqd
0003adb1                __gtrd
0003adfc                __geqd
0003ae46                __eqld
0003ae7a                __cmpd
0003aed2                _EZDSP5535_OSD9616_send
0003aefa                _EZDSP5535_OSD9616_multiSend
0003af45                _EZDSP5535_OSD9616_init
0003b027                _EZDSP5535_OSD9616_printLetter
0003b064                _EZDSP5535_SAR_init
0003b12a                _EZDSP5535_SAR_getKey
0003b1de                _fputs
0003b313                _puts
0003b341                __mpyd
0003b48d                _first_order_IIR
0003b4f4                _second_order_IIR
0003b5ad                _EZDSP5535_I2S_init
0003b606                _EZDSP5535_I2S_readLeft
0003b638                _EZDSP5535_I2S_writeLeft
0003b665                _EZDSP5535_I2S_readRight
0003b686                _EZDSP5535_I2S_writeRight
0003b6a2                _EZDSP5535_I2S_close
0003b6b4                _setvbuf
0003b79a                __wrt_ok
0003b81a                __rd_ok
0003b943                _AIC3204_rget
0003b98e                _AIC3204_rset
0003b9b8                _aic3204_hardware_init
0003b9ca                _aic3204_disable
0003b9db                _aic3204_codec_read
0003b9f2                _aic3204_codec_write
0003ba06                __doflush
0003ba6f                _fflush
0003bac8                _writemsg
0003bb7d                C$$IO$$
0003bb82                _fputc
0003bb82                _putc
0003bc19                _putchar
0003bc28                __divul
0003bcc9                _EZDSP5535_I2C_init
0003bcfe                _EZDSP5535_I2C_reset
0003bd09                _EZDSP5535_I2C_write
0003bd2f                _EZDSP5535_I2C_read
0003bd57                _IRQ_plug
0003bde3                _EZDSP5535_GPIO_init
0003be0e                _EZDSP5535_GPIO_setDirection
0003be32                _EZDSP5535_GPIO_setOutput
0003be4c                _EZDSP5535_GPIO_getInput
0003be6a                _ltoa
0003bee7                _fclose
0003bf62                __frcmpyd
0003bfd8                __frcmpyd_div
0003c04b                __remul
0003c0bd                __fixdli
0003c12c                _readmsg
0003c206                _fseek
0003c271                __fltlid
0003c2d8                _atoi
0003c334                _EZDSP5535_wait
0003c368                _EZDSP5535_waitusec
0003c37a                _EZDSP5535_init
0003c388                _main
0003c3db                _printf
0003c42b                _auto_init
0003c478                __args_main
0003c4c3                __remli
0003c50e                __divli
0003c556                _memcpy
0003c595                _exit
0003c5d3                _c_int00
0003c607                __fixdi
0003c631                I$$UDIV
0003c631                __divu
0003c646                I$$UMOD
0003c646                __remu
0003c65b                _memccpy
0003c67e                ___isinf
0003c698                __subd
0003c6ac                I$$LMPY
0003c6ac                __mpyli
0003c6bf                __register_unlock
0003c6c7                __register_lock
0003c6cf                __nop
0003c6d1                _strlen
0003c6e2                __negd
0003c6f2                _remove
0003c6fc                _abort
0003c6fd                C$$EXIT
            00020000    __CIOBUF_
            00020200    ___cinit__
            00020200    cinit
0004fe00                _Reset
0004ff00                RST
0004ff00                _VECSTART
ffffffff                .bss
ffffffff                .data
ffffffff                .text
ffffffff                ___binit__
ffffffff                ___bss__
ffffffff                ___c_args__
ffffffff                ___data__
ffffffff                ___edata__
ffffffff                ___end__
ffffffff                ___etext__
ffffffff                ___pinit__
ffffffff                ___text__
ffffffff                binit
ffffffff                edata
ffffffff                end
ffffffff                etext
ffffffff                pinit
UNDEFED    _aic3204_init
UNDEFED    _set_sampling_frequency_and_gain

[566 symbols]
