<?xml version="1.0"?>
<link_info>
   <banner>TMS320C55x Linker PC v4.4.1</banner>
   <copyright>Copyright (c) 1996-2012 Texas Instruments Incorporated</copyright>
   <link_time>0x6201083e</link_time>
   <output_file>helloWorld.out</output_file>
   <entry_point>
      <name>_c_int00</name>
      <address>0x3b7bb</address>
   </entry_point>
   <input_file_list>
      <input_file id="fl-2">
         <path>.\</path>
         <kind>object</kind>
         <file>main.obj</file>
         <name>main.obj</name>
      </input_file>
      <input_file id="fl-3">
         <path>.\src\</path>
         <kind>object</kind>
         <file>csl_audioClass.obj</file>
         <name>csl_audioClass.obj</name>
      </input_file>
      <input_file id="fl-4">
         <path>.\src\</path>
         <kind>object</kind>
         <file>csl_cdc.obj</file>
         <name>csl_cdc.obj</name>
      </input_file>
      <input_file id="fl-5">
         <path>.\src\</path>
         <kind>object</kind>
         <file>csl_dat.obj</file>
         <name>csl_dat.obj</name>
      </input_file>
      <input_file id="fl-6">
         <path>.\src\</path>
         <kind>object</kind>
         <file>csl_dma.obj</file>
         <name>csl_dma.obj</name>
      </input_file>
      <input_file id="fl-7">
         <path>.\src\</path>
         <kind>object</kind>
         <file>csl_gpio.obj</file>
         <name>csl_gpio.obj</name>
      </input_file>
      <input_file id="fl-8">
         <path>.\src\</path>
         <kind>object</kind>
         <file>csl_gpt.obj</file>
         <name>csl_gpt.obj</name>
      </input_file>
      <input_file id="fl-9">
         <path>.\src\</path>
         <kind>object</kind>
         <file>csl_i2c.obj</file>
         <name>csl_i2c.obj</name>
      </input_file>
      <input_file id="fl-a">
         <path>.\src\</path>
         <kind>object</kind>
         <file>csl_i2s.obj</file>
         <name>csl_i2s.obj</name>
      </input_file>
      <input_file id="fl-b">
         <path>.\src\</path>
         <kind>object</kind>
         <file>csl_intc.obj</file>
         <name>csl_intc.obj</name>
      </input_file>
      <input_file id="fl-c">
         <path>.\src\</path>
         <kind>object</kind>
         <file>csl_irqplug.obj</file>
         <name>csl_irqplug.obj</name>
      </input_file>
      <input_file id="fl-d">
         <path>.\src\</path>
         <kind>object</kind>
         <file>csl_lcdc.obj</file>
         <name>csl_lcdc.obj</name>
      </input_file>
      <input_file id="fl-e">
         <path>.\src\</path>
         <kind>object</kind>
         <file>csl_mem.obj</file>
         <name>csl_mem.obj</name>
      </input_file>
      <input_file id="fl-f">
         <path>.\src\</path>
         <kind>object</kind>
         <file>csl_mmcsd.obj</file>
         <name>csl_mmcsd.obj</name>
      </input_file>
      <input_file id="fl-10">
         <path>.\src\</path>
         <kind>object</kind>
         <file>csl_mmcsd_ataIf.obj</file>
         <name>csl_mmcsd_ataIf.obj</name>
      </input_file>
      <input_file id="fl-11">
         <path>.\src\</path>
         <kind>object</kind>
         <file>csl_msc.obj</file>
         <name>csl_msc.obj</name>
      </input_file>
      <input_file id="fl-12">
         <path>.\src\</path>
         <kind>object</kind>
         <file>csl_nand.obj</file>
         <name>csl_nand.obj</name>
      </input_file>
      <input_file id="fl-13">
         <path>.\src\</path>
         <kind>object</kind>
         <file>csl_pll.obj</file>
         <name>csl_pll.obj</name>
      </input_file>
      <input_file id="fl-14">
         <path>.\src\</path>
         <kind>object</kind>
         <file>csl_rtc.obj</file>
         <name>csl_rtc.obj</name>
      </input_file>
      <input_file id="fl-15">
         <path>.\src\</path>
         <kind>object</kind>
         <file>csl_sar.obj</file>
         <name>csl_sar.obj</name>
      </input_file>
      <input_file id="fl-16">
         <path>.\src\</path>
         <kind>object</kind>
         <file>csl_sdio.obj</file>
         <name>csl_sdio.obj</name>
      </input_file>
      <input_file id="fl-17">
         <path>.\src\</path>
         <kind>object</kind>
         <file>csl_spi.obj</file>
         <name>csl_spi.obj</name>
      </input_file>
      <input_file id="fl-18">
         <path>.\src\</path>
         <kind>object</kind>
         <file>csl_uart.obj</file>
         <name>csl_uart.obj</name>
      </input_file>
      <input_file id="fl-19">
         <path>.\src\</path>
         <kind>object</kind>
         <file>csl_usb.obj</file>
         <name>csl_usb.obj</name>
      </input_file>
      <input_file id="fl-1a">
         <path>.\src\</path>
         <kind>object</kind>
         <file>csl_wdt.obj</file>
         <name>csl_wdt.obj</name>
      </input_file>
      <input_file id="fl-1b">
         <path>.\src\</path>
         <kind>object</kind>
         <file>vectors.obj</file>
         <name>vectors.obj</name>
      </input_file>
      <input_file id="fl-20">
         <path>..\lib\</path>
         <kind>archive</kind>
         <file>ezdsp5535bsl.lib</file>
         <name>ezdsp5535.obj</name>
      </input_file>
      <input_file id="fl-21">
         <path>C:\ti\ccs1110\ccs\tools\compiler\c5500_4.4.1\lib\</path>
         <kind>archive</kind>
         <file>rts55x.lib</file>
         <name>boot.obj</name>
      </input_file>
      <input_file id="fl-22">
         <path>C:\ti\ccs1110\ccs\tools\compiler\c5500_4.4.1\lib\</path>
         <kind>archive</kind>
         <file>rts55x.lib</file>
         <name>divul.obj</name>
      </input_file>
      <input_file id="fl-23">
         <path>C:\ti\ccs1110\ccs\tools\compiler\c5500_4.4.1\lib\</path>
         <kind>archive</kind>
         <file>rts55x.lib</file>
         <name>exit.obj</name>
      </input_file>
      <input_file id="fl-24">
         <path>C:\ti\ccs1110\ccs\tools\compiler\c5500_4.4.1\lib\</path>
         <kind>archive</kind>
         <file>rts55x.lib</file>
         <name>lmpy.obj</name>
      </input_file>
      <input_file id="fl-25">
         <path>C:\ti\ccs1110\ccs\tools\compiler\c5500_4.4.1\lib\</path>
         <kind>archive</kind>
         <file>rts55x.lib</file>
         <name>printf.obj</name>
      </input_file>
      <input_file id="fl-26">
         <path>C:\ti\ccs1110\ccs\tools\compiler\c5500_4.4.1\lib\</path>
         <kind>archive</kind>
         <file>rts55x.lib</file>
         <name>remul.obj</name>
      </input_file>
      <input_file id="fl-27">
         <path>C:\ti\ccs1110\ccs\tools\compiler\c5500_4.4.1\lib\</path>
         <kind>archive</kind>
         <file>rts55x.lib</file>
         <name>strlen.obj</name>
      </input_file>
      <input_file id="fl-28">
         <path>C:\ti\ccs1110\ccs\tools\compiler\c5500_4.4.1\lib\</path>
         <kind>archive</kind>
         <file>rts55x.lib</file>
         <name>udiv.obj</name>
      </input_file>
      <input_file id="fl-29">
         <path>C:\ti\ccs1110\ccs\tools\compiler\c5500_4.4.1\lib\</path>
         <kind>archive</kind>
         <file>rts55x.lib</file>
         <name>vectors.obj</name>
      </input_file>
      <input_file id="fl-2a">
         <path>C:\ti\ccs1110\ccs\tools\compiler\c5500_4.4.1\lib\</path>
         <kind>archive</kind>
         <file>rts55x.lib</file>
         <name>_lock.obj</name>
      </input_file>
      <input_file id="fl-2b">
         <path>C:\ti\ccs1110\ccs\tools\compiler\c5500_4.4.1\lib\</path>
         <kind>archive</kind>
         <file>rts55x.lib</file>
         <name>_printfi.obj</name>
      </input_file>
      <input_file id="fl-2c">
         <path>C:\ti\ccs1110\ccs\tools\compiler\c5500_4.4.1\lib\</path>
         <kind>archive</kind>
         <file>rts55x.lib</file>
         <name>args_main.obj</name>
      </input_file>
      <input_file id="fl-2d">
         <path>C:\ti\ccs1110\ccs\tools\compiler\c5500_4.4.1\lib\</path>
         <kind>archive</kind>
         <file>rts55x.lib</file>
         <name>atoi.obj</name>
      </input_file>
      <input_file id="fl-2e">
         <path>C:\ti\ccs1110\ccs\tools\compiler\c5500_4.4.1\lib\</path>
         <kind>archive</kind>
         <file>rts55x.lib</file>
         <name>autoinit.obj</name>
      </input_file>
      <input_file id="fl-2f">
         <path>C:\ti\ccs1110\ccs\tools\compiler\c5500_4.4.1\lib\</path>
         <kind>archive</kind>
         <file>rts55x.lib</file>
         <name>cmpd.obj</name>
      </input_file>
      <input_file id="fl-30">
         <path>C:\ti\ccs1110\ccs\tools\compiler\c5500_4.4.1\lib\</path>
         <kind>archive</kind>
         <file>rts55x.lib</file>
         <name>ctype.obj</name>
      </input_file>
      <input_file id="fl-31">
         <path>C:\ti\ccs1110\ccs\tools\compiler\c5500_4.4.1\lib\</path>
         <kind>archive</kind>
         <file>rts55x.lib</file>
         <name>defs.obj</name>
      </input_file>
      <input_file id="fl-32">
         <path>C:\ti\ccs1110\ccs\tools\compiler\c5500_4.4.1\lib\</path>
         <kind>archive</kind>
         <file>rts55x.lib</file>
         <name>divd.obj</name>
      </input_file>
      <input_file id="fl-33">
         <path>C:\ti\ccs1110\ccs\tools\compiler\c5500_4.4.1\lib\</path>
         <kind>archive</kind>
         <file>rts55x.lib</file>
         <name>fixdi.obj</name>
      </input_file>
      <input_file id="fl-34">
         <path>C:\ti\ccs1110\ccs\tools\compiler\c5500_4.4.1\lib\</path>
         <kind>archive</kind>
         <file>rts55x.lib</file>
         <name>fixdli.obj</name>
      </input_file>
      <input_file id="fl-35">
         <path>C:\ti\ccs1110\ccs\tools\compiler\c5500_4.4.1\lib\</path>
         <kind>archive</kind>
         <file>rts55x.lib</file>
         <name>fltlid.obj</name>
      </input_file>
      <input_file id="fl-36">
         <path>C:\ti\ccs1110\ccs\tools\compiler\c5500_4.4.1\lib\</path>
         <kind>archive</kind>
         <file>rts55x.lib</file>
         <name>fputc.obj</name>
      </input_file>
      <input_file id="fl-37">
         <path>C:\ti\ccs1110\ccs\tools\compiler\c5500_4.4.1\lib\</path>
         <kind>archive</kind>
         <file>rts55x.lib</file>
         <name>fputs.obj</name>
      </input_file>
      <input_file id="fl-38">
         <path>C:\ti\ccs1110\ccs\tools\compiler\c5500_4.4.1\lib\</path>
         <kind>archive</kind>
         <file>rts55x.lib</file>
         <name>frcmpyd_div.obj</name>
      </input_file>
      <input_file id="fl-39">
         <path>C:\ti\ccs1110\ccs\tools\compiler\c5500_4.4.1\lib\</path>
         <kind>archive</kind>
         <file>rts55x.lib</file>
         <name>isinf.obj</name>
      </input_file>
      <input_file id="fl-3a">
         <path>C:\ti\ccs1110\ccs\tools\compiler\c5500_4.4.1\lib\</path>
         <kind>archive</kind>
         <file>rts55x.lib</file>
         <name>llmpy.obj</name>
      </input_file>
      <input_file id="fl-3b">
         <path>C:\ti\ccs1110\ccs\tools\compiler\c5500_4.4.1\lib\</path>
         <kind>archive</kind>
         <file>rts55x.lib</file>
         <name>lowlev.obj</name>
      </input_file>
      <input_file id="fl-3c">
         <path>C:\ti\ccs1110\ccs\tools\compiler\c5500_4.4.1\lib\</path>
         <kind>archive</kind>
         <file>rts55x.lib</file>
         <name>ltoa.obj</name>
      </input_file>
      <input_file id="fl-3d">
         <path>C:\ti\ccs1110\ccs\tools\compiler\c5500_4.4.1\lib\</path>
         <kind>archive</kind>
         <file>rts55x.lib</file>
         <name>memccpy.obj</name>
      </input_file>
      <input_file id="fl-3e">
         <path>C:\ti\ccs1110\ccs\tools\compiler\c5500_4.4.1\lib\</path>
         <kind>archive</kind>
         <file>rts55x.lib</file>
         <name>memcpy.obj</name>
      </input_file>
      <input_file id="fl-3f">
         <path>C:\ti\ccs1110\ccs\tools\compiler\c5500_4.4.1\lib\</path>
         <kind>archive</kind>
         <file>rts55x.lib</file>
         <name>mpyd.obj</name>
      </input_file>
      <input_file id="fl-40">
         <path>C:\ti\ccs1110\ccs\tools\compiler\c5500_4.4.1\lib\</path>
         <kind>archive</kind>
         <file>rts55x.lib</file>
         <name>negd.obj</name>
      </input_file>
      <input_file id="fl-41">
         <path>C:\ti\ccs1110\ccs\tools\compiler\c5500_4.4.1\lib\</path>
         <kind>archive</kind>
         <file>rts55x.lib</file>
         <name>remli.obj</name>
      </input_file>
      <input_file id="fl-42">
         <path>C:\ti\ccs1110\ccs\tools\compiler\c5500_4.4.1\lib\</path>
         <kind>archive</kind>
         <file>rts55x.lib</file>
         <name>subd.obj</name>
      </input_file>
      <input_file id="fl-43">
         <path>C:\ti\ccs1110\ccs\tools\compiler\c5500_4.4.1\lib\</path>
         <kind>archive</kind>
         <file>rts55x.lib</file>
         <name>trgdrv.obj</name>
      </input_file>
      <input_file id="fl-44">
         <path>C:\ti\ccs1110\ccs\tools\compiler\c5500_4.4.1\lib\</path>
         <kind>archive</kind>
         <file>rts55x.lib</file>
         <name>trgmsg.obj</name>
      </input_file>
      <input_file id="fl-45">
         <path>C:\ti\ccs1110\ccs\tools\compiler\c5500_4.4.1\lib\</path>
         <kind>archive</kind>
         <file>rts55x.lib</file>
         <name>_io_perm.obj</name>
      </input_file>
      <input_file id="fl-46">
         <path>C:\ti\ccs1110\ccs\tools\compiler\c5500_4.4.1\lib\</path>
         <kind>archive</kind>
         <file>rts55x.lib</file>
         <name>addd.obj</name>
      </input_file>
      <input_file id="fl-47">
         <path>C:\ti\ccs1110\ccs\tools\compiler\c5500_4.4.1\lib\</path>
         <kind>archive</kind>
         <file>rts55x.lib</file>
         <name>divli.obj</name>
      </input_file>
      <input_file id="fl-48">
         <path>C:\ti\ccs1110\ccs\tools\compiler\c5500_4.4.1\lib\</path>
         <kind>archive</kind>
         <file>rts55x.lib</file>
         <name>fflush.obj</name>
      </input_file>
      <input_file id="fl-49">
         <path>C:\ti\ccs1110\ccs\tools\compiler\c5500_4.4.1\lib\</path>
         <kind>archive</kind>
         <file>rts55x.lib</file>
         <name>frcmpyd.obj</name>
      </input_file>
      <input_file id="fl-4a">
         <path>C:\ti\ccs1110\ccs\tools\compiler\c5500_4.4.1\lib\</path>
         <kind>archive</kind>
         <file>rts55x.lib</file>
         <name>fseek.obj</name>
      </input_file>
      <input_file id="fl-4b">
         <path>C:\ti\ccs1110\ccs\tools\compiler\c5500_4.4.1\lib\</path>
         <kind>archive</kind>
         <file>rts55x.lib</file>
         <name>setvbuf.obj</name>
      </input_file>
      <input_file id="fl-4c">
         <path>C:\ti\ccs1110\ccs\tools\compiler\c5500_4.4.1\lib\</path>
         <kind>archive</kind>
         <file>rts55x.lib</file>
         <name>fopen.obj</name>
      </input_file>
      <input_file id="fl-4d">
         <path>C:\ti\ccs1110\ccs\tools\compiler\c5500_4.4.1\lib\</path>
         <kind>archive</kind>
         <file>rts55x.lib</file>
         <name>memory.obj</name>
      </input_file>
      <input_file id="fl-4e">
         <path>C:\ti\ccs1110\ccs\tools\compiler\c5500_4.4.1\lib\</path>
         <kind>archive</kind>
         <file>rts55x.lib</file>
         <name>fclose.obj</name>
      </input_file>
      <input_file id="fl-4f">
         <path>C:\ti\ccs1110\ccs\tools\compiler\c5500_4.4.1\lib\</path>
         <kind>archive</kind>
         <file>rts55x.lib</file>
         <name>remove.obj</name>
      </input_file>
   </input_file_list>
   <object_component_list>
      <object_component id="oc-5a">
         <name>.text</name>
         <load_address>0x20000</load_address>
         <run_address>0x20000</run_address>
         <size>0x4408</size>
         <input_file_ref idref="fl-f"/>
      </object_component>
      <object_component id="oc-66">
         <name>.text</name>
         <load_address>0x24408</load_address>
         <run_address>0x24408</run_address>
         <size>0x2b24</size>
         <input_file_ref idref="fl-11"/>
      </object_component>
      <object_component id="oc-7f">
         <name>.text</name>
         <load_address>0x26f2c</load_address>
         <run_address>0x26f2c</run_address>
         <size>0x29ff</size>
         <input_file_ref idref="fl-16"/>
      </object_component>
      <object_component id="oc-8f">
         <name>.text</name>
         <load_address>0x2992b</load_address>
         <run_address>0x2992b</run_address>
         <size>0x2198</size>
         <input_file_ref idref="fl-19"/>
      </object_component>
      <object_component id="oc-2a">
         <name>.text</name>
         <load_address>0x2bac3</load_address>
         <run_address>0x2bac3</run_address>
         <size>0x18a0</size>
         <input_file_ref idref="fl-6"/>
      </object_component>
      <object_component id="oc-d1">
         <name>.text</name>
         <load_address>0x2d363</load_address>
         <run_address>0x2d363</run_address>
         <size>0x15a4</size>
         <input_file_ref idref="fl-2b"/>
      </object_component>
      <object_component id="oc-6b">
         <name>.text</name>
         <load_address>0x2e907</load_address>
         <run_address>0x2e907</run_address>
         <size>0x11ce</size>
         <input_file_ref idref="fl-12"/>
      </object_component>
      <object_component id="oc-8a">
         <name>.text</name>
         <load_address>0x2fad5</load_address>
         <run_address>0x2fad5</run_address>
         <size>0x10e1</size>
         <input_file_ref idref="fl-18"/>
      </object_component>
      <object_component id="oc-25">
         <name>.text</name>
         <load_address>0x30bb6</load_address>
         <run_address>0x30bb6</run_address>
         <size>0xdbe</size>
         <input_file_ref idref="fl-5"/>
      </object_component>
      <object_component id="oc-1a">
         <name>.text</name>
         <load_address>0x31974</load_address>
         <run_address>0x31974</run_address>
         <size>0xd62</size>
         <input_file_ref idref="fl-3"/>
      </object_component>
      <object_component id="oc-1f">
         <name>.text</name>
         <load_address>0x326d6</load_address>
         <run_address>0x326d6</run_address>
         <size>0xc59</size>
         <input_file_ref idref="fl-4"/>
      </object_component>
      <object_component id="oc-39">
         <name>.text</name>
         <load_address>0x3332f</load_address>
         <run_address>0x3332f</run_address>
         <size>0xc3c</size>
         <input_file_ref idref="fl-9"/>
      </object_component>
      <object_component id="oc-5f">
         <name>.text</name>
         <load_address>0x33f6b</load_address>
         <run_address>0x33f6b</run_address>
         <size>0xb26</size>
         <input_file_ref idref="fl-10"/>
      </object_component>
      <object_component id="oc-7a">
         <name>.text</name>
         <load_address>0x34a91</load_address>
         <run_address>0x34a91</run_address>
         <size>0xb18</size>
         <input_file_ref idref="fl-15"/>
      </object_component>
      <object_component id="oc-3f">
         <name>.text</name>
         <load_address>0x355a9</load_address>
         <run_address>0x355a9</run_address>
         <size>0x9db</size>
         <input_file_ref idref="fl-a"/>
      </object_component>
      <object_component id="oc-75">
         <name>.text</name>
         <load_address>0x35f84</load_address>
         <run_address>0x35f84</run_address>
         <size>0x895</size>
         <input_file_ref idref="fl-14"/>
      </object_component>
      <object_component id="oc-50">
         <name>.text</name>
         <load_address>0x36819</load_address>
         <run_address>0x36819</run_address>
         <size>0x831</size>
         <input_file_ref idref="fl-d"/>
      </object_component>
      <object_component id="oc-2f">
         <name>.text</name>
         <load_address>0x3704a</load_address>
         <run_address>0x3704a</run_address>
         <size>0x68d</size>
         <input_file_ref idref="fl-7"/>
      </object_component>
      <object_component id="oc-84">
         <name>.text</name>
         <load_address>0x376d7</load_address>
         <run_address>0x376d7</run_address>
         <size>0x5b4</size>
         <input_file_ref idref="fl-17"/>
      </object_component>
      <object_component id="oc-113">
         <name>.text</name>
         <load_address>0x37c8b</load_address>
         <run_address>0x37c8b</run_address>
         <size>0x543</size>
         <input_file_ref idref="fl-3b"/>
      </object_component>
      <object_component id="oc-135">
         <name>.text</name>
         <load_address>0x381ce</load_address>
         <run_address>0x381ce</run_address>
         <size>0x528</size>
         <input_file_ref idref="fl-43"/>
      </object_component>
      <object_component id="oc-46">
         <name>.text</name>
         <load_address>0x386f6</load_address>
         <run_address>0x386f6</run_address>
         <size>0x51f</size>
         <input_file_ref idref="fl-b"/>
      </object_component>
      <object_component id="oc-162">
         <name>.text</name>
         <load_address>0x38c15</load_address>
         <run_address>0x38c15</run_address>
         <size>0x4b5</size>
         <input_file_ref idref="fl-4d"/>
      </object_component>
      <object_component id="oc-ed">
         <name>.text</name>
         <load_address>0x390ca</load_address>
         <run_address>0x390ca</run_address>
         <size>0x3cc</size>
         <input_file_ref idref="fl-32"/>
      </object_component>
      <object_component id="oc-55">
         <name>.text</name>
         <load_address>0x39496</load_address>
         <run_address>0x39496</run_address>
         <size>0x33e</size>
         <input_file_ref idref="fl-e"/>
      </object_component>
      <object_component id="oc-34">
         <name>.text</name>
         <load_address>0x397d4</load_address>
         <run_address>0x397d4</run_address>
         <size>0x2eb</size>
         <input_file_ref idref="fl-8"/>
      </object_component>
      <object_component id="oc-70">
         <name>.text</name>
         <load_address>0x39abf</load_address>
         <run_address>0x39abf</run_address>
         <size>0x2a8</size>
         <input_file_ref idref="fl-13"/>
      </object_component>
      <object_component id="oc-15c">
         <name>.text</name>
         <load_address>0x39d67</load_address>
         <run_address>0x39d67</run_address>
         <size>0x27f</size>
         <input_file_ref idref="fl-4c"/>
      </object_component>
      <object_component id="oc-10f">
         <name>.text</name>
         <load_address>0x39fe6</load_address>
         <run_address>0x39fe6</run_address>
         <size>0x25e</size>
         <input_file_ref idref="fl-3a"/>
      </object_component>
      <object_component id="oc-95">
         <name>.text</name>
         <load_address>0x3a244</load_address>
         <run_address>0x3a244</run_address>
         <size>0x25c</size>
         <input_file_ref idref="fl-1a"/>
      </object_component>
      <object_component id="oc-144">
         <name>.text</name>
         <load_address>0x3a4a0</load_address>
         <run_address>0x3a4a0</run_address>
         <size>0x25a</size>
         <input_file_ref idref="fl-46"/>
      </object_component>
      <object_component id="oc-e3">
         <name>.text</name>
         <load_address>0x3a6fa</load_address>
         <run_address>0x3a6fa</run_address>
         <size>0x1ea</size>
         <input_file_ref idref="fl-2f"/>
      </object_component>
      <object_component id="oc-102">
         <name>.text</name>
         <load_address>0x3a8e4</load_address>
         <run_address>0x3a8e4</run_address>
         <size>0x163</size>
         <input_file_ref idref="fl-37"/>
      </object_component>
      <object_component id="oc-125">
         <name>.text</name>
         <load_address>0x3aa47</load_address>
         <run_address>0x3aa47</run_address>
         <size>0x14c</size>
         <input_file_ref idref="fl-3f"/>
      </object_component>
      <object_component id="oc-158">
         <name>.text</name>
         <load_address>0x3ab93</load_address>
         <run_address>0x3ab93</run_address>
         <size>0xe6</size>
         <input_file_ref idref="fl-4b"/>
      </object_component>
      <object_component id="oc-140">
         <name>.text</name>
         <load_address>0x3ac79</load_address>
         <run_address>0x3ac79</run_address>
         <size>0xdd</size>
         <input_file_ref idref="fl-45"/>
      </object_component>
      <object_component id="oc-14c">
         <name>.text</name>
         <load_address>0x3ad56</load_address>
         <run_address>0x3ad56</run_address>
         <size>0xc2</size>
         <input_file_ref idref="fl-48"/>
      </object_component>
      <object_component id="oc-13d">
         <name>.text:CIO_breakpoint</name>
         <load_address>0x3ae18</load_address>
         <run_address>0x3ae18</run_address>
         <size>0xba</size>
         <input_file_ref idref="fl-44"/>
      </object_component>
      <object_component id="oc-fe">
         <name>.text</name>
         <load_address>0x3aed2</load_address>
         <run_address>0x3aed2</run_address>
         <size>0xa6</size>
         <input_file_ref idref="fl-36"/>
      </object_component>
      <object_component id="oc-a8">
         <name>.text</name>
         <load_address>0x3af78</load_address>
         <run_address>0x3af78</run_address>
         <size>0xa1</size>
         <input_file_ref idref="fl-22"/>
      </object_component>
      <object_component id="oc-4c">
         <name>.text</name>
         <load_address>0x3b019</load_address>
         <run_address>0x3b019</run_address>
         <size>0x8c</size>
         <input_file_ref idref="fl-c"/>
      </object_component>
      <object_component id="oc-119">
         <name>.text</name>
         <load_address>0x3b0a5</load_address>
         <run_address>0x3b0a5</run_address>
         <size>0x7d</size>
         <input_file_ref idref="fl-3c"/>
      </object_component>
      <object_component id="oc-169">
         <name>.text</name>
         <load_address>0x3b122</load_address>
         <run_address>0x3b122</run_address>
         <size>0x7b</size>
         <input_file_ref idref="fl-4e"/>
      </object_component>
      <object_component id="oc-150">
         <name>.text</name>
         <load_address>0x3b19d</load_address>
         <run_address>0x3b19d</run_address>
         <size>0x76</size>
         <input_file_ref idref="fl-49"/>
      </object_component>
      <object_component id="oc-107">
         <name>.text</name>
         <load_address>0x3b213</load_address>
         <run_address>0x3b213</run_address>
         <size>0x73</size>
         <input_file_ref idref="fl-38"/>
      </object_component>
      <object_component id="oc-bb">
         <name>.text</name>
         <load_address>0x3b286</load_address>
         <run_address>0x3b286</run_address>
         <size>0x72</size>
         <input_file_ref idref="fl-26"/>
      </object_component>
      <object_component id="oc-f5">
         <name>.text</name>
         <load_address>0x3b2f8</load_address>
         <run_address>0x3b2f8</run_address>
         <size>0x6f</size>
         <input_file_ref idref="fl-34"/>
      </object_component>
      <object_component id="oc-13a">
         <name>.text</name>
         <load_address>0x3b367</load_address>
         <run_address>0x3b367</run_address>
         <size>0x6d</size>
         <input_file_ref idref="fl-44"/>
      </object_component>
      <object_component id="oc-9a">
         <name>.text</name>
         <load_address>0x3b3d4</load_address>
         <run_address>0x3b3d4</run_address>
         <size>0x6d</size>
         <input_file_ref idref="fl-1b"/>
      </object_component>
      <object_component id="oc-154">
         <name>.text</name>
         <load_address>0x3b441</load_address>
         <run_address>0x3b441</run_address>
         <size>0x6b</size>
         <input_file_ref idref="fl-4a"/>
      </object_component>
      <object_component id="oc-f9">
         <name>.text</name>
         <load_address>0x3b4ac</load_address>
         <run_address>0x3b4ac</run_address>
         <size>0x67</size>
         <input_file_ref idref="fl-35"/>
      </object_component>
      <object_component id="oc-db">
         <name>.text</name>
         <load_address>0x3b513</load_address>
         <run_address>0x3b513</run_address>
         <size>0x5c</size>
         <input_file_ref idref="fl-2d"/>
      </object_component>
      <object_component id="oc-9f">
         <name>.text</name>
         <load_address>0x3b56f</load_address>
         <run_address>0x3b56f</run_address>
         <size>0x54</size>
         <input_file_ref idref="fl-20"/>
      </object_component>
      <object_component id="oc-b7">
         <name>.text</name>
         <load_address>0x3b5c3</load_address>
         <run_address>0x3b5c3</run_address>
         <size>0x50</size>
         <input_file_ref idref="fl-25"/>
      </object_component>
      <object_component id="oc-df">
         <name>.text</name>
         <load_address>0x3b613</load_address>
         <run_address>0x3b613</run_address>
         <size>0x4d</size>
         <input_file_ref idref="fl-2e"/>
      </object_component>
      <object_component id="oc-d7">
         <name>.text</name>
         <load_address>0x3b660</load_address>
         <run_address>0x3b660</run_address>
         <size>0x4b</size>
         <input_file_ref idref="fl-2c"/>
      </object_component>
      <object_component id="oc-12d">
         <name>.text</name>
         <load_address>0x3b6ab</load_address>
         <run_address>0x3b6ab</run_address>
         <size>0x4b</size>
         <input_file_ref idref="fl-41"/>
      </object_component>
      <object_component id="oc-148">
         <name>.text</name>
         <load_address>0x3b6f6</load_address>
         <run_address>0x3b6f6</run_address>
         <size>0x48</size>
         <input_file_ref idref="fl-47"/>
      </object_component>
      <object_component id="oc-121">
         <name>.text</name>
         <load_address>0x3b73e</load_address>
         <run_address>0x3b73e</run_address>
         <size>0x3f</size>
         <input_file_ref idref="fl-3e"/>
      </object_component>
      <object_component id="oc-ac">
         <name>.text</name>
         <load_address>0x3b77d</load_address>
         <run_address>0x3b77d</run_address>
         <size>0x3e</size>
         <input_file_ref idref="fl-23"/>
      </object_component>
      <object_component id="oc-10">
         <name>.text</name>
         <load_address>0x3b7bb</load_address>
         <run_address>0x3b7bb</run_address>
         <size>0x34</size>
         <input_file_ref idref="fl-21"/>
      </object_component>
      <object_component id="oc-f1">
         <name>.text</name>
         <load_address>0x3b7ef</load_address>
         <run_address>0x3b7ef</run_address>
         <size>0x2a</size>
         <input_file_ref idref="fl-33"/>
      </object_component>
      <object_component id="oc-c3">
         <name>.text</name>
         <load_address>0x3b819</load_address>
         <run_address>0x3b819</run_address>
         <size>0x2a</size>
         <input_file_ref idref="fl-28"/>
      </object_component>
      <object_component id="oc-11d">
         <name>.text</name>
         <load_address>0x3b843</load_address>
         <run_address>0x3b843</run_address>
         <size>0x23</size>
         <input_file_ref idref="fl-3d"/>
      </object_component>
      <object_component id="oc-12">
         <name>.text</name>
         <load_address>0x3b866</load_address>
         <run_address>0x3b866</run_address>
         <size>0x1c</size>
         <input_file_ref idref="fl-2"/>
      </object_component>
      <object_component id="oc-10b">
         <name>.text</name>
         <load_address>0x3b882</load_address>
         <run_address>0x3b882</run_address>
         <size>0x1a</size>
         <input_file_ref idref="fl-39"/>
      </object_component>
      <object_component id="oc-131">
         <name>.text</name>
         <load_address>0x3b89c</load_address>
         <run_address>0x3b89c</run_address>
         <size>0x14</size>
         <input_file_ref idref="fl-42"/>
      </object_component>
      <object_component id="oc-b3">
         <name>.text</name>
         <load_address>0x3b8b0</load_address>
         <run_address>0x3b8b0</run_address>
         <size>0x13</size>
         <input_file_ref idref="fl-24"/>
      </object_component>
      <object_component id="oc-cb">
         <name>.text</name>
         <load_address>0x3b8c3</load_address>
         <run_address>0x3b8c3</run_address>
         <size>0x12</size>
         <input_file_ref idref="fl-2a"/>
      </object_component>
      <object_component id="oc-bf">
         <name>.text</name>
         <load_address>0x3b8d5</load_address>
         <run_address>0x3b8d5</run_address>
         <size>0x11</size>
         <input_file_ref idref="fl-27"/>
      </object_component>
      <object_component id="oc-129">
         <name>.text</name>
         <load_address>0x3b8e6</load_address>
         <run_address>0x3b8e6</run_address>
         <size>0x10</size>
         <input_file_ref idref="fl-40"/>
      </object_component>
      <object_component id="oc-16d">
         <name>.text</name>
         <load_address>0x3b8f6</load_address>
         <run_address>0x3b8f6</run_address>
         <size>0xa</size>
         <input_file_ref idref="fl-4f"/>
      </object_component>
      <object_component id="oc-b0">
         <name>.text:CIO_breakpoint</name>
         <load_address>0x3b900</load_address>
         <run_address>0x3b900</run_address>
         <size>0x7</size>
         <input_file_ref idref="fl-23"/>
      </object_component>
      <object_component id="oc-c7">
         <name>.text</name>
         <load_address>0x3b907</load_address>
         <run_address>0x3b907</run_address>
         <size>0x2</size>
         <input_file_ref idref="fl-29"/>
      </object_component>
      <object_component id="oc-a4">
         <name>.stack</name>
         <uninitialized>true</uninitialized>
         <run_address>0xc0</run_address>
         <size>0x0</size>
         <input_file_ref idref="fl-21"/>
      </object_component>
      <object_component id="oc-192">
         <name>.stack</name>
         <uninitialized>true</uninitialized>
         <run_address>0xc0</run_address>
         <size>0x0</size>
      </object_component>
      <object_component id="oc-171">
         <name>.sysstack</name>
         <uninitialized>true</uninitialized>
         <run_address>0x20c0</run_address>
         <size>0x0</size>
         <input_file_ref idref="fl-21"/>
      </object_component>
      <object_component id="oc-194">
         <name>.sysstack</name>
         <uninitialized>true</uninitialized>
         <run_address>0x20c0</run_address>
         <size>0x0</size>
      </object_component>
      <object_component id="oc-60">
         <name>.bss</name>
         <uninitialized>true</uninitialized>
         <run_address>0x50c0</run_address>
         <size>0xa1a</size>
         <input_file_ref idref="fl-10"/>
      </object_component>
      <object_component id="oc-13">
         <name>.bss</name>
         <uninitialized>true</uninitialized>
         <run_address>0x5ada</run_address>
         <size>0x2</size>
         <input_file_ref idref="fl-2"/>
      </object_component>
      <object_component id="oc-90">
         <name>.bss</name>
         <uninitialized>true</uninitialized>
         <run_address>0x5adc</run_address>
         <size>0x37c</size>
         <input_file_ref idref="fl-19"/>
      </object_component>
      <object_component id="oc-e9">
         <name>.bss</name>
         <uninitialized>true</uninitialized>
         <run_address>0x5e58</run_address>
         <size>0x232</size>
         <input_file_ref idref="fl-31"/>
      </object_component>
      <object_component id="oc-136">
         <name>.bss</name>
         <uninitialized>true</uninitialized>
         <run_address>0x608a</run_address>
         <size>0x1a0</size>
         <input_file_ref idref="fl-43"/>
      </object_component>
      <object_component id="oc-15d">
         <name>.bss</name>
         <uninitialized>true</uninitialized>
         <run_address>0x622a</run_address>
         <size>0x2</size>
         <input_file_ref idref="fl-4c"/>
      </object_component>
      <object_component id="oc-47">
         <name>.bss</name>
         <uninitialized>true</uninitialized>
         <run_address>0x622c</run_address>
         <size>0x108</size>
         <input_file_ref idref="fl-b"/>
      </object_component>
      <object_component id="oc-114">
         <name>.bss</name>
         <uninitialized>true</uninitialized>
         <run_address>0x6334</run_address>
         <size>0xe2</size>
         <input_file_ref idref="fl-3b"/>
      </object_component>
      <object_component id="oc-40">
         <name>.bss</name>
         <uninitialized>true</uninitialized>
         <run_address>0x6416</run_address>
         <size>0x54</size>
         <input_file_ref idref="fl-a"/>
      </object_component>
      <object_component id="oc-3a">
         <name>.bss</name>
         <uninitialized>true</uninitialized>
         <run_address>0x646c</run_address>
         <size>0x24</size>
         <input_file_ref idref="fl-9"/>
      </object_component>
      <object_component id="oc-163">
         <name>.bss</name>
         <uninitialized>true</uninitialized>
         <run_address>0x6490</run_address>
         <size>0xc</size>
         <input_file_ref idref="fl-4d"/>
      </object_component>
      <object_component id="oc-cc">
         <name>.bss</name>
         <uninitialized>true</uninitialized>
         <run_address>0x649c</run_address>
         <size>0x8</size>
         <input_file_ref idref="fl-2a"/>
      </object_component>
      <object_component id="oc-ad">
         <name>.bss</name>
         <uninitialized>true</uninitialized>
         <run_address>0x64a4</run_address>
         <size>0x8</size>
         <input_file_ref idref="fl-23"/>
      </object_component>
      <object_component id="oc-85">
         <name>.bss</name>
         <uninitialized>true</uninitialized>
         <run_address>0x64ac</run_address>
         <size>0x6</size>
         <input_file_ref idref="fl-17"/>
      </object_component>
      <object_component id="oc-179">
         <name>.const:__ctypes_</name>
         <load_address>0x64b4</load_address>
         <run_address>0x64b4</run_address>
         <size>0x202</size>
         <input_file_ref idref="fl-30"/>
      </object_component>
      <object_component id="oc-21">
         <name>.const:.string</name>
         <load_address>0x66b8</load_address>
         <run_address>0x66b8</run_address>
         <size>0x102</size>
         <input_file_ref idref="fl-4"/>
      </object_component>
      <object_component id="oc-d4">
         <name>.const:.string</name>
         <load_address>0x67bc</load_address>
         <run_address>0x67bc</run_address>
         <size>0x48</size>
         <input_file_ref idref="fl-2b"/>
      </object_component>
      <object_component id="oc-16">
         <name>.const:.string</name>
         <load_address>0x6804</load_address>
         <run_address>0x6804</run_address>
         <size>0x24</size>
         <input_file_ref idref="fl-2"/>
      </object_component>
      <object_component id="oc-d3">
         <name>.const</name>
         <load_address>0x6828</load_address>
         <run_address>0x6828</run_address>
         <size>0x18</size>
         <input_file_ref idref="fl-2b"/>
      </object_component>
      <object_component id="oc-17a">
         <name>.const:_initial_approx$1</name>
         <load_address>0x6840</load_address>
         <run_address>0x6840</run_address>
         <size>0x10</size>
         <input_file_ref idref="fl-32"/>
      </object_component>
      <object_component id="oc-104">
         <name>.const:.string</name>
         <load_address>0x6850</load_address>
         <run_address>0x6850</run_address>
         <size>0x4</size>
         <input_file_ref idref="fl-37"/>
      </object_component>
      <object_component id="oc-fb">
         <name>.const</name>
         <load_address>0x6854</load_address>
         <run_address>0x6854</run_address>
         <size>0x4</size>
         <input_file_ref idref="fl-35"/>
      </object_component>
      <object_component id="oc-166">
         <name>.sysmem</name>
         <uninitialized>true</uninitialized>
         <run_address>0x30c0</run_address>
         <size>0x0</size>
         <input_file_ref idref="fl-4d"/>
      </object_component>
      <object_component id="oc-193">
         <name>.sysmem</name>
         <uninitialized>true</uninitialized>
         <run_address>0x30c0</run_address>
         <size>0x0</size>
      </object_component>
      <object_component id="oc-177">
         <name>.switch:_SDIO_eventDisable</name>
         <load_address>0x40240</load_address>
         <run_address>0x40240</run_address>
         <size>0x44</size>
         <input_file_ref idref="fl-16"/>
      </object_component>
      <object_component id="oc-176">
         <name>.switch:_SDIO_eventEnable</name>
         <load_address>0x40284</load_address>
         <run_address>0x40284</run_address>
         <size>0x44</size>
         <input_file_ref idref="fl-16"/>
      </object_component>
      <object_component id="oc-172">
         <name>.switch:_DMA_config</name>
         <load_address>0x402c8</load_address>
         <run_address>0x402c8</run_address>
         <size>0x40</size>
         <input_file_ref idref="fl-6"/>
      </object_component>
      <object_component id="oc-173">
         <name>.switch:_DMA_getConfig</name>
         <load_address>0x40308</load_address>
         <run_address>0x40308</run_address>
         <size>0x40</size>
         <input_file_ref idref="fl-6"/>
      </object_component>
      <object_component id="oc-174">
         <name>.switch:_DMA_reset</name>
         <load_address>0x40348</load_address>
         <run_address>0x40348</run_address>
         <size>0x40</size>
         <input_file_ref idref="fl-6"/>
      </object_component>
      <object_component id="oc-178">
         <name>.switch:_USB_coreEventProcessEp0</name>
         <load_address>0x40388</load_address>
         <run_address>0x40388</run_address>
         <size>0x30</size>
         <input_file_ref idref="fl-19"/>
      </object_component>
      <object_component id="oc-175">
         <name>.switch:_MSC_Bulk</name>
         <load_address>0x403b8</load_address>
         <run_address>0x403b8</run_address>
         <size>0x20</size>
         <input_file_ref idref="fl-11"/>
      </object_component>
      <object_component id="oc-116">
         <name>.cinit</name>
         <load_address>0x403d8</load_address>
         <run_address>0x403d8</run_address>
         <size>0x5a</size>
         <input_file_ref idref="fl-3b"/>
      </object_component>
      <object_component id="oc-eb">
         <name>.cinit</name>
         <load_address>0x40432</load_address>
         <run_address>0x40432</run_address>
         <size>0x54</size>
         <input_file_ref idref="fl-31"/>
      </object_component>
      <object_component id="oc-62">
         <name>.cinit</name>
         <load_address>0x40486</load_address>
         <run_address>0x40486</run_address>
         <size>0x2a</size>
         <input_file_ref idref="fl-10"/>
      </object_component>
      <object_component id="oc-ce">
         <name>.cinit</name>
         <load_address>0x404b0</load_address>
         <run_address>0x404b0</run_address>
         <size>0x14</size>
         <input_file_ref idref="fl-2a"/>
      </object_component>
      <object_component id="oc-af">
         <name>.cinit</name>
         <load_address>0x404c4</load_address>
         <run_address>0x404c4</run_address>
         <size>0x14</size>
         <input_file_ref idref="fl-23"/>
      </object_component>
      <object_component id="oc-42">
         <name>.cinit</name>
         <load_address>0x404d8</load_address>
         <run_address>0x404d8</run_address>
         <size>0x10</size>
         <input_file_ref idref="fl-a"/>
      </object_component>
      <object_component id="oc-15">
         <name>.cinit</name>
         <load_address>0x404e8</load_address>
         <run_address>0x404e8</run_address>
         <size>0x8</size>
         <input_file_ref idref="fl-2"/>
      </object_component>
      <object_component id="oc-15f">
         <name>.cinit</name>
         <load_address>0x404f0</load_address>
         <run_address>0x404f0</run_address>
         <size>0x8</size>
         <input_file_ref idref="fl-4c"/>
      </object_component>
      <object_component id="oc-165">
         <name>.cinit</name>
         <load_address>0x404f8</load_address>
         <run_address>0x404f8</run_address>
         <size>0x8</size>
         <input_file_ref idref="fl-4d"/>
      </object_component>
      <object_component id="oc-13c">
         <name>.cio</name>
         <uninitialized>true</uninitialized>
         <run_address>0x40000</run_address>
         <size>0x240</size>
         <input_file_ref idref="fl-44"/>
      </object_component>
      <object_component id="oc-11">
         <name>vectors</name>
         <load_address>0x4fe00</load_address>
         <run_address>0x4fe00</run_address>
         <size>0x100</size>
         <input_file_ref idref="fl-29"/>
      </object_component>
      <object_component id="oc-9b">
         <name>vectors</name>
         <load_address>0x4ff00</load_address>
         <run_address>0x4ff00</run_address>
         <size>0x100</size>
         <input_file_ref idref="fl-1b"/>
      </object_component>
      <object_component id="oc-14">
         <name>.debug_info</name>
         <load_address>0x0</load_address>
         <run_address>0x0</run_address>
         <size>0x5b0</size>
         <input_file_ref idref="fl-2"/>
      </object_component>
      <object_component id="oc-1b">
         <name>.debug_info</name>
         <load_address>0x5b0</load_address>
         <run_address>0x5b0</run_address>
         <size>0x3f46</size>
         <input_file_ref idref="fl-3"/>
      </object_component>
      <object_component id="oc-20">
         <name>.debug_info</name>
         <load_address>0x44f6</load_address>
         <run_address>0x44f6</run_address>
         <size>0x5027</size>
         <input_file_ref idref="fl-4"/>
      </object_component>
      <object_component id="oc-26">
         <name>.debug_info</name>
         <load_address>0x951d</load_address>
         <run_address>0x951d</run_address>
         <size>0x1453</size>
         <input_file_ref idref="fl-5"/>
      </object_component>
      <object_component id="oc-2b">
         <name>.debug_info</name>
         <load_address>0xa970</load_address>
         <run_address>0xa970</run_address>
         <size>0x2290</size>
         <input_file_ref idref="fl-6"/>
      </object_component>
      <object_component id="oc-30">
         <name>.debug_info</name>
         <load_address>0xcc00</load_address>
         <run_address>0xcc00</run_address>
         <size>0x1470</size>
         <input_file_ref idref="fl-7"/>
      </object_component>
      <object_component id="oc-35">
         <name>.debug_info</name>
         <load_address>0xe070</load_address>
         <run_address>0xe070</run_address>
         <size>0x1381</size>
         <input_file_ref idref="fl-8"/>
      </object_component>
      <object_component id="oc-3b">
         <name>.debug_info</name>
         <load_address>0xf3f1</load_address>
         <run_address>0xf3f1</run_address>
         <size>0x21c9</size>
         <input_file_ref idref="fl-9"/>
      </object_component>
      <object_component id="oc-41">
         <name>.debug_info</name>
         <load_address>0x115ba</load_address>
         <run_address>0x115ba</run_address>
         <size>0x1ecc</size>
         <input_file_ref idref="fl-a"/>
      </object_component>
      <object_component id="oc-48">
         <name>.debug_info</name>
         <load_address>0x13486</load_address>
         <run_address>0x13486</run_address>
         <size>0x1570</size>
         <input_file_ref idref="fl-b"/>
      </object_component>
      <object_component id="oc-4d">
         <name>.debug_info</name>
         <load_address>0x149f6</load_address>
         <run_address>0x149f6</run_address>
         <size>0x113</size>
         <input_file_ref idref="fl-c"/>
      </object_component>
      <object_component id="oc-51">
         <name>.debug_info</name>
         <load_address>0x14b09</load_address>
         <run_address>0x14b09</run_address>
         <size>0x1a3f</size>
         <input_file_ref idref="fl-d"/>
      </object_component>
      <object_component id="oc-56">
         <name>.debug_info</name>
         <load_address>0x16548</load_address>
         <run_address>0x16548</run_address>
         <size>0x1301</size>
         <input_file_ref idref="fl-e"/>
      </object_component>
      <object_component id="oc-5b">
         <name>.debug_info</name>
         <load_address>0x17849</load_address>
         <run_address>0x17849</run_address>
         <size>0x87e2</size>
         <input_file_ref idref="fl-f"/>
      </object_component>
      <object_component id="oc-61">
         <name>.debug_info</name>
         <load_address>0x2002b</load_address>
         <run_address>0x2002b</run_address>
         <size>0x4f94</size>
         <input_file_ref idref="fl-10"/>
      </object_component>
      <object_component id="oc-67">
         <name>.debug_info</name>
         <load_address>0x24fbf</load_address>
         <run_address>0x24fbf</run_address>
         <size>0x6767</size>
         <input_file_ref idref="fl-11"/>
      </object_component>
      <object_component id="oc-6c">
         <name>.debug_info</name>
         <load_address>0x2b726</load_address>
         <run_address>0x2b726</run_address>
         <size>0x3849</size>
         <input_file_ref idref="fl-12"/>
      </object_component>
      <object_component id="oc-71">
         <name>.debug_info</name>
         <load_address>0x2ef6f</load_address>
         <run_address>0x2ef6f</run_address>
         <size>0x115b</size>
         <input_file_ref idref="fl-13"/>
      </object_component>
      <object_component id="oc-76">
         <name>.debug_info</name>
         <load_address>0x300ca</load_address>
         <run_address>0x300ca</run_address>
         <size>0x26bd</size>
         <input_file_ref idref="fl-14"/>
      </object_component>
      <object_component id="oc-7b">
         <name>.debug_info</name>
         <load_address>0x32787</load_address>
         <run_address>0x32787</run_address>
         <size>0x1b2e</size>
         <input_file_ref idref="fl-15"/>
      </object_component>
      <object_component id="oc-80">
         <name>.debug_info</name>
         <load_address>0x342b5</load_address>
         <run_address>0x342b5</run_address>
         <size>0x4fe4</size>
         <input_file_ref idref="fl-16"/>
      </object_component>
      <object_component id="oc-86">
         <name>.debug_info</name>
         <load_address>0x39299</load_address>
         <run_address>0x39299</run_address>
         <size>0x1e65</size>
         <input_file_ref idref="fl-17"/>
      </object_component>
      <object_component id="oc-8b">
         <name>.debug_info</name>
         <load_address>0x3b0fe</load_address>
         <run_address>0x3b0fe</run_address>
         <size>0x2ed4</size>
         <input_file_ref idref="fl-18"/>
      </object_component>
      <object_component id="oc-91">
         <name>.debug_info</name>
         <load_address>0x3dfd2</load_address>
         <run_address>0x3dfd2</run_address>
         <size>0x6723</size>
         <input_file_ref idref="fl-19"/>
      </object_component>
      <object_component id="oc-96">
         <name>.debug_info</name>
         <load_address>0x446f5</load_address>
         <run_address>0x446f5</run_address>
         <size>0x12bb</size>
         <input_file_ref idref="fl-1a"/>
      </object_component>
      <object_component id="oc-9c">
         <name>.debug_info</name>
         <load_address>0x459b0</load_address>
         <run_address>0x459b0</run_address>
         <size>0xfd</size>
         <input_file_ref idref="fl-1b"/>
      </object_component>
      <object_component id="oc-a0">
         <name>.debug_info</name>
         <load_address>0x45aad</load_address>
         <run_address>0x45aad</run_address>
         <size>0x5896</size>
         <input_file_ref idref="fl-20"/>
      </object_component>
      <object_component id="oc-a5">
         <name>.debug_info</name>
         <load_address>0x4b343</load_address>
         <run_address>0x4b343</run_address>
         <size>0xe8</size>
         <input_file_ref idref="fl-21"/>
      </object_component>
      <object_component id="oc-a9">
         <name>.debug_info</name>
         <load_address>0x4b42b</load_address>
         <run_address>0x4b42b</run_address>
         <size>0x534</size>
         <input_file_ref idref="fl-22"/>
      </object_component>
      <object_component id="oc-ae">
         <name>.debug_info</name>
         <load_address>0x4b95f</load_address>
         <run_address>0x4b95f</run_address>
         <size>0x5fb</size>
         <input_file_ref idref="fl-23"/>
      </object_component>
      <object_component id="oc-b4">
         <name>.debug_info</name>
         <load_address>0x4bf5a</load_address>
         <run_address>0x4bf5a</run_address>
         <size>0xbd</size>
         <input_file_ref idref="fl-24"/>
      </object_component>
      <object_component id="oc-b8">
         <name>.debug_info</name>
         <load_address>0x4c017</load_address>
         <run_address>0x4c017</run_address>
         <size>0x76c</size>
         <input_file_ref idref="fl-25"/>
      </object_component>
      <object_component id="oc-bc">
         <name>.debug_info</name>
         <load_address>0x4c783</load_address>
         <run_address>0x4c783</run_address>
         <size>0x534</size>
         <input_file_ref idref="fl-26"/>
      </object_component>
      <object_component id="oc-c0">
         <name>.debug_info</name>
         <load_address>0x4ccb7</load_address>
         <run_address>0x4ccb7</run_address>
         <size>0x589</size>
         <input_file_ref idref="fl-27"/>
      </object_component>
      <object_component id="oc-c4">
         <name>.debug_info</name>
         <load_address>0x4d240</load_address>
         <run_address>0x4d240</run_address>
         <size>0xef</size>
         <input_file_ref idref="fl-28"/>
      </object_component>
      <object_component id="oc-c8">
         <name>.debug_info</name>
         <load_address>0x4d32f</load_address>
         <run_address>0x4d32f</run_address>
         <size>0xbc</size>
         <input_file_ref idref="fl-29"/>
      </object_component>
      <object_component id="oc-cd">
         <name>.debug_info</name>
         <load_address>0x4d3eb</load_address>
         <run_address>0x4d3eb</run_address>
         <size>0x5bc</size>
         <input_file_ref idref="fl-2a"/>
      </object_component>
      <object_component id="oc-d2">
         <name>.debug_info</name>
         <load_address>0x4d9a7</load_address>
         <run_address>0x4d9a7</run_address>
         <size>0x27bd</size>
         <input_file_ref idref="fl-2b"/>
      </object_component>
      <object_component id="oc-d8">
         <name>.debug_info</name>
         <load_address>0x50164</load_address>
         <run_address>0x50164</run_address>
         <size>0x586</size>
         <input_file_ref idref="fl-2c"/>
      </object_component>
      <object_component id="oc-dc">
         <name>.debug_info</name>
         <load_address>0x506ea</load_address>
         <run_address>0x506ea</run_address>
         <size>0x5a4</size>
         <input_file_ref idref="fl-2d"/>
      </object_component>
      <object_component id="oc-e0">
         <name>.debug_info</name>
         <load_address>0x50c8e</load_address>
         <run_address>0x50c8e</run_address>
         <size>0xcd</size>
         <input_file_ref idref="fl-2e"/>
      </object_component>
      <object_component id="oc-e4">
         <name>.debug_info</name>
         <load_address>0x50d5b</load_address>
         <run_address>0x50d5b</run_address>
         <size>0x81f</size>
         <input_file_ref idref="fl-2f"/>
      </object_component>
      <object_component id="oc-e7">
         <name>.debug_info</name>
         <load_address>0x5157a</load_address>
         <run_address>0x5157a</run_address>
         <size>0x498</size>
         <input_file_ref idref="fl-30"/>
      </object_component>
      <object_component id="oc-ea">
         <name>.debug_info</name>
         <load_address>0x51a12</load_address>
         <run_address>0x51a12</run_address>
         <size>0x57e</size>
         <input_file_ref idref="fl-31"/>
      </object_component>
      <object_component id="oc-ee">
         <name>.debug_info</name>
         <load_address>0x51f90</load_address>
         <run_address>0x51f90</run_address>
         <size>0x7e8</size>
         <input_file_ref idref="fl-32"/>
      </object_component>
      <object_component id="oc-f2">
         <name>.debug_info</name>
         <load_address>0x52778</load_address>
         <run_address>0x52778</run_address>
         <size>0x4cf</size>
         <input_file_ref idref="fl-33"/>
      </object_component>
      <object_component id="oc-f6">
         <name>.debug_info</name>
         <load_address>0x52c47</load_address>
         <run_address>0x52c47</run_address>
         <size>0x534</size>
         <input_file_ref idref="fl-34"/>
      </object_component>
      <object_component id="oc-fa">
         <name>.debug_info</name>
         <load_address>0x5317b</load_address>
         <run_address>0x5317b</run_address>
         <size>0x549</size>
         <input_file_ref idref="fl-35"/>
      </object_component>
      <object_component id="oc-ff">
         <name>.debug_info</name>
         <load_address>0x536c4</load_address>
         <run_address>0x536c4</run_address>
         <size>0x6aa</size>
         <input_file_ref idref="fl-36"/>
      </object_component>
      <object_component id="oc-103">
         <name>.debug_info</name>
         <load_address>0x53d6e</load_address>
         <run_address>0x53d6e</run_address>
         <size>0x942</size>
         <input_file_ref idref="fl-37"/>
      </object_component>
      <object_component id="oc-108">
         <name>.debug_info</name>
         <load_address>0x546b0</load_address>
         <run_address>0x546b0</run_address>
         <size>0x53e</size>
         <input_file_ref idref="fl-38"/>
      </object_component>
      <object_component id="oc-10c">
         <name>.debug_info</name>
         <load_address>0x54bee</load_address>
         <run_address>0x54bee</run_address>
         <size>0x680</size>
         <input_file_ref idref="fl-39"/>
      </object_component>
      <object_component id="oc-110">
         <name>.debug_info</name>
         <load_address>0x5526e</load_address>
         <run_address>0x5526e</run_address>
         <size>0x7d4</size>
         <input_file_ref idref="fl-3a"/>
      </object_component>
      <object_component id="oc-115">
         <name>.debug_info</name>
         <load_address>0x55a42</load_address>
         <run_address>0x55a42</run_address>
         <size>0x144b</size>
         <input_file_ref idref="fl-3b"/>
      </object_component>
      <object_component id="oc-11a">
         <name>.debug_info</name>
         <load_address>0x56e8d</load_address>
         <run_address>0x56e8d</run_address>
         <size>0x5ad</size>
         <input_file_ref idref="fl-3c"/>
      </object_component>
      <object_component id="oc-11e">
         <name>.debug_info</name>
         <load_address>0x5743a</load_address>
         <run_address>0x5743a</run_address>
         <size>0x574</size>
         <input_file_ref idref="fl-3d"/>
      </object_component>
      <object_component id="oc-122">
         <name>.debug_info</name>
         <load_address>0x579ae</load_address>
         <run_address>0x579ae</run_address>
         <size>0xd1</size>
         <input_file_ref idref="fl-3e"/>
      </object_component>
      <object_component id="oc-126">
         <name>.debug_info</name>
         <load_address>0x57a7f</load_address>
         <run_address>0x57a7f</run_address>
         <size>0x55b</size>
         <input_file_ref idref="fl-3f"/>
      </object_component>
      <object_component id="oc-12a">
         <name>.debug_info</name>
         <load_address>0x57fda</load_address>
         <run_address>0x57fda</run_address>
         <size>0x4b7</size>
         <input_file_ref idref="fl-40"/>
      </object_component>
      <object_component id="oc-12e">
         <name>.debug_info</name>
         <load_address>0x58491</load_address>
         <run_address>0x58491</run_address>
         <size>0x4f2</size>
         <input_file_ref idref="fl-41"/>
      </object_component>
      <object_component id="oc-132">
         <name>.debug_info</name>
         <load_address>0x58983</load_address>
         <run_address>0x58983</run_address>
         <size>0x4de</size>
         <input_file_ref idref="fl-42"/>
      </object_component>
      <object_component id="oc-137">
         <name>.debug_info</name>
         <load_address>0x58e61</load_address>
         <run_address>0x58e61</run_address>
         <size>0xed4</size>
         <input_file_ref idref="fl-43"/>
      </object_component>
      <object_component id="oc-13b">
         <name>.debug_info</name>
         <load_address>0x59d35</load_address>
         <run_address>0x59d35</run_address>
         <size>0x744</size>
         <input_file_ref idref="fl-44"/>
      </object_component>
      <object_component id="oc-141">
         <name>.debug_info</name>
         <load_address>0x5a479</load_address>
         <run_address>0x5a479</run_address>
         <size>0x662</size>
         <input_file_ref idref="fl-45"/>
      </object_component>
      <object_component id="oc-145">
         <name>.debug_info</name>
         <load_address>0x5aadb</load_address>
         <run_address>0x5aadb</run_address>
         <size>0x5ab</size>
         <input_file_ref idref="fl-46"/>
      </object_component>
      <object_component id="oc-149">
         <name>.debug_info</name>
         <load_address>0x5b086</load_address>
         <run_address>0x5b086</run_address>
         <size>0x4f2</size>
         <input_file_ref idref="fl-47"/>
      </object_component>
      <object_component id="oc-14d">
         <name>.debug_info</name>
         <load_address>0x5b578</load_address>
         <run_address>0x5b578</run_address>
         <size>0x706</size>
         <input_file_ref idref="fl-48"/>
      </object_component>
      <object_component id="oc-151">
         <name>.debug_info</name>
         <load_address>0x5bc7e</load_address>
         <run_address>0x5bc7e</run_address>
         <size>0x4d2</size>
         <input_file_ref idref="fl-49"/>
      </object_component>
      <object_component id="oc-155">
         <name>.debug_info</name>
         <load_address>0x5c150</load_address>
         <run_address>0x5c150</run_address>
         <size>0x5f7</size>
         <input_file_ref idref="fl-4a"/>
      </object_component>
      <object_component id="oc-159">
         <name>.debug_info</name>
         <load_address>0x5c747</load_address>
         <run_address>0x5c747</run_address>
         <size>0x64a</size>
         <input_file_ref idref="fl-4b"/>
      </object_component>
      <object_component id="oc-15e">
         <name>.debug_info</name>
         <load_address>0x5cd91</load_address>
         <run_address>0x5cd91</run_address>
         <size>0xa1c</size>
         <input_file_ref idref="fl-4c"/>
      </object_component>
      <object_component id="oc-164">
         <name>.debug_info</name>
         <load_address>0x5d7ad</load_address>
         <run_address>0x5d7ad</run_address>
         <size>0xb97</size>
         <input_file_ref idref="fl-4d"/>
      </object_component>
      <object_component id="oc-16a">
         <name>.debug_info</name>
         <load_address>0x5e344</load_address>
         <run_address>0x5e344</run_address>
         <size>0x64f</size>
         <input_file_ref idref="fl-4e"/>
      </object_component>
      <object_component id="oc-16e">
         <name>.debug_info</name>
         <load_address>0x5e993</load_address>
         <run_address>0x5e993</run_address>
         <size>0x510</size>
         <input_file_ref idref="fl-4f"/>
      </object_component>
      <object_component id="oc-19c">
         <name>.debug_info</name>
         <load_address>0x5eea3</load_address>
         <run_address>0x5eea3</run_address>
         <size>0x6e</size>
      </object_component>
      <object_component id="oc-17">
         <name>.debug_frame</name>
         <load_address>0x0</load_address>
         <run_address>0x0</run_address>
         <size>0xfa</size>
         <input_file_ref idref="fl-2"/>
      </object_component>
      <object_component id="oc-1c">
         <name>.debug_frame</name>
         <load_address>0xfa</load_address>
         <run_address>0xfa</run_address>
         <size>0x2be</size>
         <input_file_ref idref="fl-3"/>
      </object_component>
      <object_component id="oc-22">
         <name>.debug_frame</name>
         <load_address>0x3b8</load_address>
         <run_address>0x3b8</run_address>
         <size>0x223</size>
         <input_file_ref idref="fl-4"/>
      </object_component>
      <object_component id="oc-27">
         <name>.debug_frame</name>
         <load_address>0x5db</load_address>
         <run_address>0x5db</run_address>
         <size>0x15d</size>
         <input_file_ref idref="fl-5"/>
      </object_component>
      <object_component id="oc-2c">
         <name>.debug_frame</name>
         <load_address>0x738</load_address>
         <run_address>0x738</run_address>
         <size>0x1e6</size>
         <input_file_ref idref="fl-6"/>
      </object_component>
      <object_component id="oc-31">
         <name>.debug_frame</name>
         <load_address>0x91e</load_address>
         <run_address>0x91e</run_address>
         <size>0x224</size>
         <input_file_ref idref="fl-7"/>
      </object_component>
      <object_component id="oc-36">
         <name>.debug_frame</name>
         <load_address>0xb42</load_address>
         <run_address>0xb42</run_address>
         <size>0x190</size>
         <input_file_ref idref="fl-8"/>
      </object_component>
      <object_component id="oc-3c">
         <name>.debug_frame</name>
         <load_address>0xcd2</load_address>
         <run_address>0xcd2</run_address>
         <size>0x1ef</size>
         <input_file_ref idref="fl-9"/>
      </object_component>
      <object_component id="oc-43">
         <name>.debug_frame</name>
         <load_address>0xec1</load_address>
         <run_address>0xec1</run_address>
         <size>0x197</size>
         <input_file_ref idref="fl-a"/>
      </object_component>
      <object_component id="oc-49">
         <name>.debug_frame</name>
         <load_address>0x1058</load_address>
         <run_address>0x1058</run_address>
         <size>0x2a1</size>
         <input_file_ref idref="fl-b"/>
      </object_component>
      <object_component id="oc-52">
         <name>.debug_frame</name>
         <load_address>0x12f9</load_address>
         <run_address>0x12f9</run_address>
         <size>0x152</size>
         <input_file_ref idref="fl-d"/>
      </object_component>
      <object_component id="oc-57">
         <name>.debug_frame</name>
         <load_address>0x144b</load_address>
         <run_address>0x144b</run_address>
         <size>0x18a</size>
         <input_file_ref idref="fl-e"/>
      </object_component>
      <object_component id="oc-5c">
         <name>.debug_frame</name>
         <load_address>0x15d5</load_address>
         <run_address>0x15d5</run_address>
         <size>0x5d4</size>
         <input_file_ref idref="fl-f"/>
      </object_component>
      <object_component id="oc-63">
         <name>.debug_frame</name>
         <load_address>0x1ba9</load_address>
         <run_address>0x1ba9</run_address>
         <size>0x35e</size>
         <input_file_ref idref="fl-10"/>
      </object_component>
      <object_component id="oc-68">
         <name>.debug_frame</name>
         <load_address>0x1f07</load_address>
         <run_address>0x1f07</run_address>
         <size>0x502</size>
         <input_file_ref idref="fl-11"/>
      </object_component>
      <object_component id="oc-6d">
         <name>.debug_frame</name>
         <load_address>0x2409</load_address>
         <run_address>0x2409</run_address>
         <size>0x37b</size>
         <input_file_ref idref="fl-12"/>
      </object_component>
      <object_component id="oc-72">
         <name>.debug_frame</name>
         <load_address>0x2784</load_address>
         <run_address>0x2784</run_address>
         <size>0x175</size>
         <input_file_ref idref="fl-13"/>
      </object_component>
      <object_component id="oc-77">
         <name>.debug_frame</name>
         <load_address>0x28f9</load_address>
         <run_address>0x28f9</run_address>
         <size>0x308</size>
         <input_file_ref idref="fl-14"/>
      </object_component>
      <object_component id="oc-7c">
         <name>.debug_frame</name>
         <load_address>0x2c01</load_address>
         <run_address>0x2c01</run_address>
         <size>0x272</size>
         <input_file_ref idref="fl-15"/>
      </object_component>
      <object_component id="oc-81">
         <name>.debug_frame</name>
         <load_address>0x2e73</load_address>
         <run_address>0x2e73</run_address>
         <size>0x3dd</size>
         <input_file_ref idref="fl-16"/>
      </object_component>
      <object_component id="oc-87">
         <name>.debug_frame</name>
         <load_address>0x3250</load_address>
         <run_address>0x3250</run_address>
         <size>0x1ae</size>
         <input_file_ref idref="fl-17"/>
      </object_component>
      <object_component id="oc-8c">
         <name>.debug_frame</name>
         <load_address>0x33fe</load_address>
         <run_address>0x33fe</run_address>
         <size>0x30e</size>
         <input_file_ref idref="fl-18"/>
      </object_component>
      <object_component id="oc-92">
         <name>.debug_frame</name>
         <load_address>0x370c</load_address>
         <run_address>0x370c</run_address>
         <size>0x4c2</size>
         <input_file_ref idref="fl-19"/>
      </object_component>
      <object_component id="oc-97">
         <name>.debug_frame</name>
         <load_address>0x3bce</load_address>
         <run_address>0x3bce</run_address>
         <size>0x1ae</size>
         <input_file_ref idref="fl-1a"/>
      </object_component>
      <object_component id="oc-a1">
         <name>.debug_frame</name>
         <load_address>0x3d7c</load_address>
         <run_address>0x3d7c</run_address>
         <size>0x116</size>
         <input_file_ref idref="fl-20"/>
      </object_component>
      <object_component id="oc-18">
         <name>.debug_line</name>
         <load_address>0x0</load_address>
         <run_address>0x0</run_address>
         <size>0x57</size>
         <input_file_ref idref="fl-2"/>
      </object_component>
      <object_component id="oc-1d">
         <name>.debug_line</name>
         <load_address>0x57</load_address>
         <run_address>0x57</run_address>
         <size>0x7f3</size>
         <input_file_ref idref="fl-3"/>
      </object_component>
      <object_component id="oc-23">
         <name>.debug_line</name>
         <load_address>0x84a</load_address>
         <run_address>0x84a</run_address>
         <size>0x633</size>
         <input_file_ref idref="fl-4"/>
      </object_component>
      <object_component id="oc-28">
         <name>.debug_line</name>
         <load_address>0xe7d</load_address>
         <run_address>0xe7d</run_address>
         <size>0x485</size>
         <input_file_ref idref="fl-5"/>
      </object_component>
      <object_component id="oc-2d">
         <name>.debug_line</name>
         <load_address>0x1302</load_address>
         <run_address>0x1302</run_address>
         <size>0xa8d</size>
         <input_file_ref idref="fl-6"/>
      </object_component>
      <object_component id="oc-32">
         <name>.debug_line</name>
         <load_address>0x1d8f</load_address>
         <run_address>0x1d8f</run_address>
         <size>0x27e</size>
         <input_file_ref idref="fl-7"/>
      </object_component>
      <object_component id="oc-37">
         <name>.debug_line</name>
         <load_address>0x200d</load_address>
         <run_address>0x200d</run_address>
         <size>0x1c0</size>
         <input_file_ref idref="fl-8"/>
      </object_component>
      <object_component id="oc-3d">
         <name>.debug_line</name>
         <load_address>0x21cd</load_address>
         <run_address>0x21cd</run_address>
         <size>0x424</size>
         <input_file_ref idref="fl-9"/>
      </object_component>
      <object_component id="oc-44">
         <name>.debug_line</name>
         <load_address>0x25f1</load_address>
         <run_address>0x25f1</run_address>
         <size>0x3f5</size>
         <input_file_ref idref="fl-a"/>
      </object_component>
      <object_component id="oc-4a">
         <name>.debug_line</name>
         <load_address>0x29e6</load_address>
         <run_address>0x29e6</run_address>
         <size>0x2cd</size>
         <input_file_ref idref="fl-b"/>
      </object_component>
      <object_component id="oc-4e">
         <name>.debug_line</name>
         <load_address>0x2cb3</load_address>
         <run_address>0x2cb3</run_address>
         <size>0x7f</size>
         <input_file_ref idref="fl-c"/>
      </object_component>
      <object_component id="oc-53">
         <name>.debug_line</name>
         <load_address>0x2d32</load_address>
         <run_address>0x2d32</run_address>
         <size>0x1c1</size>
         <input_file_ref idref="fl-d"/>
      </object_component>
      <object_component id="oc-58">
         <name>.debug_line</name>
         <load_address>0x2ef3</load_address>
         <run_address>0x2ef3</run_address>
         <size>0x239</size>
         <input_file_ref idref="fl-e"/>
      </object_component>
      <object_component id="oc-5d">
         <name>.debug_line</name>
         <load_address>0x312c</load_address>
         <run_address>0x312c</run_address>
         <size>0x1a66</size>
         <input_file_ref idref="fl-f"/>
      </object_component>
      <object_component id="oc-64">
         <name>.debug_line</name>
         <load_address>0x4b92</load_address>
         <run_address>0x4b92</run_address>
         <size>0x57e</size>
         <input_file_ref idref="fl-10"/>
      </object_component>
      <object_component id="oc-69">
         <name>.debug_line</name>
         <load_address>0x5110</load_address>
         <run_address>0x5110</run_address>
         <size>0x128f</size>
         <input_file_ref idref="fl-11"/>
      </object_component>
      <object_component id="oc-6e">
         <name>.debug_line</name>
         <load_address>0x639f</load_address>
         <run_address>0x639f</run_address>
         <size>0x8c2</size>
         <input_file_ref idref="fl-12"/>
      </object_component>
      <object_component id="oc-73">
         <name>.debug_line</name>
         <load_address>0x6c61</load_address>
         <run_address>0x6c61</run_address>
         <size>0x1b3</size>
         <input_file_ref idref="fl-13"/>
      </object_component>
      <object_component id="oc-78">
         <name>.debug_line</name>
         <load_address>0x6e14</load_address>
         <run_address>0x6e14</run_address>
         <size>0x5b3</size>
         <input_file_ref idref="fl-14"/>
      </object_component>
      <object_component id="oc-7d">
         <name>.debug_line</name>
         <load_address>0x73c7</load_address>
         <run_address>0x73c7</run_address>
         <size>0x402</size>
         <input_file_ref idref="fl-15"/>
      </object_component>
      <object_component id="oc-82">
         <name>.debug_line</name>
         <load_address>0x77c9</load_address>
         <run_address>0x77c9</run_address>
         <size>0x1070</size>
         <input_file_ref idref="fl-16"/>
      </object_component>
      <object_component id="oc-88">
         <name>.debug_line</name>
         <load_address>0x8839</load_address>
         <run_address>0x8839</run_address>
         <size>0x2f5</size>
         <input_file_ref idref="fl-17"/>
      </object_component>
      <object_component id="oc-8d">
         <name>.debug_line</name>
         <load_address>0x8b2e</load_address>
         <run_address>0x8b2e</run_address>
         <size>0x7d0</size>
         <input_file_ref idref="fl-18"/>
      </object_component>
      <object_component id="oc-93">
         <name>.debug_line</name>
         <load_address>0x92fe</load_address>
         <run_address>0x92fe</run_address>
         <size>0x111b</size>
         <input_file_ref idref="fl-19"/>
      </object_component>
      <object_component id="oc-98">
         <name>.debug_line</name>
         <load_address>0xa419</load_address>
         <run_address>0xa419</run_address>
         <size>0x182</size>
         <input_file_ref idref="fl-1a"/>
      </object_component>
      <object_component id="oc-9d">
         <name>.debug_line</name>
         <load_address>0xa59b</load_address>
         <run_address>0xa59b</run_address>
         <size>0x7c</size>
         <input_file_ref idref="fl-1b"/>
      </object_component>
      <object_component id="oc-a2">
         <name>.debug_line</name>
         <load_address>0xa617</load_address>
         <run_address>0xa617</run_address>
         <size>0x59c</size>
         <input_file_ref idref="fl-20"/>
      </object_component>
      <object_component id="oc-a6">
[...]
      <symbol id="sm-11e1">
         <name>_USB_issueRemoteWakeup</name>
         <value>0x2b1a7</value>
         <object_component_ref idref="oc-8f"/>
      </symbol>
      <symbol id="sm-11e2">
         <name>_USB_getSetupPacket</name>
         <value>0x2a6d4</value>
         <object_component_ref idref="oc-8f"/>
      </symbol>
      <symbol id="sm-1207">
         <name>_WDTIM_start</name>
         <value>0x3a2ba</value>
         <object_component_ref idref="oc-95"/>
      </symbol>
      <symbol id="sm-1208">
         <name>_WDTIM_getConfig</name>
         <value>0x3a456</value>
         <object_component_ref idref="oc-95"/>
      </symbol>
      <symbol id="sm-1209">
         <name>_WDTIM_open</name>
         <value>0x3a244</value>
         <object_component_ref idref="oc-95"/>
      </symbol>
      <symbol id="sm-120a">
         <name>_WDTIM_service</name>
         <value>0x3a3b9</value>
         <object_component_ref idref="oc-95"/>
      </symbol>
      <symbol id="sm-120b">
         <name>_WDTIM_getCnt</name>
         <value>0x3a347</value>
         <object_component_ref idref="oc-95"/>
      </symbol>
      <symbol id="sm-120c">
         <name>_WDTIM_config</name>
         <value>0x3a3ec</value>
         <object_component_ref idref="oc-95"/>
      </symbol>
      <symbol id="sm-120d">
         <name>_WDTIM_close</name>
         <value>0x3a375</value>
         <object_component_ref idref="oc-95"/>
      </symbol>
      <symbol id="sm-120e">
         <name>_WDTIM_stop</name>
         <value>0x3a302</value>
         <object_component_ref idref="oc-95"/>
      </symbol>
      <symbol id="sm-1258">
         <name>_VECSTART</name>
         <value>0x4ff00</value>
         <object_component_ref idref="oc-9b"/>
      </symbol>
      <symbol id="sm-1259">
         <name>RST</name>
         <value>0x4ff00</value>
         <object_component_ref idref="oc-9b"/>
      </symbol>
      <symbol id="sm-1267">
         <name>_EZDSP5535_waitusec</name>
         <value>0x3b5a3</value>
         <object_component_ref idref="oc-9f"/>
      </symbol>
      <symbol id="sm-1268">
         <name>_EZDSP5535_init</name>
         <value>0x3b5b5</value>
         <object_component_ref idref="oc-9f"/>
      </symbol>
      <symbol id="sm-1269">
         <name>_EZDSP5535_wait</name>
         <value>0x3b56f</value>
         <object_component_ref idref="oc-9f"/>
      </symbol>
      <symbol id="sm-1275">
         <name>__sysstack</name>
         <value>0x20c0</value>
         <object_component_ref idref="oc-171"/>
      </symbol>
      <symbol id="sm-1276">
         <name>_c_int00</name>
         <value>0x3b7bb</value>
         <object_component_ref idref="oc-10"/>
      </symbol>
      <symbol id="sm-1277">
         <name>__stack</name>
         <value>0xc0</value>
         <object_component_ref idref="oc-a4"/>
      </symbol>
      <symbol id="sm-1282">
         <name>__divul</name>
         <value>0x3af78</value>
         <object_component_ref idref="oc-a8"/>
      </symbol>
      <symbol id="sm-1292">
         <name>C$$EXIT</name>
         <value>0x3b901</value>
         <object_component_ref idref="oc-b0"/>
      </symbol>
      <symbol id="sm-1293">
         <name>_exit</name>
         <value>0x3b77d</value>
         <object_component_ref idref="oc-ac"/>
      </symbol>
      <symbol id="sm-1294">
         <name>_abort</name>
         <value>0x3b900</value>
         <object_component_ref idref="oc-b0"/>
      </symbol>
      <symbol id="sm-1295">
         <name>__cleanup_ptr</name>
         <value>0x64a4</value>
         <object_component_ref idref="oc-ad"/>
      </symbol>
      <symbol id="sm-1296">
         <name>__dtors_ptr</name>
         <value>0x64a8</value>
         <object_component_ref idref="oc-ad"/>
      </symbol>
      <symbol id="sm-129e">
         <name>__mpyli</name>
         <value>0x3b8b0</value>
         <object_component_ref idref="oc-b3"/>
      </symbol>
      <symbol id="sm-129f">
         <name>I$$LMPY</name>
         <value>0x3b8b0</value>
         <object_component_ref idref="oc-b3"/>
      </symbol>
      <symbol id="sm-12a9">
         <name>_printf</name>
         <value>0x3b5c3</value>
         <object_component_ref idref="oc-b7"/>
      </symbol>
      <symbol id="sm-12b4">
         <name>__remul</name>
         <value>0x3b286</value>
         <object_component_ref idref="oc-bb"/>
      </symbol>
      <symbol id="sm-12be">
         <name>_strlen</name>
         <value>0x3b8d5</value>
         <object_component_ref idref="oc-bf"/>
      </symbol>
      <symbol id="sm-12c6">
         <name>__remu</name>
         <value>0x3b82e</value>
         <object_component_ref idref="oc-c3"/>
      </symbol>
      <symbol id="sm-12c7">
         <name>__divu</name>
         <value>0x3b819</value>
         <object_component_ref idref="oc-c3"/>
      </symbol>
      <symbol id="sm-12c8">
         <name>I$$UMOD</name>
         <value>0x3b82e</value>
         <object_component_ref idref="oc-c3"/>
      </symbol>
      <symbol id="sm-12c9">
         <name>I$$UDIV</name>
         <value>0x3b819</value>
         <object_component_ref idref="oc-c3"/>
      </symbol>
      <symbol id="sm-12d3">
         <name>_Reset</name>
         <value>0x4fe00</value>
         <object_component_ref idref="oc-11"/>
      </symbol>
      <symbol id="sm-12e1">
         <name>__unlock</name>
         <value>0x64a0</value>
         <object_component_ref idref="oc-cc"/>
      </symbol>
      <symbol id="sm-12e2">
         <name>__lock</name>
         <value>0x649c</value>
         <object_component_ref idref="oc-cc"/>
      </symbol>
      <symbol id="sm-12e3">
         <name>__register_lock</name>
         <value>0x3b8cb</value>
         <object_component_ref idref="oc-cb"/>
      </symbol>
      <symbol id="sm-12e4">
         <name>__nop</name>
         <value>0x3b8d3</value>
         <object_component_ref idref="oc-cb"/>
      </symbol>
      <symbol id="sm-12e5">
         <name>__register_unlock</name>
         <value>0x3b8c3</value>
         <object_component_ref idref="oc-cb"/>
      </symbol>
      <symbol id="sm-12f7">
         <name>__printfi</name>
         <value>0x2e6c5</value>
         <object_component_ref idref="oc-d1"/>
      </symbol>
      <symbol id="sm-1301">
         <name>__args_main</name>
         <value>0x3b660</value>
         <object_component_ref idref="oc-d7"/>
      </symbol>
      <symbol id="sm-1302">
         <name>__TI_args_main</name>
         <value>0x1</value>
      </symbol>
      <symbol id="sm-130c">
         <name>_atoi</name>
         <value>0x3b513</value>
         <object_component_ref idref="oc-db"/>
      </symbol>
      <symbol id="sm-1314">
         <name>_auto_init</name>
         <value>0x3b613</value>
         <object_component_ref idref="oc-df"/>
      </symbol>
      <symbol id="sm-131e">
         <name>__eqld</name>
         <value>0x3a858</value>
         <object_component_ref idref="oc-e3"/>
      </symbol>
      <symbol id="sm-131f">
         <name>__cmpd</name>
         <value>0x3a88c</value>
         <object_component_ref idref="oc-e3"/>
      </symbol>
      <symbol id="sm-1320">
         <name>__neqd</name>
         <value>0x3a6fa</value>
         <object_component_ref idref="oc-e3"/>
      </symbol>
      <symbol id="sm-1321">
         <name>__gtrd</name>
         <value>0x3a7c3</value>
         <object_component_ref idref="oc-e3"/>
      </symbol>
      <symbol id="sm-1322">
         <name>__geqd</name>
         <value>0x3a80e</value>
         <object_component_ref idref="oc-e3"/>
      </symbol>
      <symbol id="sm-1323">
         <name>__leqd</name>
         <value>0x3a776</value>
         <object_component_ref idref="oc-e3"/>
      </symbol>
      <symbol id="sm-1324">
         <name>__lssd</name>
         <value>0x3a72e</value>
         <object_component_ref idref="oc-e3"/>
      </symbol>
      <symbol id="sm-132c">
         <name>__ctypes_</name>
         <value>0x64b4</value>
         <object_component_ref idref="oc-179"/>
      </symbol>
      <symbol id="sm-1336">
         <name>__tmpnams</name>
         <value>0x5f48</value>
         <object_component_ref idref="oc-e9"/>
      </symbol>
      <symbol id="sm-1337">
         <name>__ft_end</name>
         <value>0x6088</value>
         <object_component_ref idref="oc-e9"/>
      </symbol>
      <symbol id="sm-1338">
         <name>__ftable</name>
         <value>0x5e58</value>
         <object_component_ref idref="oc-e9"/>
      </symbol>
      <symbol id="sm-1344">
         <name>__divd</name>
         <value>0x390ca</value>
         <object_component_ref idref="oc-ed"/>
      </symbol>
      <symbol id="sm-134e">
         <name>__fixdi</name>
         <value>0x3b7ef</value>
         <object_component_ref idref="oc-f1"/>
      </symbol>
      <symbol id="sm-1358">
         <name>__fixdli</name>
         <value>0x3b2f8</value>
         <object_component_ref idref="oc-f5"/>
      </symbol>
      <symbol id="sm-1364">
         <name>__fltlid</name>
         <value>0x3b4ac</value>
         <object_component_ref idref="oc-f9"/>
      </symbol>
      <symbol id="sm-136e">
         <name>_putchar</name>
         <value>0x3af69</value>
         <object_component_ref idref="oc-fe"/>
      </symbol>
      <symbol id="sm-136f">
         <name>_putc</name>
         <value>0x3aed2</value>
         <object_component_ref idref="oc-fe"/>
      </symbol>
      <symbol id="sm-1370">
         <name>_fputc</name>
         <value>0x3aed2</value>
         <object_component_ref idref="oc-fe"/>
      </symbol>
      <symbol id="sm-137e">
         <name>_puts</name>
         <value>0x3aa19</value>
         <object_component_ref idref="oc-102"/>
      </symbol>
      <symbol id="sm-137f">
         <name>_fputs</name>
         <value>0x3a8e4</value>
         <object_component_ref idref="oc-102"/>
      </symbol>
      <symbol id="sm-1389">
         <name>__frcmpyd_div</name>
         <value>0x3b213</value>
         <object_component_ref idref="oc-107"/>
      </symbol>
      <symbol id="sm-1393">
         <name>___isinf</name>
         <value>0x3b882</value>
         <object_component_ref idref="oc-10b"/>
      </symbol>
      <symbol id="sm-139d">
         <name>__divull</name>
         <value>0x3a11b</value>
         <object_component_ref idref="oc-10f"/>
      </symbol>
      <symbol id="sm-139e">
         <name>__mpylli</name>
         <value>0x3a063</value>
         <object_component_ref idref="oc-10f"/>
      </symbol>
      <symbol id="sm-139f">
         <name>__remlli</name>
         <value>0x3a034</value>
         <object_component_ref idref="oc-10f"/>
      </symbol>
      <symbol id="sm-13a0">
         <name>__divlli</name>
         <value>0x3a20f</value>
         <object_component_ref idref="oc-10f"/>
      </symbol>
      <symbol id="sm-13a1">
         <name>__remull</name>
         <value>0x39fe6</value>
         <object_component_ref idref="oc-10f"/>
      </symbol>
      <symbol id="sm-13b3">
         <name>_add_device</name>
         <value>0x380de</value>
         <object_component_ref idref="oc-113"/>
      </symbol>
      <symbol id="sm-13b4">
         <name>_rename</name>
         <value>0x37e00</value>
         <object_component_ref idref="oc-113"/>
      </symbol>
      <symbol id="sm-13b5">
         <name>_read</name>
         <value>0x37e8f</value>
         <object_component_ref idref="oc-113"/>
      </symbol>
      <symbol id="sm-13b6">
         <name>_unlink</name>
         <value>0x37dcd</value>
         <object_component_ref idref="oc-113"/>
      </symbol>
      <symbol id="sm-13b7">
         <name>_remove_device</name>
         <value>0x37e59</value>
         <object_component_ref idref="oc-113"/>
      </symbol>
      <symbol id="sm-13b8">
         <name>_open</name>
         <value>0x37f3d</value>
         <object_component_ref idref="oc-113"/>
      </symbol>
      <symbol id="sm-13b9">
         <name>_find_registered_device</name>
         <value>0x38062</value>
         <object_component_ref idref="oc-113"/>
      </symbol>
      <symbol id="sm-13ba">
         <name>_lseek</name>
         <value>0x37ffc</value>
         <object_component_ref idref="oc-113"/>
      </symbol>
      <symbol id="sm-13bb">
         <name>_close</name>
         <value>0x3806b</value>
         <object_component_ref idref="oc-113"/>
      </symbol>
      <symbol id="sm-13bc">
         <name>_write</name>
         <value>0x37c8b</value>
         <object_component_ref idref="oc-113"/>
      </symbol>
      <symbol id="sm-13c6">
         <name>_ltoa</name>
         <value>0x3b0a5</value>
         <object_component_ref idref="oc-119"/>
      </symbol>
      <symbol id="sm-13d1">
         <name>_memccpy</name>
         <value>0x3b843</value>
         <object_component_ref idref="oc-11d"/>
      </symbol>
      <symbol id="sm-13d9">
         <name>_memcpy</name>
         <value>0x3b73e</value>
         <object_component_ref idref="oc-121"/>
      </symbol>
      <symbol id="sm-13e3">
         <name>__mpyd</name>
         <value>0x3aa47</value>
         <object_component_ref idref="oc-125"/>
      </symbol>
      <symbol id="sm-13ed">
         <name>__negd</name>
         <value>0x3b8e6</value>
         <object_component_ref idref="oc-129"/>
      </symbol>
      <symbol id="sm-13f7">
         <name>__remli</name>
         <value>0x3b6ab</value>
         <object_component_ref idref="oc-12d"/>
      </symbol>
      <symbol id="sm-1401">
         <name>__subd</name>
         <value>0x3b89c</value>
         <object_component_ref idref="oc-131"/>
      </symbol>
      <symbol id="sm-140d">
         <name>_HOSTopen</name>
         <value>0x384d9</value>
         <object_component_ref idref="oc-135"/>
      </symbol>
      <symbol id="sm-140e">
         <name>_HOSTread</name>
         <value>0x3844c</value>
         <object_component_ref idref="oc-135"/>
      </symbol>
      <symbol id="sm-140f">
         <name>_HOSTtime</name>
         <value>0x38340</value>
         <object_component_ref idref="oc-135"/>
      </symbol>
      <symbol id="sm-1410">
         <name>_getenv</name>
         <value>0x381ce</value>
         <object_component_ref idref="oc-135"/>
      </symbol>
      <symbol id="sm-1411">
         <name>_HOSTrename</name>
         <value>0x3839e</value>
         <object_component_ref idref="oc-135"/>
      </symbol>
      <symbol id="sm-1412">
         <name>_HOSTclock</name>
         <value>0x38698</value>
         <object_component_ref idref="oc-135"/>
      </symbol>
      <symbol id="sm-1413">
         <name>_HOSTwrite</name>
         <value>0x38249</value>
         <object_component_ref idref="oc-135"/>
      </symbol>
      <symbol id="sm-1414">
         <name>_HOSTlseek</name>
         <value>0x38578</value>
         <object_component_ref idref="oc-135"/>
      </symbol>
      <symbol id="sm-1415">
         <name>_HOSTunlink</name>
         <value>0x382d6</value>
         <object_component_ref idref="oc-135"/>
      </symbol>
      <symbol id="sm-1416">
         <name>_HOSTclose</name>
         <value>0x3862d</value>
         <object_component_ref idref="oc-135"/>
      </symbol>
      <symbol id="sm-1428">
         <name>C$$IO$$</name>
         <value>0x3aecd</value>
         <object_component_ref idref="oc-13d"/>
      </symbol>
      <symbol id="sm-1429">
         <name>__CIOBUF_</name>
         <value>0x40000</value>
         <object_component_ref idref="oc-13c"/>
      </symbol>
      <symbol id="sm-142a">
         <name>_readmsg</name>
         <value>0x3b367</value>
         <object_component_ref idref="oc-13a"/>
      </symbol>
      <symbol id="sm-142b">
         <name>_writemsg</name>
         <value>0x3ae18</value>
         <object_component_ref idref="oc-13d"/>
      </symbol>
      <symbol id="sm-1435">
         <name>__rd_ok</name>
         <value>0x3acf9</value>
         <object_component_ref idref="oc-140"/>
      </symbol>
      <symbol id="sm-1436">
         <name>__wrt_ok</name>
         <value>0x3ac79</value>
         <object_component_ref idref="oc-140"/>
      </symbol>
      <symbol id="sm-1440">
         <name>__addd</name>
         <value>0x3a4a0</value>
         <object_component_ref idref="oc-144"/>
      </symbol>
      <symbol id="sm-144a">
         <name>__divli</name>
         <value>0x3b6f6</value>
         <object_component_ref idref="oc-148"/>
      </symbol>
      <symbol id="sm-1454">
         <name>__doflush</name>
         <value>0x3ad56</value>
         <object_component_ref idref="oc-14c"/>
      </symbol>
      <symbol id="sm-1455">
         <name>_fflush</name>
         <value>0x3adbf</value>
         <object_component_ref idref="oc-14c"/>
      </symbol>
      <symbol id="sm-145f">
         <name>__frcmpyd</name>
         <value>0x3b19d</value>
         <object_component_ref idref="oc-150"/>
      </symbol>
      <symbol id="sm-1469">
         <name>_fseek</name>
         <value>0x3b441</value>
         <object_component_ref idref="oc-154"/>
      </symbol>
      <symbol id="sm-1473">
         <name>_setvbuf</name>
         <value>0x3ab93</value>
         <object_component_ref idref="oc-158"/>
      </symbol>
      <symbol id="sm-1482">
         <name>__cleanup</name>
         <value>0x39e88</value>
         <object_component_ref idref="oc-15c"/>
      </symbol>
      <symbol id="sm-1483">
         <name>_fopen</name>
         <value>0x39fab</value>
         <object_component_ref idref="oc-15c"/>
      </symbol>
      <symbol id="sm-1484">
         <name>_freopen</name>
         <value>0x39ee2</value>
         <object_component_ref idref="oc-15c"/>
      </symbol>
      <symbol id="sm-1494">
         <name>__sys_memory</name>
         <value>0x30c0</value>
         <object_component_ref idref="oc-166"/>
      </symbol>
      <symbol id="sm-1495">
         <name>_chkheap</name>
         <value>0x3909c</value>
         <object_component_ref idref="oc-162"/>
      </symbol>
      <symbol id="sm-1496">
         <name>_realloc</name>
         <value>0x38e3b</value>
         <object_component_ref idref="oc-162"/>
      </symbol>
      <symbol id="sm-1497">
         <name>_free_memory</name>
         <value>0x39046</value>
         <object_component_ref idref="oc-162"/>
      </symbol>
      <symbol id="sm-1498">
         <name>_max_free</name>
         <value>0x38fec</value>
         <object_component_ref idref="oc-162"/>
      </symbol>
      <symbol id="sm-1499">
         <name>_free</name>
         <value>0x38c15</value>
         <object_component_ref idref="oc-162"/>
      </symbol>
      <symbol id="sm-149a">
         <name>_calloc</name>
         <value>0x390a4</value>
         <object_component_ref idref="oc-162"/>
      </symbol>
      <symbol id="sm-149b">
         <name>_malloc</name>
         <value>0x38d46</value>
         <object_component_ref idref="oc-162"/>
      </symbol>
      <symbol id="sm-149c">
         <name>_minit</name>
         <value>0x38ce1</value>
         <object_component_ref idref="oc-162"/>
      </symbol>
      <symbol id="sm-14a6">
         <name>_fclose</name>
         <value>0x3b122</value>
         <object_component_ref idref="oc-169"/>
      </symbol>
      <symbol id="sm-14b0">
         <name>_remove</name>
         <value>0x3b8f6</value>
         <object_component_ref idref="oc-16d"/>
      </symbol>
   </symbol_table>
</link_info>
